01:27:14 - ERR - getRecords - (SyntaxError('error de sintaxis en o cerca de «%»\nLINE 4:                 WHERE (sender_id = %s AND receiver_id = %s)\n                                           ^\n'),)
01:27:14 - ERR - getRecords - (SyntaxError('error de sintaxis en o cerca de «%»\nLINE 4:                 WHERE (sender_id = %s AND receiver_id = %s)\n                                           ^\n'),)
01:51:27 - ERR - getRecords - (SyntaxError('error de sintaxis en o cerca de «%»\nLINE 4:                 WHERE (sender_id = %s AND receiver_id = %s)\n                                           ^\n'),)
01:51:27 - ERR - getRecords - (SyntaxError('error de sintaxis en o cerca de «%»\nLINE 4:                 WHERE (sender_id = %s AND receiver_id = %s)\n                                           ^\n'),)
01:51:46 - ERR - getRecords - (SyntaxError('error de sintaxis en o cerca de «%»\nLINE 4:                 WHERE (sender_id = %s AND receiver_id = %s)\n                                           ^\n'),)
01:51:47 - ERR - getRecords - (SyntaxError('error de sintaxis en o cerca de «%»\nLINE 4:                 WHERE (sender_id = %s AND receiver_id = %s)\n                                           ^\n'),)
01:52:54 - ERR - getRecords - (SyntaxError('error de sintaxis en o cerca de «%»\nLINE 4:                 WHERE (sender_id = %s AND receiver_id = %s)\n                                           ^\n'),)
01:52:55 - ERR - getRecords - (SyntaxError('error de sintaxis en o cerca de «%»\nLINE 4:                 WHERE (sender_id = %s AND receiver_id = %s)\n                                           ^\n'),)
01:52:57 - ERR - getRecords - (SyntaxError('error de sintaxis en o cerca de «%»\nLINE 4:                 WHERE (sender_id = %s AND receiver_id = %s)\n                                           ^\n'),)
01:52:57 - ERR - getRecords - (SyntaxError('error de sintaxis en o cerca de «%»\nLINE 4:                 WHERE (sender_id = %s AND receiver_id = %s)\n                                           ^\n'),)
01:59:36 - ERR - getRecords - (SyntaxError('error de sintaxis en o cerca de «%»\nLINE 4:                 WHERE (sender_id = %s AND receiver_id = %s)\n                                           ^\n'),)
01:59:37 - ERR - getRecords - (SyntaxError('error de sintaxis en o cerca de «%»\nLINE 4:                 WHERE (sender_id = %s AND receiver_id = %s)\n                                           ^\n'),)
01:59:41 - ERR - getRecords - (SyntaxError('error de sintaxis en o cerca de «%»\nLINE 4:                 WHERE (sender_id = %s AND receiver_id = %s)\n                                           ^\n'),)
01:59:41 - ERR - getRecords - (SyntaxError('error de sintaxis en o cerca de «%»\nLINE 4:                 WHERE (sender_id = %s AND receiver_id = %s)\n                                           ^\n'),)
02:10:31 - ERR - getRecords - (SyntaxError('error de sintaxis en o cerca de «%»\nLINE 4:                 WHERE (sender_id = %s AND receiver_id = %s)\n                                           ^\n'),)
02:10:31 - ERR - getRecords - (SyntaxError('error de sintaxis en o cerca de «%»\nLINE 4:                 WHERE (sender_id = %s AND receiver_id = %s)\n                                           ^\n'),)
02:10:36 - ERR - getRecords - (SyntaxError('error de sintaxis en o cerca de «%»\nLINE 4:                 WHERE (sender_id = %s AND receiver_id = %s)\n                                           ^\n'),)
02:10:36 - ERR - getRecords - (SyntaxError('error de sintaxis en o cerca de «%»\nLINE 4:                 WHERE (sender_id = %s AND receiver_id = %s)\n                                           ^\n'),)
02:10:42 - ERR - getRecords - (SyntaxError('error de sintaxis en o cerca de «%»\nLINE 4:                 WHERE (sender_id = %s AND receiver_id = %s)\n                                           ^\n'),)
02:10:42 - ERR - getRecords - (SyntaxError('error de sintaxis en o cerca de «%»\nLINE 4:                 WHERE (sender_id = %s AND receiver_id = %s)\n                                           ^\n'),)
08:55:51 - ERR - getRecords - (SyntaxError('error de sintaxis en o cerca de «%»\nLINE 4:                 WHERE (sender_id = %s AND receiver_id = %s)\n                                           ^\n'),)
13:42:12 - ERR - create_post - (TypeError("'int' object is not subscriptable"),)
13:53:51 - ERR - create_post - (TypeError("'int' object is not subscriptable"),)
14:43:36 - ERR - create_comment - (TypeError("'int' object is not subscriptable"),)
14:43:42 - ERR - create_comment - (TypeError("'int' object is not subscriptable"),)
14:47:45 - ERR - create_comment - (TypeError("'int' object is not subscriptable"),)
14:47:52 - ERR - create_comment - (TypeError("'int' object is not subscriptable"),)
14:50:13 - ERR - create_comment - (TypeError("'int' object is not subscriptable"),)
14:50:49 - ERR - create_comment - (TypeError("'int' object is not subscriptable"),)
14:54:22 - ERR - create_comment - (TypeError("'int' object is not subscriptable"),)
14:54:48 - ERR - create_comment - (TypeError("'int' object is not subscriptable"),)
15:09:02 - ERR - create_comment - (TypeError("'int' object is not subscriptable"),)
17:51:07 - ERR - create_comment - (TypeError("'int' object is not subscriptable"),)
18:01:27 - ERR - create_comment - (TypeError("'int' object is not subscriptable"),)
18:10:13 - ERR - get_comments_by_post - (AttributeError("'str' object has no attribute 'get'"),)
18:10:15 - ERR - get_comments_by_post - (AttributeError("'str' object has no attribute 'get'"),)
20:38:24 - ERR - get_comments_by_post - (AttributeError("'str' object has no attribute 'get'"),)
20:43:26 - ERR - get_comments_by_post - (TypeError("'NoneType' object is not iterable"),)
20:43:28 - ERR - get_comments_by_post - (TypeError("'NoneType' object is not iterable"),)
20:43:29 - ERR - get_comments_by_post - (TypeError("'NoneType' object is not iterable"),)
20:45:10 - ERR - create_comment - (TypeError("'int' object is not subscriptable"),)
20:45:21 - ERR - create_comment - (TypeError("'int' object is not subscriptable"),)
21:00:09 - ERR - get_comments_by_post - (AttributeError("'str' object has no attribute 'get'"),)
21:00:12 - ERR - get_comments_by_post - (AttributeError("'str' object has no attribute 'get'"),)
21:00:14 - ERR - get_comments_by_post - (AttributeError("'str' object has no attribute 'get'"),)
21:00:16 - ERR - get_comments_by_post - (AttributeError("'str' object has no attribute 'get'"),)
21:00:56 - ERR - get_comments_by_post - (AttributeError("'str' object has no attribute 'get'"),)
21:01:18 - ERR - get_comments_by_post - (AttributeError("'str' object has no attribute 'get'"),)
21:01:21 - ERR - get_comments_by_post - (AttributeError("'str' object has no attribute 'get'"),)
22:41:43 - ERR - getRecords - (SyntaxError('error de sintaxis en o cerca de «%»\nLINE 4:                 WHERE (sender_id = %s AND receiver_id = %s)\n                                           ^\n'),)
22:41:43 - ERR - getRecords - (SyntaxError('error de sintaxis en o cerca de «%»\nLINE 4:                 WHERE (sender_id = %s AND receiver_id = %s)\n                                           ^\n'),)
22:51:26 - ERR - getRecords - (SyntaxError('error de sintaxis en o cerca de «%»\nLINE 4:                 WHERE (sender_id = %s AND receiver_id = %s)\n                                           ^\n'),)
22:51:27 - ERR - getRecords - (SyntaxError('error de sintaxis en o cerca de «%»\nLINE 4:                 WHERE (sender_id = %s AND receiver_id = %s)\n                                           ^\n'),)
23:00:43 - ERR - getRecords - (SyntaxError('error de sintaxis en o cerca de «%»\nLINE 4:                 WHERE (sender_id = %s AND receiver_id = %s)\n                                           ^\n'),)
23:00:43 - ERR - getRecords - (SyntaxError('error de sintaxis en o cerca de «%»\nLINE 4:                 WHERE (sender_id = %s AND receiver_id = %s)\n                                           ^\n'),)
