08:50:05 - ERR - post - (<BadRequest '400: Bad Request'>,)
08:51:08 - ERR - post - (<BadRequest '400: Bad Request'>,)
08:59:21 - ERR - create_post - (TypeError("'int' object is not subscriptable"),)
09:01:23 - ERR - post - (FileNotFoundError(2, 'No such file or directory'),)
09:11:48 - ERR - ExecuteNonQuery - (StringDataRightTruncation('el valor es demasiado largo para el tipo character varying(255)\n'),)
09:12:32 - ERR - create_post - (TypeError("'int' object is not subscriptable"),)
12:43:34 - ERR - create_resource - (TypeError("'int' object is not subscriptable"),)
12:45:54 - ERR - create_resource - (TypeError("'int' object is not subscriptable"),)
13:17:24 - ERR - create_resource - (TypeError("'int' object is not subscriptable"),)
13:50:00 - ERR - getRecords - (TypeError("'list' object cannot be interpreted as an integer"),)
13:50:00 - ERR - getRecords - (TypeError("'list' object cannot be interpreted as an integer"),)
13:50:00 - ERR - getRecords - (TypeError("'list' object cannot be interpreted as an integer"),)
13:50:00 - ERR - getRecords - (TypeError("'list' object cannot be interpreted as an integer"),)
13:50:17 - ERR - getRecords - (TypeError("'list' object cannot be interpreted as an integer"),)
13:50:17 - ERR - getRecords - (SyntaxError('error de sintaxis en o cerca de «%»\nLINE 4:              WHERE (resource_title ILIKE %s OR resource_desc...\n                                                 ^\n'),)
13:50:17 - ERR - getRecords - (TypeError("'list' object cannot be interpreted as an integer"),)
13:50:17 - ERR - getRecords - (SyntaxError('error de sintaxis en o cerca de «%»\nLINE 4:              WHERE (resource_title ILIKE %s OR resource_desc...\n                                                 ^\n'),)
13:50:17 - ERR - getRecords - (TypeError("'list' object cannot be interpreted as an integer"),)
13:50:17 - ERR - getRecords - (SyntaxError('error de sintaxis en o cerca de «%»\nLINE 4:              WHERE (resource_title ILIKE %s OR resource_desc...\n                                                 ^\n'),)
13:50:18 - ERR - getRecords - (TypeError("'list' object cannot be interpreted as an integer"),)
13:50:18 - ERR - getRecords - (SyntaxError('error de sintaxis en o cerca de «%»\nLINE 4:              WHERE (resource_title ILIKE %s OR resource_desc...\n                                                 ^\n'),)
13:50:19 - ERR - getRecords - (SyntaxError('error de sintaxis en o cerca de «%»\nLINE 4:              WHERE (resource_title ILIKE %s OR resource_desc...\n                                                 ^\n'),)
13:52:21 - ERR - getRecords - (TypeError("'list' object cannot be interpreted as an integer"),)
13:52:21 - ERR - getRecords - (TypeError("'list' object cannot be interpreted as an integer"),)
13:52:21 - ERR - getRecords - (TypeError("'list' object cannot be interpreted as an integer"),)
13:52:21 - ERR - getRecords - (TypeError("'list' object cannot be interpreted as an integer"),)
13:52:36 - ERR - getRecords - (TypeError("'list' object cannot be interpreted as an integer"),)
13:52:36 - ERR - getRecords - (SyntaxError('error de sintaxis en o cerca de «%»\nLINE 4:              WHERE (resource_title ILIKE %s OR resource_desc...\n                                                 ^\n'),)
13:52:36 - ERR - getRecords - (TypeError("'list' object cannot be interpreted as an integer"),)
13:52:36 - ERR - getRecords - (SyntaxError('error de sintaxis en o cerca de «%»\nLINE 4:              WHERE (resource_title ILIKE %s OR resource_desc...\n                                                 ^\n'),)
13:52:37 - ERR - getRecords - (TypeError("'list' object cannot be interpreted as an integer"),)
13:52:37 - ERR - getRecords - (SyntaxError('error de sintaxis en o cerca de «%»\nLINE 4:              WHERE (resource_title ILIKE %s OR resource_desc...\n                                                 ^\n'),)
13:52:37 - ERR - getRecords - (SyntaxError('error de sintaxis en o cerca de «%»\nLINE 4:              WHERE (resource_title ILIKE %s OR resource_desc...\n                                                 ^\n'),)
13:52:37 - ERR - getRecords - (TypeError("'list' object cannot be interpreted as an integer"),)
13:52:38 - ERR - getRecords - (TypeError("'list' object cannot be interpreted as an integer"),)
13:52:38 - ERR - getRecords - (SyntaxError('error de sintaxis en o cerca de «%»\nLINE 4:              WHERE (resource_title ILIKE %s OR resource_desc...\n                                                 ^\n'),)
13:52:38 - ERR - getRecords - (TypeError("'list' object cannot be interpreted as an integer"),)
13:52:38 - ERR - getRecords - (SyntaxError('error de sintaxis en o cerca de «%»\nLINE 4:              WHERE (resource_title ILIKE %s OR resource_desc...\n                                                 ^\n'),)
13:52:41 - ERR - getRecords - (TypeError("'list' object cannot be interpreted as an integer"),)
13:52:41 - ERR - getRecords - (SyntaxError('error de sintaxis en o cerca de «%»\nLINE 4:              WHERE (resource_title ILIKE %s OR resource_desc...\n                                                 ^\n'),)
13:52:41 - ERR - getRecords - (SyntaxError('error de sintaxis en o cerca de «%»\nLINE 4:              WHERE (resource_title ILIKE %s OR resource_desc...\n                                                 ^\n'),)
13:52:41 - ERR - getRecords - (TypeError("'list' object cannot be interpreted as an integer"),)
13:53:12 - ERR - getRecords - (TypeError("'list' object cannot be interpreted as an integer"),)
13:53:12 - ERR - getRecords - (TypeError("'list' object cannot be interpreted as an integer"),)
13:53:12 - ERR - getRecords - (TypeError("'list' object cannot be interpreted as an integer"),)
13:53:12 - ERR - getRecords - (TypeError("'list' object cannot be interpreted as an integer"),)
13:53:22 - ERR - getRecords - (TypeError("'list' object cannot be interpreted as an integer"),)
13:53:22 - ERR - getRecords - (SyntaxError('error de sintaxis en o cerca de «%»\nLINE 4:              WHERE (resource_title ILIKE %s OR resource_desc...\n                                                 ^\n'),)
13:53:22 - ERR - getRecords - (SyntaxError('error de sintaxis en o cerca de «%»\nLINE 4:              WHERE (resource_title ILIKE %s OR resource_desc...\n                                                 ^\n'),)
13:53:22 - ERR - getRecords - (TypeError("'list' object cannot be interpreted as an integer"),)
13:53:22 - ERR - getRecords - (SyntaxError('error de sintaxis en o cerca de «%»\nLINE 4:              WHERE (resource_title ILIKE %s OR resource_desc...\n                                                 ^\n'),)
13:53:22 - ERR - getRecords - (TypeError("'list' object cannot be interpreted as an integer"),)
13:53:23 - ERR - getRecords - (SyntaxError('error de sintaxis en o cerca de «%»\nLINE 4:              WHERE (resource_title ILIKE %s OR resource_desc...\n                                                 ^\n'),)
13:53:23 - ERR - getRecords - (TypeError("'list' object cannot be interpreted as an integer"),)
13:53:23 - ERR - getRecords - (TypeError("'list' object cannot be interpreted as an integer"),)
13:53:23 - ERR - getRecords - (SyntaxError('error de sintaxis en o cerca de «%»\nLINE 4:              WHERE (resource_title ILIKE %s OR resource_desc...\n                                                 ^\n'),)
13:53:23 - ERR - getRecords - (TypeError("'list' object cannot be interpreted as an integer"),)
13:53:23 - ERR - getRecords - (SyntaxError('error de sintaxis en o cerca de «%»\nLINE 4:              WHERE (resource_title ILIKE %s OR resource_desc...\n                                                 ^\n'),)
13:53:23 - ERR - getRecords - (SyntaxError('error de sintaxis en o cerca de «%»\nLINE 4:              WHERE (resource_title ILIKE %s OR resource_desc...\n                                                 ^\n'),)
13:53:23 - ERR - getRecords - (TypeError("'list' object cannot be interpreted as an integer"),)
13:53:24 - ERR - getRecords - (TypeError("'list' object cannot be interpreted as an integer"),)
13:53:24 - ERR - getRecords - (SyntaxError('error de sintaxis en o cerca de «%»\nLINE 4:              WHERE (resource_title ILIKE %s OR resource_desc...\n                                                 ^\n'),)
13:53:24 - ERR - getRecords - (TypeError("'list' object cannot be interpreted as an integer"),)
13:53:24 - ERR - getRecords - (SyntaxError('error de sintaxis en o cerca de «%»\nLINE 4:              WHERE (resource_title ILIKE %s OR resource_desc...\n                                                 ^\n'),)
13:53:25 - ERR - getRecords - (TypeError("'list' object cannot be interpreted as an integer"),)
13:53:25 - ERR - getRecords - (SyntaxError('error de sintaxis en o cerca de «%»\nLINE 4:              WHERE (resource_title ILIKE %s OR resource_desc...\n                                                 ^\n'),)
13:53:25 - ERR - getRecords - (SyntaxError('error de sintaxis en o cerca de «%»\nLINE 4:              WHERE (resource_title ILIKE %s OR resource_desc...\n                                                 ^\n'),)
13:53:25 - ERR - getRecords - (SyntaxError('error de sintaxis en o cerca de «%»\nLINE 4:              WHERE (resource_title ILIKE %s OR resource_desc...\n                                                 ^\n'),)
13:53:25 - ERR - getRecords - (TypeError("'list' object cannot be interpreted as an integer"),)
13:53:25 - ERR - getRecords - (TypeError("'list' object cannot be interpreted as an integer"),)
13:53:25 - ERR - getRecords - (TypeError("'list' object cannot be interpreted as an integer"),)
13:53:25 - ERR - getRecords - (SyntaxError('error de sintaxis en o cerca de «%»\nLINE 4:              WHERE (resource_title ILIKE %s OR resource_desc...\n                                                 ^\n'),)
13:53:25 - ERR - getRecords - (SyntaxError('error de sintaxis en o cerca de «%»\nLINE 4:              WHERE (resource_title ILIKE %s OR resource_desc...\n                                                 ^\n'),)
13:53:25 - ERR - getRecords - (TypeError("'list' object cannot be interpreted as an integer"),)
13:53:26 - ERR - getRecords - (TypeError("'list' object cannot be interpreted as an integer"),)
13:53:26 - ERR - getRecords - (SyntaxError('error de sintaxis en o cerca de «%»\nLINE 4:              WHERE (resource_title ILIKE %s OR resource_desc...\n                                                 ^\n'),)
13:53:27 - ERR - getRecords - (SyntaxError('error de sintaxis en o cerca de «%»\nLINE 4:              WHERE (resource_title ILIKE %s OR resource_desc...\n                                                 ^\n'),)
13:53:29 - ERR - getRecords - (SyntaxError('error de sintaxis en o cerca de «%»\nLINE 4:              WHERE (resource_title ILIKE %s OR resource_desc...\n                                                 ^\n'),)
13:53:29 - ERR - getRecords - (TypeError("'list' object cannot be interpreted as an integer"),)
13:53:29 - ERR - getRecords - (TypeError("'list' object cannot be interpreted as an integer"),)
13:53:29 - ERR - getRecords - (SyntaxError('error de sintaxis en o cerca de «%»\nLINE 4:              WHERE (resource_title ILIKE %s OR resource_desc...\n                                                 ^\n'),)
13:53:30 - ERR - getRecords - (SyntaxError('error de sintaxis en o cerca de «%»\nLINE 4:              WHERE (resource_title ILIKE %s OR resource_desc...\n                                                 ^\n'),)
13:53:30 - ERR - getRecords - (SyntaxError('error de sintaxis en o cerca de «%»\nLINE 4:              WHERE (resource_title ILIKE %s OR resource_desc...\n                                                 ^\n'),)
14:07:25 - ERR - getRecords - (TypeError("'tuple' object cannot be interpreted as an integer"),)
14:07:25 - ERR - getRecords - (TypeError("'tuple' object cannot be interpreted as an integer"),)
14:07:35 - ERR - getRecords - (TypeError("'tuple' object cannot be interpreted as an integer"),)
14:07:35 - ERR - getRecords - (TypeError("'tuple' object cannot be interpreted as an integer"),)
14:07:43 - ERR - getRecords - (SyntaxError('error de sintaxis en o cerca de «%»\nLINE 4:              WHERE resource_academic_area ILIKE %s AND (reso...\n                                                        ^\n'),)
14:07:47 - ERR - getRecords - (SyntaxError('error de sintaxis en o cerca de «%»\nLINE 4:              WHERE resource_academic_area ILIKE %s ORDER BY ...\n                                                        ^\n'),)
14:07:48 - ERR - getRecords - (SyntaxError('error de sintaxis en o cerca de «%»\nLINE 4:              WHERE resource_academic_area ILIKE %s ORDER BY ...\n                                                        ^\n'),)
14:07:49 - ERR - getRecords - (SyntaxError('error de sintaxis en o cerca de «%»\nLINE 4:              WHERE resource_academic_area ILIKE %s ORDER BY ...\n                                                        ^\n'),)
14:07:49 - ERR - getRecords - (SyntaxError('error de sintaxis en o cerca de «%»\nLINE 4:              WHERE resource_academic_area ILIKE %s ORDER BY ...\n                                                        ^\n'),)
14:07:50 - ERR - getRecords - (SyntaxError('error de sintaxis en o cerca de «%»\nLINE 4:              WHERE resource_academic_area ILIKE %s ORDER BY ...\n                                                        ^\n'),)
14:07:50 - ERR - getRecords - (SyntaxError('error de sintaxis en o cerca de «%»\nLINE 4:              WHERE resource_academic_area ILIKE %s ORDER BY ...\n                                                        ^\n'),)
14:17:38 - ERR - getRecords - (SyntaxError('error de sintaxis en o cerca de «%»\nLINE 4:              WHERE resource_academic_area ILIKE %s ORDER BY ...\n                                                        ^\n'),)
14:17:47 - ERR - getRecords - (TypeError("'tuple' object cannot be interpreted as an integer"),)
14:17:47 - ERR - getRecords - (TypeError("'tuple' object cannot be interpreted as an integer"),)
14:17:57 - ERR - getRecords - (TypeError("'tuple' object cannot be interpreted as an integer"),)
14:17:57 - ERR - getRecords - (TypeError("'tuple' object cannot be interpreted as an integer"),)
14:18:06 - ERR - getRecords - (TypeError("'tuple' object cannot be interpreted as an integer"),)
14:18:06 - ERR - getRecords - (TypeError("'tuple' object cannot be interpreted as an integer"),)
14:18:08 - ERR - getRecords - (TypeError("'tuple' object cannot be interpreted as an integer"),)
14:18:08 - ERR - getRecords - (TypeError("'tuple' object cannot be interpreted as an integer"),)
14:18:09 - ERR - getRecords - (TypeError("'tuple' object cannot be interpreted as an integer"),)
14:18:09 - ERR - getRecords - (TypeError("'tuple' object cannot be interpreted as an integer"),)
14:18:10 - ERR - getRecords - (TypeError("'tuple' object cannot be interpreted as an integer"),)
14:18:11 - ERR - getRecords - (TypeError("'tuple' object cannot be interpreted as an integer"),)
14:18:13 - ERR - getRecords - (TypeError("'tuple' object cannot be interpreted as an integer"),)
14:18:13 - ERR - getRecords - (TypeError("'tuple' object cannot be interpreted as an integer"),)
14:19:43 - ERR - getRecords - (TypeError("'tuple' object cannot be interpreted as an integer"),)
14:19:43 - ERR - getRecords - (TypeError("'tuple' object cannot be interpreted as an integer"),)
14:20:00 - ERR - getRecords - (SyntaxError('error de sintaxis en o cerca de «%»\nLINE 4:              WHERE resource_academic_area ILIKE %s AND (reso...\n                                                        ^\n'),)
14:20:00 - ERR - getRecords - (SyntaxError('error de sintaxis en o cerca de «%»\nLINE 4:              WHERE resource_academic_area ILIKE %s AND (reso...\n                                                        ^\n'),)
14:20:00 - ERR - getRecords - (SyntaxError('error de sintaxis en o cerca de «%»\nLINE 4:              WHERE resource_academic_area ILIKE %s AND (reso...\n                                                        ^\n'),)
14:20:01 - ERR - getRecords - (SyntaxError('error de sintaxis en o cerca de «%»\nLINE 4:              WHERE resource_academic_area ILIKE %s AND (reso...\n                                                        ^\n'),)
14:20:01 - ERR - getRecords - (SyntaxError('error de sintaxis en o cerca de «%»\nLINE 4:              WHERE resource_academic_area ILIKE %s AND (reso...\n                                                        ^\n'),)
14:20:01 - ERR - getRecords - (SyntaxError('error de sintaxis en o cerca de «%»\nLINE 4:              WHERE resource_academic_area ILIKE %s AND (reso...\n                                                        ^\n'),)
14:20:01 - ERR - getRecords - (SyntaxError('error de sintaxis en o cerca de «%»\nLINE 4:              WHERE resource_academic_area ILIKE %s AND (reso...\n                                                        ^\n'),)
14:20:02 - ERR - getRecords - (SyntaxError('error de sintaxis en o cerca de «%»\nLINE 4:              WHERE resource_academic_area ILIKE %s AND (reso...\n                                                        ^\n'),)
14:20:02 - ERR - getRecords - (SyntaxError('error de sintaxis en o cerca de «%»\nLINE 4:              WHERE resource_academic_area ILIKE %s AND (reso...\n                                                        ^\n'),)
14:20:02 - ERR - getRecords - (SyntaxError('error de sintaxis en o cerca de «%»\nLINE 4:              WHERE resource_academic_area ILIKE %s AND (reso...\n                                                        ^\n'),)
14:21:31 - ERR - getRecords - (TypeError("'tuple' object cannot be interpreted as an integer"),)
14:21:31 - ERR - getRecords - (TypeError("'tuple' object cannot be interpreted as an integer"),)
14:21:34 - ERR - getRecords - (TypeError("'tuple' object cannot be interpreted as an integer"),)
14:21:34 - ERR - getRecords - (TypeError("'tuple' object cannot be interpreted as an integer"),)
14:22:05 - ERR - getRecords - (TypeError("'tuple' object cannot be interpreted as an integer"),)
14:22:05 - ERR - getRecords - (TypeError("'tuple' object cannot be interpreted as an integer"),)
17:39:14 - ERR - create_resource - (TypeError("'int' object is not subscriptable"),)
18:30:01 - ERR - token_validate - (InvalidSignatureError('Signature verification failed'),)
18:30:18 - ERR - token_validate - (InvalidSignatureError('Signature verification failed'),)
18:30:18 - ERR - token_validate - (InvalidSignatureError('Signature verification failed'),)
18:30:28 - ERR - token_validate - (InvalidSignatureError('Signature verification failed'),)
18:30:28 - ERR - token_validate - (InvalidSignatureError('Signature verification failed'),)
18:32:34 - ERR - token_validate - (InvalidSignatureError('Signature verification failed'),)
18:32:34 - ERR - token_validate - (InvalidSignatureError('Signature verification failed'),)
18:51:34 - ERR - create_resource - (TypeError("'int' object is not subscriptable"),)
18:51:47 - ERR - create_post - (TypeError("'int' object is not subscriptable"),)
21:34:15 - ERR - getRecords - (SyntaxError('error de sintaxis en o cerca de «%»\nLINE 4:                 WHERE (sender_id = %s AND receiver_id = %s)\n                                           ^\n'),)
21:34:15 - ERR - getRecords - (SyntaxError('error de sintaxis en o cerca de «%»\nLINE 4:                 WHERE (sender_id = %s AND receiver_id = %s)\n                                           ^\n'),)
21:34:19 - ERR - getRecords - (SyntaxError('error de sintaxis en o cerca de «%»\nLINE 4:                 WHERE (sender_id = %s AND receiver_id = %s)\n                                           ^\n'),)
21:34:19 - ERR - getRecords - (SyntaxError('error de sintaxis en o cerca de «%»\nLINE 4:                 WHERE (sender_id = %s AND receiver_id = %s)\n                                           ^\n'),)
21:34:23 - ERR - getRecords - (SyntaxError('error de sintaxis en o cerca de «%»\nLINE 4:                 WHERE (sender_id = %s AND receiver_id = %s)\n                                           ^\n'),)
21:34:23 - ERR - getRecords - (SyntaxError('error de sintaxis en o cerca de «%»\nLINE 4:                 WHERE (sender_id = %s AND receiver_id = %s)\n                                           ^\n'),)
21:34:27 - ERR - getRecords - (SyntaxError('error de sintaxis en o cerca de «%»\nLINE 4:                 WHERE (sender_id = %s AND receiver_id = %s)\n                                           ^\n'),)
21:34:27 - ERR - getRecords - (SyntaxError('error de sintaxis en o cerca de «%»\nLINE 4:                 WHERE (sender_id = %s AND receiver_id = %s)\n                                           ^\n'),)
21:34:37 - ERR - getRecords - (SyntaxError('error de sintaxis en o cerca de «%»\nLINE 4:                 WHERE (sender_id = %s AND receiver_id = %s)\n                                           ^\n'),)
21:34:37 - ERR - getRecords - (SyntaxError('error de sintaxis en o cerca de «%»\nLINE 4:                 WHERE (sender_id = %s AND receiver_id = %s)\n                                           ^\n'),)
21:34:58 - ERR - getRecords - (SyntaxError('error de sintaxis en o cerca de «%»\nLINE 4:                 WHERE (sender_id = %s AND receiver_id = %s)\n                                           ^\n'),)
21:34:58 - ERR - getRecords - (SyntaxError('error de sintaxis en o cerca de «%»\nLINE 4:                 WHERE (sender_id = %s AND receiver_id = %s)\n                                           ^\n'),)
21:40:15 - ERR - getRecords - (SyntaxError('error de sintaxis en o cerca de «%»\nLINE 4:                 WHERE (sender_id = %s AND receiver_id = %s)\n                                           ^\n'),)
21:42:38 - ERR - getRecords - (SyntaxError('error de sintaxis en o cerca de «%»\nLINE 4:                 WHERE (sender_id = %s AND receiver_id = %s)\n                                           ^\n'),)
21:42:38 - ERR - getRecords - (SyntaxError('error de sintaxis en o cerca de «%»\nLINE 4:                 WHERE (sender_id = %s AND receiver_id = %s)\n                                           ^\n'),)
21:47:33 - ERR - getRecords - (SyntaxError('error de sintaxis en o cerca de «%»\nLINE 4:                 WHERE (sender_id = %s AND receiver_id = %s)\n                                           ^\n'),)
21:47:33 - ERR - getRecords - (SyntaxError('error de sintaxis en o cerca de «%»\nLINE 4:                 WHERE (sender_id = %s AND receiver_id = %s)\n                                           ^\n'),)
21:58:57 - ERR - getRecords - (SyntaxError('error de sintaxis en o cerca de «%»\nLINE 4:                 WHERE (sender_id = %s AND receiver_id = %s)\n                                           ^\n'),)
21:59:18 - ERR - getRecords - (SyntaxError('error de sintaxis en o cerca de «%»\nLINE 4:                 WHERE (sender_id = %s AND receiver_id = %s)\n                                           ^\n'),)
21:59:18 - ERR - getRecords - (SyntaxError('error de sintaxis en o cerca de «%»\nLINE 4:                 WHERE (sender_id = %s AND receiver_id = %s)\n                                           ^\n'),)
22:01:46 - ERR - getRecords - (SyntaxError('error de sintaxis en o cerca de «%»\nLINE 4:                 WHERE (sender_id = %s AND receiver_id = %s)\n                                           ^\n'),)
22:02:00 - ERR - getRecords - (SyntaxError('error de sintaxis en o cerca de «%»\nLINE 4:                 WHERE (sender_id = %s AND receiver_id = %s)\n                                           ^\n'),)
22:02:00 - ERR - getRecords - (SyntaxError('error de sintaxis en o cerca de «%»\nLINE 4:                 WHERE (sender_id = %s AND receiver_id = %s)\n                                           ^\n'),)
22:03:43 - ERR - getRecords - (SyntaxError('error de sintaxis en o cerca de «%»\nLINE 4:                 WHERE (sender_id = %s AND receiver_id = %s)\n                                           ^\n'),)
22:03:44 - ERR - getRecords - (SyntaxError('error de sintaxis en o cerca de «%»\nLINE 4:                 WHERE (sender_id = %s AND receiver_id = %s)\n                                           ^\n'),)
22:17:03 - ERR - getRecords - (SyntaxError('error de sintaxis en o cerca de «%»\nLINE 4:                 WHERE (sender_id = %s AND receiver_id = %s)\n                                           ^\n'),)
22:17:03 - ERR - getRecords - (SyntaxError('error de sintaxis en o cerca de «%»\nLINE 4:                 WHERE (sender_id = %s AND receiver_id = %s)\n                                           ^\n'),)
22:17:47 - ERR - getRecords - (SyntaxError('error de sintaxis en o cerca de «%»\nLINE 4:                 WHERE (sender_id = %s AND receiver_id = %s)\n                                           ^\n'),)
22:18:10 - ERR - getRecords - (SyntaxError('error de sintaxis en o cerca de «%»\nLINE 4:                 WHERE (sender_id = %s AND receiver_id = %s)\n                                           ^\n'),)
22:19:47 - ERR - getRecords - (SyntaxError('error de sintaxis en o cerca de «%»\nLINE 4:                 WHERE (sender_id = %s AND receiver_id = %s)\n                                           ^\n'),)
22:19:47 - ERR - getRecords - (SyntaxError('error de sintaxis en o cerca de «%»\nLINE 4:                 WHERE (sender_id = %s AND receiver_id = %s)\n                                           ^\n'),)
22:22:14 - ERR - getRecords - (SyntaxError('error de sintaxis en o cerca de «%»\nLINE 4:                 WHERE (sender_id = %s AND receiver_id = %s)\n                                           ^\n'),)
22:22:57 - ERR - post - (KeyError('sender_id'),)
22:51:48 - ERR - getRecords - (SyntaxError('error de sintaxis en o cerca de «%»\nLINE 4:                 WHERE (sender_id = %s AND receiver_id = %s)\n                                           ^\n'),)
22:51:48 - ERR - getRecords - (SyntaxError('error de sintaxis en o cerca de «%»\nLINE 4:                 WHERE (sender_id = %s AND receiver_id = %s)\n                                           ^\n'),)
22:53:51 - ERR - getRecords - (SyntaxError('error de sintaxis en o cerca de «%»\nLINE 4:                 WHERE (sender_id = %s AND receiver_id = %s)\n                                           ^\n'),)
22:53:51 - ERR - getRecords - (SyntaxError('error de sintaxis en o cerca de «%»\nLINE 4:                 WHERE (sender_id = %s AND receiver_id = %s)\n                                           ^\n'),)
22:55:03 - ERR - getRecords - (SyntaxError('error de sintaxis en o cerca de «%»\nLINE 4:                 WHERE (sender_id = %s AND receiver_id = %s)\n                                           ^\n'),)
22:55:03 - ERR - getRecords - (SyntaxError('error de sintaxis en o cerca de «%»\nLINE 4:                 WHERE (sender_id = %s AND receiver_id = %s)\n                                           ^\n'),)
