22:07:38 - ERR - token_validate - (DecodeError('Not enough segments'),)
22:07:38 - ERR - token_validate - (DecodeError('Not enough segments'),)
22:21:59 - ERR - getRecords - (InvalidTextRepresentation('invalid input syntax for type integer: "7mo semestre"\n'),)
23:08:07 - ERR - token_validate - (InvalidSignatureError('Signature verification failed'),)
23:09:06 - ERR - token_validate - (InvalidSignatureError('Signature verification failed'),)
23:10:07 - ERR - token_validate - (InvalidSignatureError('Signature verification failed'),)
23:11:06 - ERR - token_validate - (InvalidSignatureError('Signature verification failed'),)
23:12:06 - ERR - token_validate - (InvalidSignatureError('Signature verification failed'),)
23:13:06 - ERR - token_validate - (InvalidSignatureError('Signature verification failed'),)
23:14:06 - ERR - token_validate - (InvalidSignatureError('Signature verification failed'),)
23:15:06 - ERR - token_validate - (InvalidSignatureError('Signature verification failed'),)
23:17:12 - ERR - getRecords - (UnicodeDecodeError('utf-8', b'connection to server at "localhost" (::1), port 5432 failed: FATAL:  la autentificaci\xf3n password fall\xf3 para el usuario \xabpostgres\xbb\n', 85, 86, 'invalid continuation byte'),)
23:17:13 - ERR - getRecords - (UnicodeDecodeError('utf-8', b'connection to server at "localhost" (::1), port 5432 failed: FATAL:  la autentificaci\xf3n password fall\xf3 para el usuario \xabpostgres\xbb\n', 85, 86, 'invalid continuation byte'),)
23:17:27 - ERR - getRecords - (UnicodeDecodeError('utf-8', b'connection to server at "localhost" (::1), port 5432 failed: FATAL:  la autentificaci\xf3n password fall\xf3 para el usuario \xabpostgres\xbb\n', 85, 86, 'invalid continuation byte'),)
23:19:29 - ERR - Login - (ValueError('Invalid salt'),)
23:19:31 - ERR - Login - (ValueError('Invalid salt'),)
23:19:33 - ERR - Login - (ValueError('Invalid salt'),)
23:21:28 - ERR - Login - (ValueError('Invalid salt'),)
23:21:44 - ERR - Login - (ValueError('Invalid salt'),)
23:30:37 - ERR - Login - (ValueError('Invalid salt'),)
23:30:40 - ERR - Login - (ValueError('Invalid salt'),)
23:30:42 - ERR - Login - (ValueError('Invalid salt'),)
23:31:10 - ERR - Login - (ValueError('Invalid salt'),)
