13:47:07 - INF - <module> - ('Servicio MatchPP API Iniciado',)
13:47:08 - INF - <module> - ('Servicio MatchPP API Iniciado',)
13:59:07 - INF - post - ('Servicio de registro ejecutándose',)
14:00:19 - INF - post - ('Servicio de login ejecutandose',)
14:00:22 - INF - token_generate - ('Token generado para usuario: admin',)
14:00:39 - INF - <module> - ('Servicio MatchPP API Finalizado',)
14:00:40 - INF - <module> - ('Servicio MatchPP API Iniciado',)
14:03:20 - INF - <module> - ('Servicio MatchPP API Finalizado',)
14:03:21 - INF - <module> - ('Servicio MatchPP API Iniciado',)
14:03:47 - INF - <module> - ('Servicio MatchPP API Finalizado',)
14:03:47 - INF - <module> - ('Servicio MatchPP API Iniciado',)
14:04:04 - INF - <module> - ('Servicio MatchPP API Finalizado',)
14:04:05 - INF - <module> - ('Servicio MatchPP API Iniciado',)
14:08:45 - INF - <module> - ('Servicio MatchPP API Finalizado',)
14:08:45 - INF - <module> - ('Servicio MatchPP API Iniciado',)
14:08:58 - INF - <module> - ('Servicio MatchPP API Finalizado',)
14:08:58 - INF - <module> - ('Servicio MatchPP API Iniciado',)
14:09:15 - INF - <module> - ('Servicio MatchPP API Finalizado',)
14:09:15 - INF - <module> - ('Servicio MatchPP API Iniciado',)
14:15:42 - INF - token_validate - ('El token ha expirado.',)
14:16:42 - INF - token_validate - ('El token ha expirado.',)
14:17:42 - INF - token_validate - ('El token ha expirado.',)
14:18:42 - INF - token_validate - ('El token ha expirado.',)
14:19:06 - INF - token_validate - ('El token ha expirado.',)
14:19:13 - INF - token_validate - ('El token ha expirado.',)
14:19:13 - INF - token_validate - ('El token ha expirado.',)
14:19:13 - INF - token_validate - ('El token ha expirado.',)
14:19:13 - INF - token_validate - ('El token ha expirado.',)
14:19:18 - INF - token_validate - ('El token ha expirado.',)
14:19:18 - INF - token_validate - ('El token ha expirado.',)
14:19:23 - INF - token_validate - ('El token ha expirado.',)
14:19:23 - INF - token_validate - ('El token ha expirado.',)
14:19:53 - INF - token_validate - ('El token ha expirado.',)
14:19:53 - INF - token_validate - ('El token ha expirado.',)
14:20:13 - INF - token_validate - ('El token ha expirado.',)
14:20:44 - INF - <module> - ('Servicio MatchPP API Finalizado',)
14:20:45 - INF - <module> - ('Servicio MatchPP API Iniciado',)
14:21:13 - INF - token_validate - ('El token ha expirado.',)
14:21:36 - INF - token_validate - ('El token ha expirado.',)
14:21:37 - INF - token_validate - ('El token ha expirado.',)
14:21:43 - INF - token_validate - ('El token ha expirado.',)
14:21:44 - INF - token_validate - ('El token ha expirado.',)
14:21:44 - INF - token_validate - ('El token ha expirado.',)
14:21:45 - INF - token_validate - ('El token ha expirado.',)
14:21:48 - INF - token_validate - ('El token ha expirado.',)
14:21:49 - INF - token_validate - ('El token ha expirado.',)
14:21:50 - INF - token_validate - ('El token ha expirado.',)
14:21:50 - INF - token_validate - ('El token ha expirado.',)
14:21:50 - INF - token_validate - ('El token ha expirado.',)
14:21:50 - INF - token_validate - ('El token ha expirado.',)
14:24:18 - INF - <module> - ('Servicio MatchPP API Iniciado',)
14:24:19 - INF - <module> - ('Servicio MatchPP API Iniciado',)
14:24:28 - INF - token_validate - ('El token ha expirado.',)
14:24:28 - INF - token_validate - ('El token ha expirado.',)
14:24:28 - INF - token_validate - ('El token ha expirado.',)
14:24:28 - INF - token_validate - ('El token ha expirado.',)
14:25:28 - INF - token_validate - ('El token ha expirado.',)
14:26:28 - INF - token_validate - ('El token ha expirado.',)
14:27:28 - INF - token_validate - ('El token ha expirado.',)
14:28:03 - INF - post - ('Servicio de login ejecutandose',)
14:28:29 - INF - token_validate - ('El token ha expirado.',)
14:28:42 - INF - token_validate - ('El token ha expirado.',)
14:28:43 - INF - token_validate - ('El token ha expirado.',)
14:28:43 - INF - token_validate - ('El token ha expirado.',)
14:28:43 - INF - token_validate - ('El token ha expirado.',)
14:28:58 - INF - post - ('Servicio de login ejecutandose',)
14:29:03 - INF - post - ('Servicio de login ejecutandose',)
14:29:03 - INF - token_generate - ('Token generado para usuario: admin',)
14:44:16 - INF - post - ('Servicio de registro ejecutándose',)
14:44:25 - INF - post - ('Servicio de login ejecutandose',)
14:44:26 - INF - token_generate - ('Token generado para usuario: Nlado.anchundia',)
14:53:57 - INF - <module> - ('Servicio MatchPP API Finalizado',)
14:53:58 - INF - <module> - ('Servicio MatchPP API Iniciado',)
14:54:53 - INF - <module> - ('Servicio MatchPP API Iniciado',)
14:54:53 - INF - <module> - ('Servicio MatchPP API Iniciado',)
14:59:43 - INF - token_validate - ('El token ha expirado.',)
15:00:42 - INF - token_validate - ('El token ha expirado.',)
15:01:42 - INF - token_validate - ('El token ha expirado.',)
15:02:42 - INF - token_validate - ('El token ha expirado.',)
15:03:42 - INF - token_validate - ('El token ha expirado.',)
15:04:42 - INF - token_validate - ('El token ha expirado.',)
15:05:42 - INF - token_validate - ('El token ha expirado.',)
15:06:42 - INF - token_validate - ('El token ha expirado.',)
15:07:42 - INF - token_validate - ('El token ha expirado.',)
15:08:42 - INF - token_validate - ('El token ha expirado.',)
15:09:42 - INF - token_validate - ('El token ha expirado.',)
15:10:42 - INF - token_validate - ('El token ha expirado.',)
15:11:42 - INF - token_validate - ('El token ha expirado.',)
15:12:42 - INF - token_validate - ('El token ha expirado.',)
15:13:42 - INF - token_validate - ('El token ha expirado.',)
15:14:42 - INF - token_validate - ('El token ha expirado.',)
15:15:42 - INF - token_validate - ('El token ha expirado.',)
15:16:42 - INF - token_validate - ('El token ha expirado.',)
15:17:42 - INF - token_validate - ('El token ha expirado.',)
15:18:42 - INF - token_validate - ('El token ha expirado.',)
15:19:42 - INF - token_validate - ('El token ha expirado.',)
15:20:42 - INF - token_validate - ('El token ha expirado.',)
15:21:42 - INF - token_validate - ('El token ha expirado.',)
15:22:42 - INF - token_validate - ('El token ha expirado.',)
15:23:42 - INF - token_validate - ('El token ha expirado.',)
15:25:58 - INF - token_validate - ('El token ha expirado.',)
15:26:43 - INF - token_validate - ('El token ha expirado.',)
15:27:42 - INF - token_validate - ('El token ha expirado.',)
15:28:42 - INF - token_validate - ('El token ha expirado.',)
15:29:43 - INF - token_validate - ('El token ha expirado.',)
15:30:42 - INF - token_validate - ('El token ha expirado.',)
15:31:42 - INF - token_validate - ('El token ha expirado.',)
15:32:42 - INF - token_validate - ('El token ha expirado.',)
15:33:42 - INF - token_validate - ('El token ha expirado.',)
15:34:42 - INF - token_validate - ('El token ha expirado.',)
15:35:42 - INF - token_validate - ('El token ha expirado.',)
15:36:42 - INF - token_validate - ('El token ha expirado.',)
15:37:42 - INF - token_validate - ('El token ha expirado.',)
15:38:42 - INF - token_validate - ('El token ha expirado.',)
15:39:42 - INF - token_validate - ('El token ha expirado.',)
15:40:42 - INF - token_validate - ('El token ha expirado.',)
15:41:05 - INF - token_validate - ('El token ha expirado.',)
15:41:06 - INF - token_validate - ('El token ha expirado.',)
15:41:06 - INF - token_validate - ('El token ha expirado.',)
15:41:06 - INF - token_validate - ('El token ha expirado.',)
15:42:06 - INF - token_validate - ('El token ha expirado.',)
15:42:12 - INF - token_validate - ('El token ha expirado.',)
15:42:13 - INF - token_validate - ('El token ha expirado.',)
15:42:13 - INF - token_validate - ('El token ha expirado.',)
15:42:14 - INF - token_validate - ('El token ha expirado.',)
15:42:30 - INF - post - ('Servicio de login ejecutandose',)
15:42:30 - INF - token_generate - ('Token generado para usuario: Nlado.anchundia',)
15:47:46 - INF - post - ('Servicio de login ejecutandose',)
15:47:46 - INF - token_generate - ('Token generado para usuario: techsolutions',)
15:49:32 - INF - post - ('Servicio de login ejecutandose',)
15:49:32 - INF - token_generate - ('Token generado para usuario: Nlado.anchundia',)
15:52:45 - INF - <module> - ('Servicio MatchPP API Finalizado',)
15:52:46 - INF - <module> - ('Servicio MatchPP API Iniciado',)
15:53:01 - INF - <module> - ('Servicio MatchPP API Finalizado',)
15:53:02 - INF - <module> - ('Servicio MatchPP API Iniciado',)
15:57:23 - INF - post - ('Servicio de login ejecutandose',)
15:57:24 - INF - token_generate - ('Token generado para usuario: techsolutions',)
16:07:00 - INF - <module> - ('Servicio MatchPP API Finalizado',)
16:07:02 - INF - <module> - ('Servicio MatchPP API Iniciado',)
16:09:15 - INF - <module> - ('Servicio MatchPP API Iniciado',)
16:09:15 - INF - <module> - ('Servicio MatchPP API Iniciado',)
16:12:42 - INF - token_validate - ('El token ha expirado.',)
16:13:42 - INF - token_validate - ('El token ha expirado.',)
16:14:26 - INF - token_validate - ('El token ha expirado.',)
16:14:29 - INF - token_validate - ('El token ha expirado.',)
16:14:29 - INF - token_validate - ('El token ha expirado.',)
16:14:45 - INF - post - ('Servicio de login ejecutandose',)
16:14:45 - INF - token_generate - ('Token generado para usuario: techsolutions',)
16:25:38 - INF - <module> - ('Servicio MatchPP API Finalizado',)
16:25:38 - INF - <module> - ('Servicio MatchPP API Iniciado',)
16:27:09 - INF - <module> - ('Servicio MatchPP API Iniciado',)
16:27:09 - INF - <module> - ('Servicio MatchPP API Iniciado',)
