23:14:52 - INF - <module> - ('Servicio Iniciado',)
23:14:53 - INF - <module> - ('Servicio Iniciado',)
23:17:32 - INF - post - ('Servicio de login ejecutandose',)
23:17:39 - INF - post - ('Servicio de login ejecutandose',)
23:17:41 - INF - token_generate - ('Token generado para usuario: bryan1',)
23:17:41 - INF - token_generate - ('Token generado para usuario: bryan1',)
23:17:42 - INF - get - ('Servicio de usuario actual ejecutándose',)
23:17:42 - INF - get - ('Token recibido: Sí',)
23:17:42 - INF - get - ('Token limpiado: eyJhbGciOiJIUzI1NiIs...',)
23:17:42 - INF - get - ('Token válido: True',)
23:17:42 - INF - get - ('Resultado decodificación: True',)
23:17:42 - INF - get - ('user_id en token: 4',)
23:17:42 - INF - get - ('Servicio de vista de todas las publicaciones ejecutándose',)
23:17:42 - INF - get - ('Resultado BD: True',)
23:17:42 - INF - get - ('Usuario encontrado: bryan1',)
23:17:42 - INF - get - ('Servicio de vista de todas las publicaciones ejecutándose',)
23:17:51 - INF - get - ('Servicio de visualización de conversación ejecutándose',)
23:17:51 - INF - get - ('Faltan parámetros obligatorios en el query',)
23:17:52 - INF - get - ('Servicio de visualización de conversación ejecutándose',)
23:17:52 - INF - get - ('Faltan parámetros obligatorios en el query',)
23:17:53 - INF - get - ('Servicio de consulta de usuarios ejecutándose',)
23:17:54 - INF - get - ('Servicio de consulta de usuarios ejecutándose',)
23:17:58 - INF - get - ('Servicio de consulta de usuarios ejecutándose',)
23:17:58 - INF - get - ('Servicio de consulta de usuarios ejecutándose',)
23:18:06 - INF - get - ('Servicio para catálogos de vacantes ejecutándose',)
23:18:07 - INF - get - ('Servicio para catálogos de vacantes ejecutándose',)
23:18:09 - INF - get - ('Servicio para listar vacantes ejecutándose',)
23:18:09 - INF - get - ('Servicio para listar vacantes ejecutándose',)
23:18:10 - INF - get - ('Servicio de vista de todas las publicaciones ejecutándose',)
23:18:11 - INF - get - ('Servicio de vista de todas las publicaciones ejecutándose',)
23:18:51 - INF - get - ('Servicio para listar recursos ejecutándose',)
23:18:51 - INF - get - ('Servicio para listar recursos ejecutándose',)
23:19:00 - INF - get - ('Servicio de consulta de usuarios ejecutándose',)
23:19:00 - INF - get - ('Servicio de consulta de usuarios ejecutándose',)
23:19:48 - INF - <module> - ('Servicio Finalizado',)
23:19:50 - INF - <module> - ('Servicio Finalizado',)
23:23:05 - INF - <module> - ('Servicio Iniciado',)
23:23:07 - INF - <module> - ('Servicio Iniciado',)
23:23:19 - INF - post - ('Servicio de login ejecutandose',)
23:23:19 - INF - token_generate - ('Token generado para usuario: empresa1',)
23:23:19 - INF - get - ('Servicio para listar vacantes ejecutándose',)
23:23:20 - INF - get - ('Servicio de usuario actual ejecutándose',)
23:23:20 - INF - get - ('Token recibido: Sí',)
23:23:20 - INF - get - ('Token limpiado: eyJhbGciOiJIUzI1NiIs...',)
23:23:20 - INF - get - ('Token válido: True',)
23:23:20 - INF - get - ('Resultado decodificación: True',)
23:23:20 - INF - get - ('user_id en token: 3',)
23:23:20 - INF - get - ('Resultado BD: True',)
23:23:20 - INF - get - ('Usuario encontrado: empresa1',)
23:23:20 - INF - get - ('Servicio para listar vacantes ejecutándose',)
23:23:21 - INF - get - ('Servicio para listar vacantes ejecutándose',)
23:23:27 - INF - get - ('Servicio de consulta de usuarios ejecutándose',)
23:23:28 - INF - get - ('Servicio de consulta de usuarios ejecutándose',)
23:23:35 - INF - get - ('Servicio de consulta de usuarios ejecutándose',)
23:23:35 - INF - get - ('Servicio de consulta de usuarios ejecutándose',)
