00:26:26 - INF - <module> - ('Servicio Iniciado',)
00:26:28 - INF - <module> - ('Servicio Iniciado',)
00:26:30 - INF - post - ('Servicio de login ejecutandose',)
00:26:31 - INF - get - ('Servicio de vista de todas las publicaciones ejecutándose',)
00:26:31 - INF - get - ('Servicio de vista de todas las publicaciones ejecutándose',)
00:31:00 - INF - <module> - ('Servicio Finalizado',)
00:31:00 - INF - <module> - ('Servicio Finalizado',)
08:49:33 - INF - <module> - ('Servicio Iniciado',)
08:49:34 - INF - <module> - ('Servicio Iniciado',)
08:49:36 - INF - post - ('Servicio de login ejecutandose',)
08:49:36 - INF - get - ('Servicio de vista de todas las publicaciones ejecutándose',)
08:49:36 - INF - get - ('Servicio de vista de todas las publicaciones ejecutándose',)
08:50:05 - INF - post - ('Servicio de post, creación de publicaciones ejecutándose',)
08:51:08 - INF - post - ('Servicio de post, creación de publicaciones ejecutándose',)
08:54:57 - INF - <module> - ('Servicio Finalizado',)
08:54:59 - INF - <module> - ('Servicio Iniciado',)
08:56:24 - INF - <module> - ('Servicio Finalizado',)
08:56:26 - INF - <module> - ('Servicio Iniciado',)
08:57:22 - INF - <module> - ('Servicio Finalizado',)
08:57:23 - INF - <module> - ('Servicio Iniciado',)
08:58:10 - INF - <module> - ('Servicio Finalizado',)
08:58:11 - INF - <module> - ('Servicio Finalizado',)
08:59:03 - INF - <module> - ('Servicio Iniciado',)
08:59:05 - INF - <module> - ('Servicio Iniciado',)
08:59:14 - INF - post - ('Servicio de login ejecutandose',)
08:59:14 - INF - get - ('Servicio de vista de todas las publicaciones ejecutándose',)
08:59:14 - INF - get - ('Servicio de vista de todas las publicaciones ejecutándose',)
08:59:21 - INF - post - ('Servicio de post, creación de publicaciones ejecutándose',)
08:59:21 - INF - create_post - ("Error en el componente de creación del post -> 'int' object is not subscriptable",)
08:59:21 - INF - get - ('Servicio de vista de todas las publicaciones ejecutándose',)
09:01:23 - INF - post - ('Servicio de post, creación de publicaciones ejecutándose',)
09:05:53 - INF - get - ('Servicio de vista de todas las publicaciones ejecutándose',)
09:05:53 - INF - get - ('Servicio de vista de todas las publicaciones ejecutándose',)
09:10:31 - INF - <module> - ('Servicio Finalizado',)
09:10:32 - INF - <module> - ('Servicio Iniciado',)
09:11:12 - INF - <module> - ('Servicio Finalizado',)
09:11:14 - INF - <module> - ('Servicio Iniciado',)
09:11:19 - INF - post - ('Servicio de login ejecutandose',)
09:11:20 - INF - get - ('Servicio de vista de todas las publicaciones ejecutándose',)
09:11:20 - INF - get - ('Servicio de vista de todas las publicaciones ejecutándose',)
09:11:48 - INF - post - ('Servicio de post, creación de publicaciones ejecutándose',)
09:12:32 - INF - post - ('Servicio de post, creación de publicaciones ejecutándose',)
09:12:32 - INF - create_post - ("Error en el componente de creación del post -> 'int' object is not subscriptable",)
09:12:32 - INF - get - ('Servicio de vista de todas las publicaciones ejecutándose',)
09:15:53 - INF - post - ('Servicio de login ejecutandose',)
09:15:53 - INF - get - ('Servicio de vista de todas las publicaciones ejecutándose',)
09:15:53 - INF - get - ('Servicio de vista de todas las publicaciones ejecutándose',)
09:25:02 - INF - get - ('Servicio de vista de todas las publicaciones ejecutándose',)
09:25:02 - INF - get - ('Servicio de vista de todas las publicaciones ejecutándose',)
09:25:17 - INF - post - ('Servicio de login ejecutandose',)
09:25:17 - INF - get - ('Servicio de vista de todas las publicaciones ejecutándose',)
09:25:17 - INF - get - ('Servicio de vista de todas las publicaciones ejecutándose',)
09:25:40 - INF - post - ('Servicio de login ejecutandose',)
09:25:40 - INF - get - ('Servicio de vista de todas las publicaciones ejecutándose',)
09:25:40 - INF - get - ('Servicio de vista de todas las publicaciones ejecutándose',)
09:29:14 - INF - post - ('Servicio de login ejecutandose',)
09:29:15 - INF - post - ('Servicio de login ejecutandose',)
09:29:27 - INF - post - ('Servicio de login ejecutandose',)
09:29:27 - INF - post - ('Servicio de login ejecutandose',)
09:29:32 - INF - post - ('Servicio de login ejecutandose',)
09:29:37 - INF - post - ('Servicio de login ejecutandose',)
09:29:37 - INF - get - ('Servicio de vista de todas las publicaciones ejecutándose',)
09:29:37 - INF - get - ('Servicio de vista de todas las publicaciones ejecutándose',)
09:38:02 - INF - get - ('Servicio de vista de todas las publicaciones ejecutándose',)
09:38:02 - INF - get - ('Servicio de vista de todas las publicaciones ejecutándose',)
09:40:22 - INF - post - ('Servicio de login ejecutandose',)
09:40:22 - INF - get - ('Servicio de vista de todas las publicaciones ejecutándose',)
09:40:22 - INF - get - ('Servicio de vista de todas las publicaciones ejecutándose',)
09:40:48 - INF - post - ('Servicio de login ejecutandose',)
09:40:48 - INF - get - ('Servicio de vista de todas las publicaciones ejecutándose',)
09:40:49 - INF - get - ('Servicio de vista de todas las publicaciones ejecutándose',)
09:51:55 - INF - get - ('Servicio de vista de todas las publicaciones ejecutándose',)
09:51:55 - INF - get - ('Servicio de vista de todas las publicaciones ejecutándose',)
09:52:15 - INF - get - ('Servicio de vista de todas las publicaciones ejecutándose',)
09:52:15 - INF - get - ('Servicio de vista de todas las publicaciones ejecutándose',)
09:52:49 - INF - post - ('Servicio de login ejecutandose',)
09:52:49 - INF - get - ('Servicio de vista de todas las publicaciones ejecutándose',)
09:52:49 - INF - get - ('Servicio de vista de todas las publicaciones ejecutándose',)
09:53:41 - INF - get - ('Servicio de vista de todas las publicaciones ejecutándose',)
09:53:41 - INF - get - ('Servicio de vista de todas las publicaciones ejecutándose',)
09:53:46 - INF - get - ('Servicio de vista de todas las publicaciones ejecutándose',)
09:53:46 - INF - get - ('Servicio de vista de todas las publicaciones ejecutándose',)
10:00:00 - INF - get - ('Servicio de vista de todas las publicaciones ejecutándose',)
10:00:00 - INF - get - ('Servicio de vista de todas las publicaciones ejecutándose',)
10:02:02 - INF - get - ('Servicio de vista de todas las publicaciones ejecutándose',)
10:02:02 - INF - get - ('Servicio de vista de todas las publicaciones ejecutándose',)
10:03:32 - INF - get - ('Servicio de vista de todas las publicaciones ejecutándose',)
10:03:32 - INF - get - ('Servicio de vista de todas las publicaciones ejecutándose',)
10:03:43 - INF - post - ('Servicio de login ejecutandose',)
10:03:43 - INF - get - ('Servicio de vista de todas las publicaciones ejecutándose',)
10:03:43 - INF - get - ('Servicio de vista de todas las publicaciones ejecutándose',)
10:03:47 - INF - get - ('Servicio para listar recursos ejecutándose',)
10:03:48 - INF - get - ('Servicio para listar recursos ejecutándose',)
10:03:52 - INF - get - ('Servicio de vista de todas las publicaciones ejecutándose',)
10:03:52 - INF - get - ('Servicio de vista de todas las publicaciones ejecutándose',)
10:03:53 - INF - get - ('Servicio para listar recursos ejecutándose',)
10:03:53 - INF - get - ('Servicio para listar recursos ejecutándose',)
10:10:58 - INF - post - ('Servicio para creación de recursos ejecutándose',)
10:10:58 - INF - post - ("Error en la validación del request -> {'uploader_id': ['Field may not be null.']}",)
12:29:41 - INF - <module> - ('Servicio Finalizado',)
12:29:42 - INF - <module> - ('Servicio Iniciado',)
12:31:11 - INF - <module> - ('Servicio Finalizado',)
12:31:12 - INF - <module> - ('Servicio Iniciado',)
12:32:26 - INF - <module> - ('Servicio Finalizado',)
12:32:27 - INF - <module> - ('Servicio Iniciado',)
12:34:07 - INF - <module> - ('Servicio Finalizado',)
12:34:08 - INF - <module> - ('Servicio Iniciado',)
12:35:11 - INF - <module> - ('Servicio Finalizado',)
12:35:11 - INF - <module> - ('Servicio Iniciado',)
12:36:11 - INF - <module> - ('Servicio Finalizado',)
12:36:11 - INF - <module> - ('Servicio Iniciado',)
12:37:56 - INF - <module> - ('Servicio Finalizado',)
12:37:57 - INF - <module> - ('Servicio Iniciado',)
12:38:22 - INF - get - ('Servicio para listar recursos ejecutándose',)
12:38:22 - INF - get - ('Servicio para listar recursos ejecutándose',)
12:38:32 - INF - post - ('Servicio de login ejecutandose',)
12:38:35 - INF - get - ('Servicio para listar recursos ejecutándose',)
12:38:35 - INF - get - ('Servicio para listar recursos ejecutándose',)
12:38:47 - INF - post - ('Servicio de login ejecutandose',)
12:38:47 - INF - get - ('Servicio de vista de todas las publicaciones ejecutándose',)
12:38:47 - INF - get - ('Servicio de vista de todas las publicaciones ejecutándose',)
12:38:53 - INF - get - ('Servicio para listar recursos ejecutándose',)
12:38:54 - INF - get - ('Servicio para listar recursos ejecutándose',)
12:40:26 - INF - post - ('Servicio para creación de recursos ejecutándose',)
12:40:26 - INF - post - ("Error en la validación del request -> {'uploader_id': ['Missing data for required field.']}",)
12:41:57 - INF - <module> - ('Servicio Finalizado',)
12:41:57 - INF - <module> - ('Servicio Iniciado',)
12:41:58 - INF - get - ('Servicio de vista de todas las publicaciones ejecutándose',)
12:41:58 - INF - get - ('Servicio de vista de todas las publicaciones ejecutándose',)
12:42:00 - INF - get - ('Servicio para listar recursos ejecutándose',)
12:42:00 - INF - get - ('Servicio para listar recursos ejecutándose',)
12:42:47 - INF - post - ('Servicio para creación de recursos ejecutándose',)
12:42:47 - INF - post - ("Error en la validación del request -> {'uploader_id': ['Missing data for required field.']}",)
12:43:33 - INF - <module> - ('Servicio Finalizado',)
12:43:34 - INF - <module> - ('Servicio Iniciado',)
12:43:34 - INF - post - ('Servicio para creación de recursos ejecutándose',)
12:43:34 - INF - create_resource - ("Error en la creación del recurso -> 'int' object is not subscriptable",)
12:43:34 - INF - get - ('Servicio para listar recursos ejecutándose',)
12:45:23 - INF - <module> - ('Servicio Finalizado',)
12:45:23 - INF - <module> - ('Servicio Iniciado',)
12:45:54 - INF - post - ('Servicio para creación de recursos ejecutándose',)
12:45:54 - INF - create_resource - ("Error en la creación del recurso -> 'int' object is not subscriptable",)
12:45:54 - INF - get - ('Servicio para listar recursos ejecutándose',)
12:47:04 - INF - <module> - ('Servicio Finalizado',)
12:47:05 - INF - <module> - ('Servicio Iniciado',)
12:47:53 - INF - <module> - ('Servicio Finalizado',)
12:47:54 - INF - <module> - ('Servicio Iniciado',)
13:02:00 - INF - get - ('Servicio de vista de todas las publicaciones ejecutándose',)
13:02:00 - INF - get - ('Servicio de vista de todas las publicaciones ejecutándose',)
13:02:25 - INF - post - ('Servicio de login ejecutandose',)
13:02:25 - INF - get - ('Servicio de vista de todas las publicaciones ejecutándose',)
13:02:25 - INF - get - ('Servicio de vista de todas las publicaciones ejecutándose',)
13:03:40 - INF - get - ('Servicio de vista de todas las publicaciones ejecutándose',)
13:03:40 - INF - get - ('Servicio de vista de todas las publicaciones ejecutándose',)
13:16:27 - INF - post - ('Servicio de login ejecutandose',)
13:16:27 - INF - get - ('Servicio de vista de todas las publicaciones ejecutándose',)
13:16:27 - INF - get - ('Servicio de vista de todas las publicaciones ejecutándose',)
13:16:32 - INF - get - ('Servicio para listar recursos ejecutándose',)
13:16:32 - INF - get - ('Servicio para listar recursos ejecutándose',)
13:16:38 - INF - get - ('Servicio de vista de todas las publicaciones ejecutándose',)
13:16:38 - INF - get - ('Servicio de vista de todas las publicaciones ejecutándose',)
13:16:47 - INF - post - ('Servicio de login ejecutandose',)
13:16:47 - INF - get - ('Servicio de vista de todas las publicaciones ejecutándose',)
13:16:47 - INF - get - ('Servicio de vista de todas las publicaciones ejecutándose',)
13:16:48 - INF - get - ('Servicio para listar recursos ejecutándose',)
13:16:48 - INF - get - ('Servicio para listar recursos ejecutándose',)
13:17:24 - INF - post - ('Servicio para creación de recursos ejecutándose',)
13:17:24 - INF - create_resource - ("Error en la creación del recurso -> 'int' object is not subscriptable",)
13:17:24 - INF - get - ('Servicio para listar recursos ejecutándose',)
13:18:03 - INF - get - ('Servicio de vista de todas las publicaciones ejecutándose',)
13:18:03 - INF - get - ('Servicio de vista de todas las publicaciones ejecutándose',)
13:18:09 - INF - get - ('Servicio para listar recursos ejecutándose',)
13:18:09 - INF - get - ('Servicio para listar recursos ejecutándose',)
13:18:15 - INF - get - ('Servicio de vista de todas las publicaciones ejecutándose',)
13:18:15 - INF - get - ('Servicio de vista de todas las publicaciones ejecutándose',)
13:18:17 - INF - get - ('Servicio para listar recursos ejecutándose',)
13:18:17 - INF - get - ('Servicio para listar recursos ejecutándose',)
13:22:30 - INF - post - ('Servicio de login ejecutandose',)
13:22:30 - INF - get - ('Servicio de vista de todas las publicaciones ejecutándose',)
13:22:30 - INF - get - ('Servicio de vista de todas las publicaciones ejecutándose',)
13:22:32 - INF - get - ('Servicio para listar recursos ejecutándose',)
13:22:32 - INF - get - ('Servicio para listar recursos ejecutándose',)
13:22:38 - INF - get - ('Servicio de vista de todas las publicaciones ejecutándose',)
13:22:38 - INF - get - ('Servicio de vista de todas las publicaciones ejecutándose',)
13:22:52 - INF - get - ('Servicio para listar recursos ejecutándose',)
13:22:52 - INF - get - ('Servicio para listar recursos ejecutándose',)
13:33:49 - INF - get - ('Servicio para listar recursos ejecutándose',)
13:45:58 - INF - <module> - ('Servicio Finalizado',)
13:45:59 - INF - <module> - ('Servicio Iniciado',)
13:47:23 - INF - <module> - ('Servicio Finalizado',)
13:47:24 - INF - <module> - ('Servicio Iniciado',)
13:47:37 - INF - get - ('Servicio de vista de todas las publicaciones ejecutándose',)
13:47:38 - INF - get - ('Servicio de vista de todas las publicaciones ejecutándose',)
13:47:48 - INF - get - ('Servicio de vista de todas las publicaciones ejecutándose',)
13:47:48 - INF - get - ('Servicio de vista de todas las publicaciones ejecutándose',)
13:50:00 - INF - get - ('Servicio para listar recursos ejecutándose',)
13:50:00 - INF - get - ('Servicio para listar recursos ejecutándose',)
13:50:00 - INF - get - ('Servicio para listar recursos ejecutándose',)
13:50:00 - INF - get - ('Servicio para listar recursos ejecutándose',)
13:50:17 - INF - get - ('Servicio para listar recursos ejecutándose',)
13:50:17 - INF - get - ('Servicio para listar recursos ejecutándose',)
13:50:17 - INF - get - ('Servicio para listar recursos ejecutándose',)
13:50:17 - INF - get - ('Servicio para listar recursos ejecutándose',)
13:50:17 - INF - get - ('Servicio para listar recursos ejecutándose',)
13:50:17 - INF - get - ('Servicio para listar recursos ejecutándose',)
13:50:18 - INF - get - ('Servicio para listar recursos ejecutándose',)
13:50:18 - INF - get - ('Servicio para listar recursos ejecutándose',)
13:50:19 - INF - get - ('Servicio para listar recursos ejecutándose',)
13:52:11 - INF - <module> - ('Servicio Finalizado',)
13:52:12 - INF - <module> - ('Servicio Iniciado',)
13:52:20 - INF - post - ('Servicio de login ejecutandose',)
13:52:21 - INF - get - ('Servicio para listar recursos ejecutándose',)
13:52:21 - INF - get - ('Servicio para listar recursos ejecutándose',)
13:52:21 - INF - get - ('Servicio para listar recursos ejecutándose',)
13:52:21 - INF - get - ('Servicio para listar recursos ejecutándose',)
13:52:36 - INF - get - ('Servicio para listar recursos ejecutándose',)
13:52:36 - INF - get - ('Servicio para listar recursos ejecutándose',)
13:52:36 - INF - get - ('Servicio para listar recursos ejecutándose',)
13:52:36 - INF - get - ('Servicio para listar recursos ejecutándose',)
13:52:36 - INF - get - ('Servicio para listar recursos ejecutándose',)
13:52:36 - INF - get - ('Servicio para listar recursos ejecutándose',)
13:52:37 - INF - get - ('Servicio para listar recursos ejecutándose',)
13:52:37 - INF - get - ('Servicio para listar recursos ejecutándose',)
13:52:38 - INF - get - ('Servicio para listar recursos ejecutándose',)
13:52:38 - INF - get - ('Servicio para listar recursos ejecutándose',)
13:52:38 - INF - get - ('Servicio para listar recursos ejecutándose',)
13:52:38 - INF - get - ('Servicio para listar recursos ejecutándose',)
13:52:41 - INF - get - ('Servicio para listar recursos ejecutándose',)
13:52:41 - INF - get - ('Servicio para listar recursos ejecutándose',)
13:52:41 - INF - get - ('Servicio para listar recursos ejecutándose',)
13:52:41 - INF - get - ('Servicio para listar recursos ejecutándose',)
13:53:10 - INF - get - ('Servicio de vista de todas las publicaciones ejecutándose',)
13:53:10 - INF - get - ('Servicio de vista de todas las publicaciones ejecutándose',)
13:53:12 - INF - get - ('Servicio para listar recursos ejecutándose',)
13:53:12 - INF - get - ('Servicio para listar recursos ejecutándose',)
13:53:12 - INF - get - ('Servicio para listar recursos ejecutándose',)
13:53:12 - INF - get - ('Servicio para listar recursos ejecutándose',)
13:53:22 - INF - get - ('Servicio para listar recursos ejecutándose',)
13:53:22 - INF - get - ('Servicio para listar recursos ejecutándose',)
13:53:22 - INF - get - ('Servicio para listar recursos ejecutándose',)
13:53:22 - INF - get - ('Servicio para listar recursos ejecutándose',)
13:53:22 - INF - get - ('Servicio para listar recursos ejecutándose',)
13:53:22 - INF - get - ('Servicio para listar recursos ejecutándose',)
13:53:22 - INF - get - ('Servicio para listar recursos ejecutándose',)
13:53:23 - INF - get - ('Servicio para listar recursos ejecutándose',)
13:53:23 - INF - get - ('Servicio para listar recursos ejecutándose',)
13:53:23 - INF - get - ('Servicio para listar recursos ejecutándose',)
13:53:23 - INF - get - ('Servicio para listar recursos ejecutándose',)
13:53:23 - INF - get - ('Servicio para listar recursos ejecutándose',)
13:53:23 - INF - get - ('Servicio para listar recursos ejecutándose',)
13:53:23 - INF - get - ('Servicio para listar recursos ejecutándose',)
13:53:24 - INF - get - ('Servicio para listar recursos ejecutándose',)
13:53:24 - INF - get - ('Servicio para listar recursos ejecutándose',)
13:53:24 - INF - get - ('Servicio para listar recursos ejecutándose',)
13:53:24 - INF - get - ('Servicio para listar recursos ejecutándose',)
13:53:24 - INF - get - ('Servicio para listar recursos ejecutándose',)
13:53:24 - INF - get - ('Servicio para listar recursos ejecutándose',)
13:53:25 - INF - get - ('Servicio para listar recursos ejecutándose',)
13:53:25 - INF - get - ('Servicio para listar recursos ejecutándose',)
13:53:25 - INF - get - ('Servicio para listar recursos ejecutándose',)
13:53:25 - INF - get - ('Servicio para listar recursos ejecutándose',)
13:53:25 - INF - get - ('Servicio para listar recursos ejecutándose',)
13:53:25 - INF - get - ('Servicio para listar recursos ejecutándose',)
13:53:25 - INF - get - ('Servicio para listar recursos ejecutándose',)
13:53:25 - INF - get - ('Servicio para listar recursos ejecutándose',)
13:53:26 - INF - get - ('Servicio para listar recursos ejecutándose',)
13:53:26 - INF - get - ('Servicio para listar recursos ejecutándose',)
13:53:27 - INF - get - ('Servicio para listar recursos ejecutándose',)
13:53:29 - INF - get - ('Servicio para listar recursos ejecutándose',)
13:53:29 - INF - get - ('Servicio para listar recursos ejecutándose',)
13:53:29 - INF - get - ('Servicio para listar recursos ejecutándose',)
13:53:29 - INF - get - ('Servicio para listar recursos ejecutándose',)
13:53:30 - INF - get - ('Servicio para listar recursos ejecutándose',)
13:53:30 - INF - get - ('Servicio para listar recursos ejecutándose',)
14:00:47 - INF - <module> - ('Servicio Finalizado',)
14:00:47 - INF - <module> - ('Servicio Iniciado',)
14:06:08 - INF - <module> - ('Servicio Finalizado',)
14:06:08 - INF - <module> - ('Servicio Iniciado',)
14:07:00 - INF - <module> - ('Servicio Finalizado',)
14:07:01 - INF - <module> - ('Servicio Iniciado',)
14:07:24 - INF - get - ('Servicio para listar recursos ejecutándose',)
14:07:25 - INF - get - ('Servicio para listar recursos ejecutándose',)
14:07:34 - INF - get - ('Servicio de vista de todas las publicaciones ejecutándose',)
14:07:34 - INF - get - ('Servicio de vista de todas las publicaciones ejecutándose',)
14:07:35 - INF - get - ('Servicio para listar recursos ejecutándose',)
14:07:35 - INF - get - ('Servicio para listar recursos ejecutándose',)
14:07:43 - INF - get - ('Servicio para listar recursos ejecutándose',)
14:07:47 - INF - get - ('Servicio para listar recursos ejecutándose',)
14:07:48 - INF - get - ('Servicio para listar recursos ejecutándose',)
14:07:48 - INF - get - ('Servicio para listar recursos ejecutándose',)
14:07:49 - INF - get - ('Servicio para listar recursos ejecutándose',)
14:07:50 - INF - get - ('Servicio para listar recursos ejecutándose',)
14:07:50 - INF - get - ('Servicio para listar recursos ejecutándose',)
14:13:12 - INF - <module> - ('Servicio Finalizado',)
14:13:12 - INF - <module> - ('Servicio Iniciado',)
14:13:54 - INF - <module> - ('Servicio Finalizado',)
14:13:54 - INF - <module> - ('Servicio Iniciado',)
14:17:38 - INF - get - ('Servicio para listar recursos ejecutándose',)
14:17:45 - INF - get - ('Servicio de vista de todas las publicaciones ejecutándose',)
14:17:45 - INF - get - ('Servicio de vista de todas las publicaciones ejecutándose',)
14:17:47 - INF - get - ('Servicio para listar recursos ejecutándose',)
14:17:47 - INF - get - ('Servicio para listar recursos ejecutándose',)
14:17:56 - INF - get - ('Servicio de vista de todas las publicaciones ejecutándose',)
14:17:56 - INF - get - ('Servicio de vista de todas las publicaciones ejecutándose',)
14:17:57 - INF - get - ('Servicio para listar recursos ejecutándose',)
14:17:57 - INF - get - ('Servicio para listar recursos ejecutándose',)
14:18:05 - INF - get - ('Servicio de vista de todas las publicaciones ejecutándose',)
14:18:05 - INF - get - ('Servicio de vista de todas las publicaciones ejecutándose',)
14:18:06 - INF - get - ('Servicio para listar recursos ejecutándose',)
14:18:06 - INF - get - ('Servicio para listar recursos ejecutándose',)
14:18:07 - INF - get - ('Servicio de vista de todas las publicaciones ejecutándose',)
14:18:07 - INF - get - ('Servicio de vista de todas las publicaciones ejecutándose',)
14:18:08 - INF - get - ('Servicio para listar recursos ejecutándose',)
14:18:08 - INF - get - ('Servicio para listar recursos ejecutándose',)
14:18:09 - INF - get - ('Servicio de vista de todas las publicaciones ejecutándose',)
14:18:09 - INF - get - ('Servicio de vista de todas las publicaciones ejecutándose',)
14:18:09 - INF - get - ('Servicio para listar recursos ejecutándose',)
14:18:09 - INF - get - ('Servicio para listar recursos ejecutándose',)
14:18:10 - INF - get - ('Servicio de vista de todas las publicaciones ejecutándose',)
14:18:10 - INF - get - ('Servicio de vista de todas las publicaciones ejecutándose',)
14:18:10 - INF - get - ('Servicio para listar recursos ejecutándose',)
14:18:10 - INF - get - ('Servicio para listar recursos ejecutándose',)
14:18:11 - INF - get - ('Servicio de vista de todas las publicaciones ejecutándose',)
14:18:11 - INF - get - ('Servicio de vista de todas las publicaciones ejecutándose',)
14:18:13 - INF - get - ('Servicio para listar recursos ejecutándose',)
14:18:13 - INF - get - ('Servicio para listar recursos ejecutándose',)
14:18:13 - INF - get - ('Servicio de vista de todas las publicaciones ejecutándose',)
14:18:13 - INF - get - ('Servicio de vista de todas las publicaciones ejecutándose',)
14:19:43 - INF - get - ('Servicio para listar recursos ejecutándose',)
14:19:43 - INF - get - ('Servicio para listar recursos ejecutándose',)
14:20:00 - INF - get - ('Servicio para listar recursos ejecutándose',)
14:20:00 - INF - get - ('Servicio para listar recursos ejecutándose',)
14:20:00 - INF - get - ('Servicio para listar recursos ejecutándose',)
14:20:01 - INF - get - ('Servicio para listar recursos ejecutándose',)
14:20:01 - INF - get - ('Servicio para listar recursos ejecutándose',)
14:20:01 - INF - get - ('Servicio para listar recursos ejecutándose',)
14:20:01 - INF - get - ('Servicio para listar recursos ejecutándose',)
14:20:02 - INF - get - ('Servicio para listar recursos ejecutándose',)
14:20:02 - INF - get - ('Servicio para listar recursos ejecutándose',)
14:20:02 - INF - get - ('Servicio para listar recursos ejecutándose',)
14:21:30 - INF - get - ('Servicio para listar recursos ejecutándose',)
14:21:31 - INF - get - ('Servicio para listar recursos ejecutándose',)
14:21:33 - INF - get - ('Servicio de vista de todas las publicaciones ejecutándose',)
14:21:34 - INF - get - ('Servicio de vista de todas las publicaciones ejecutándose',)
14:21:34 - INF - get - ('Servicio para listar recursos ejecutándose',)
14:21:34 - INF - get - ('Servicio para listar recursos ejecutándose',)
14:22:03 - INF - get - ('Servicio de vista de todas las publicaciones ejecutándose',)
14:22:03 - INF - get - ('Servicio de vista de todas las publicaciones ejecutándose',)
14:22:05 - INF - get - ('Servicio para listar recursos ejecutándose',)
14:22:05 - INF - get - ('Servicio para listar recursos ejecutándose',)
14:22:25 - INF - <module> - ('Servicio Finalizado',)
14:22:26 - INF - <module> - ('Servicio Iniciado',)
14:22:36 - INF - get - ('Servicio de vista de todas las publicaciones ejecutándose',)
14:22:36 - INF - get - ('Servicio de vista de todas las publicaciones ejecutándose',)
14:22:37 - INF - get - ('Servicio para listar recursos ejecutándose',)
14:22:38 - INF - get - ('Servicio para listar recursos ejecutándose',)
14:23:29 - INF - <module> - ('Servicio Finalizado',)
14:23:29 - INF - <module> - ('Servicio Iniciado',)
14:24:39 - INF - <module> - ('Servicio Finalizado',)
14:24:40 - INF - <module> - ('Servicio Iniciado',)
14:24:41 - INF - get - ('Servicio de vista de todas las publicaciones ejecutándose',)
14:24:41 - INF - get - ('Servicio de vista de todas las publicaciones ejecutándose',)
14:24:43 - INF - get - ('Servicio para listar recursos ejecutándose',)
14:24:43 - INF - get - ('Servicio para listar recursos ejecutándose',)
14:26:58 - INF - get - ('Servicio de vista de todas las publicaciones ejecutándose',)
14:26:59 - INF - get - ('Servicio de vista de todas las publicaciones ejecutándose',)
14:27:00 - INF - get - ('Servicio para listar recursos ejecutándose',)
14:27:00 - INF - get - ('Servicio para listar recursos ejecutándose',)
17:12:07 - INF - post - ('Servicio de login ejecutandose',)
17:12:08 - INF - post - ('Servicio de login ejecutandose',)
17:12:09 - INF - post - ('Servicio de login ejecutandose',)
17:12:09 - INF - post - ('Servicio de login ejecutandose',)
17:12:10 - INF - post - ('Servicio de login ejecutandose',)
17:12:10 - INF - post - ('Servicio de login ejecutandose',)
17:12:14 - INF - post - ('Servicio de login ejecutandose',)
17:12:14 - INF - post - ('Servicio de login ejecutandose',)
17:12:14 - INF - post - ('Servicio de login ejecutandose',)
17:12:14 - INF - get - ('Servicio para listar recursos ejecutándose',)
17:12:14 - INF - get - ('Servicio para listar recursos ejecutándose',)
17:12:18 - INF - get - ('Servicio de vista de todas las publicaciones ejecutándose',)
17:12:18 - INF - get - ('Servicio de vista de todas las publicaciones ejecutándose',)
17:12:31 - INF - get - ('Servicio para listar recursos ejecutándose',)
17:12:31 - INF - get - ('Servicio para listar recursos ejecutándose',)
17:21:58 - INF - <module> - ('Servicio Finalizado',)
17:22:01 - INF - <module> - ('Servicio Iniciado',)
17:22:07 - INF - post - ('Servicio de login ejecutandose',)
17:22:07 - INF - get - ('Servicio de vista de todas las publicaciones ejecutándose',)
17:22:07 - INF - get - ('Servicio de vista de todas las publicaciones ejecutándose',)
17:22:09 - INF - get - ('Servicio para listar recursos ejecutándose',)
17:22:10 - INF - get - ('Servicio para listar recursos ejecutándose',)
17:33:38 - INF - get - ('Servicio para listar recursos ejecutándose',)
17:33:38 - INF - get - ('Servicio para listar recursos ejecutándose',)
17:34:02 - INF - get - ('Servicio para listar recursos ejecutándose',)
17:34:02 - INF - get - ('Servicio para listar recursos ejecutándose',)
17:34:20 - INF - get - ('Servicio para listar recursos ejecutándose',)
17:34:27 - INF - get - ('Servicio para listar recursos ejecutándose',)
17:34:27 - INF - get - ('Servicio para listar recursos ejecutándose',)
17:37:47 - INF - post - ('Servicio de login ejecutandose',)
17:37:47 - INF - get - ('Servicio de vista de todas las publicaciones ejecutándose',)
17:37:48 - INF - get - ('Servicio de vista de todas las publicaciones ejecutándose',)
17:37:57 - INF - get - ('Servicio para listar recursos ejecutándose',)
17:37:57 - INF - get - ('Servicio para listar recursos ejecutándose',)
17:39:14 - INF - post - ('Servicio para creación de recursos ejecutándose',)
17:39:14 - INF - create_resource - ("Error en la creación del recurso -> 'int' object is not subscriptable",)
17:39:14 - INF - get - ('Servicio para listar recursos ejecutándose',)
17:39:31 - INF - get - ('Servicio de vista de todas las publicaciones ejecutándose',)
17:39:31 - INF - get - ('Servicio de vista de todas las publicaciones ejecutándose',)
17:39:47 - INF - get - ('Servicio para listar recursos ejecutándose',)
17:39:47 - INF - get - ('Servicio para listar recursos ejecutándose',)
17:43:37 - INF - <module> - ('Servicio Finalizado',)
17:43:39 - INF - <module> - ('Servicio Iniciado',)
17:46:26 - INF - <module> - ('Servicio Finalizado',)
17:46:28 - INF - <module> - ('Servicio Iniciado',)
18:16:47 - INF - post - ('Servicio de login ejecutandose',)
18:16:47 - INF - get - ('Servicio de vista de todas las publicaciones ejecutándose',)
18:16:47 - INF - get - ('Servicio de vista de todas las publicaciones ejecutándose',)
18:16:54 - INF - get - ('Servicio para listar recursos ejecutándose',)
18:16:54 - INF - get - ('Servicio para listar recursos ejecutándose',)
18:16:57 - INF - get - ('Servicio de vista de todas las publicaciones ejecutándose',)
18:16:57 - INF - get - ('Servicio de vista de todas las publicaciones ejecutándose',)
18:16:59 - INF - get - ('Servicio para listar recursos ejecutándose',)
18:16:59 - INF - get - ('Servicio para listar recursos ejecutándose',)
18:17:02 - INF - get - ('Servicio de consulta de usuarios ejecutándose',)
18:17:02 - INF - get - ('Servicio de consulta de usuarios ejecutándose',)
18:17:27 - INF - post - ('Servicio de login ejecutandose',)
18:17:27 - INF - get - ('Servicio de consulta de usuarios ejecutándose',)
18:17:27 - INF - get - ('Servicio de consulta de usuarios ejecutándose',)
18:17:29 - INF - get - ('Servicio de vista de todas las publicaciones ejecutándose',)
18:17:30 - INF - get - ('Servicio de vista de todas las publicaciones ejecutándose',)
18:17:44 - INF - post - ('Servicio de login ejecutandose',)
18:17:45 - INF - get - ('Servicio de vista de todas las publicaciones ejecutándose',)
18:17:45 - INF - get - ('Servicio de vista de todas las publicaciones ejecutándose',)
18:17:47 - INF - get - ('Servicio para listar recursos ejecutándose',)
18:17:48 - INF - get - ('Servicio para listar recursos ejecutándose',)
18:17:49 - INF - get - ('Servicio de consulta de usuarios ejecutándose',)
18:17:49 - INF - get - ('Servicio de consulta de usuarios ejecutándose',)
18:19:09 - INF - <module> - ('Servicio Finalizado',)
18:19:09 - INF - <module> - ('Servicio Finalizado',)
18:19:12 - INF - <module> - ('Servicio Iniciado',)
18:19:13 - INF - <module> - ('Servicio Iniciado',)
18:19:22 - INF - get - ('Servicio para listar recursos ejecutándose',)
18:19:23 - INF - get - ('Servicio para listar recursos ejecutándose',)
18:19:23 - INF - get - ('Servicio de consulta de usuarios ejecutándose',)
18:19:23 - INF - get - ('Servicio de consulta de usuarios ejecutándose',)
18:27:47 - INF - <module> - ('Servicio Finalizado',)
18:27:49 - INF - <module> - ('Servicio Iniciado',)
18:28:52 - INF - <module> - ('Servicio Finalizado',)
18:28:53 - INF - <module> - ('Servicio Iniciado',)
18:30:00 - INF - get - ('Servicio de consulta de usuarios ejecutándose',)
18:30:01 - INF - token_validate - ('Error en el metodo de validar el tojen ->  eyJhbGciOiJIUzI1NiIsInR5cCI6IkpXVCJ9.eyJpYXQiOjE3MzczMjg2NjQsImV4cCI6MTczNzMyOTU2NCwidXNlcm5hbWUiOiJhZG1pbiJ9.-T35JoTwnoEJ48jhHOn3w_yNiKdQdguZgu-QvfRyC_E',)
18:30:16 - INF - get - ('Servicio de vista de todas las publicaciones ejecutándose',)
18:30:17 - INF - get - ('Servicio de vista de todas las publicaciones ejecutándose',)
18:30:18 - INF - get - ('Servicio de consulta de usuarios ejecutándose',)
18:30:18 - INF - token_validate - ('Error en el metodo de validar el tojen ->  eyJhbGciOiJIUzI1NiIsInR5cCI6IkpXVCJ9.eyJpYXQiOjE3MzczMjg2NjQsImV4cCI6MTczNzMyOTU2NCwidXNlcm5hbWUiOiJhZG1pbiJ9.-T35JoTwnoEJ48jhHOn3w_yNiKdQdguZgu-QvfRyC_E',)
18:30:18 - INF - get - ('Servicio de consulta de usuarios ejecutándose',)
18:30:18 - INF - token_validate - ('Error en el metodo de validar el tojen ->  eyJhbGciOiJIUzI1NiIsInR5cCI6IkpXVCJ9.eyJpYXQiOjE3MzczMjg2NjQsImV4cCI6MTczNzMyOTU2NCwidXNlcm5hbWUiOiJhZG1pbiJ9.-T35JoTwnoEJ48jhHOn3w_yNiKdQdguZgu-QvfRyC_E',)
18:30:20 - INF - get - ('Servicio de vista de todas las publicaciones ejecutándose',)
18:30:20 - INF - get - ('Servicio de vista de todas las publicaciones ejecutándose',)
18:30:27 - INF - post - ('Servicio de login ejecutandose',)
18:30:27 - INF - get - ('Servicio de vista de todas las publicaciones ejecutándose',)
18:30:27 - INF - get - ('Servicio de vista de todas las publicaciones ejecutándose',)
18:30:28 - INF - get - ('Servicio de consulta de usuarios ejecutándose',)
18:30:28 - INF - token_validate - ('Error en el metodo de validar el tojen ->  eyJhbGciOiJIUzI1NiIsInR5cCI6IkpXVCJ9.eyJpYXQiOjE3MzczMjk0MjcsImV4cCI6MTczNzMzMDMyNywidXNlcm5hbWUiOiJhZG1pbiJ9.mJWWrXN6c9a9ToPrWkOcuiyJTZ8ribUfRwqn114JMVY',)
18:30:28 - INF - get - ('Servicio de consulta de usuarios ejecutándose',)
18:30:28 - INF - token_validate - ('Error en el metodo de validar el tojen ->  eyJhbGciOiJIUzI1NiIsInR5cCI6IkpXVCJ9.eyJpYXQiOjE3MzczMjk0MjcsImV4cCI6MTczNzMzMDMyNywidXNlcm5hbWUiOiJhZG1pbiJ9.mJWWrXN6c9a9ToPrWkOcuiyJTZ8ribUfRwqn114JMVY',)
18:32:07 - INF - get - ('Servicio de vista de todas las publicaciones ejecutándose',)
18:32:07 - INF - get - ('Servicio de vista de todas las publicaciones ejecutándose',)
18:32:32 - INF - post - ('Servicio de login ejecutandose',)
18:32:32 - INF - get - ('Servicio de vista de todas las publicaciones ejecutándose',)
18:32:33 - INF - get - ('Servicio de vista de todas las publicaciones ejecutándose',)
18:32:34 - INF - get - ('Servicio de consulta de usuarios ejecutándose',)
18:32:34 - INF - token_validate - ('Error en el metodo de validar el tojen ->  eyJhbGciOiJIUzI1NiIsInR5cCI6IkpXVCJ9.eyJpYXQiOjE3MzczMjk1NTIsImV4cCI6MTczNzMzMDQ1MiwidXNlcm5hbWUiOiJhZG1pbiJ9.WLgEO3s_Y4yGUKuABrhwE2LbBUv93U2VWC0UaSKmf74',)
18:32:34 - INF - get - ('Servicio de consulta de usuarios ejecutándose',)
18:32:34 - INF - token_validate - ('Error en el metodo de validar el tojen ->  eyJhbGciOiJIUzI1NiIsInR5cCI6IkpXVCJ9.eyJpYXQiOjE3MzczMjk1NTIsImV4cCI6MTczNzMzMDQ1MiwidXNlcm5hbWUiOiJhZG1pbiJ9.WLgEO3s_Y4yGUKuABrhwE2LbBUv93U2VWC0UaSKmf74',)
18:43:55 - INF - <module> - ('Servicio Finalizado',)
18:43:57 - INF - <module> - ('Servicio Iniciado',)
18:45:17 - INF - <module> - ('Servicio Finalizado',)
18:45:19 - INF - <module> - ('Servicio Iniciado',)
18:46:49 - INF - <module> - ('Servicio Finalizado',)
18:46:50 - INF - <module> - ('Servicio Iniciado',)
18:47:14 - INF - <module> - ('Servicio Finalizado',)
18:47:16 - INF - <module> - ('Servicio Iniciado',)
18:49:11 - INF - <module> - ('Servicio Finalizado',)
18:49:13 - INF - <module> - ('Servicio Iniciado',)
18:49:17 - INF - <module> - ('Servicio Finalizado',)
18:49:19 - INF - <module> - ('Servicio Iniciado',)
18:50:00 - INF - post - ('Servicio de login ejecutandose',)
18:50:00 - INF - post - ('Servicio de login ejecutandose',)
18:50:05 - INF - post - ('Servicio de login ejecutandose',)
18:50:11 - INF - post - ('Servicio de login ejecutandose',)
18:50:11 - INF - post - ('Servicio de login ejecutandose',)
18:50:11 - INF - get - ('Servicio de vista de todas las publicaciones ejecutándose',)
18:50:11 - INF - get - ('Servicio de vista de todas las publicaciones ejecutándose',)
18:50:12 - INF - get - ('Servicio para listar recursos ejecutándose',)
18:50:13 - INF - get - ('Servicio para listar recursos ejecutándose',)
18:50:14 - INF - get - ('Servicio de consulta de usuarios ejecutándose',)
18:50:14 - INF - get - ('Servicio de consulta de usuarios ejecutándose',)
18:51:04 - INF - get - ('Servicio para listar recursos ejecutándose',)
18:51:04 - INF - get - ('Servicio para listar recursos ejecutándose',)
18:51:34 - INF - post - ('Servicio para creación de recursos ejecutándose',)
18:51:34 - INF - create_resource - ("Error en la creación del recurso -> 'int' object is not subscriptable",)
18:51:34 - INF - get - ('Servicio para listar recursos ejecutándose',)
18:51:39 - INF - get - ('Servicio de vista de todas las publicaciones ejecutándose',)
18:51:39 - INF - get - ('Servicio de vista de todas las publicaciones ejecutándose',)
18:51:47 - INF - post - ('Servicio de post, creación de publicaciones ejecutándose',)
18:51:47 - INF - create_post - ("Error en el componente de creación del post -> 'int' object is not subscriptable",)
18:51:47 - INF - get - ('Servicio de vista de todas las publicaciones ejecutándose',)
18:51:53 - INF - get - ('Servicio de consulta de usuarios ejecutándose',)
18:51:53 - INF - get - ('Servicio de consulta de usuarios ejecutándose',)
18:52:46 - INF - get - ('Servicio de consulta de usuarios ejecutándose',)
18:58:45 - INF - <module> - ('Servicio Finalizado',)
18:58:47 - INF - <module> - ('Servicio Iniciado',)
18:59:43 - INF - get - ('Servicio de consulta de usuarios ejecutándose',)
18:59:44 - INF - get - ('Servicio de consulta de usuarios ejecutándose',)
18:59:49 - INF - get - ('Servicio de consulta de usuarios ejecutándose',)
18:59:59 - INF - get - ('Servicio de consulta de usuarios ejecutándose',)
19:02:03 - INF - get - ('Servicio de consulta de usuarios ejecutándose',)
19:02:09 - INF - get - ('Servicio de consulta de usuarios ejecutándose',)
19:13:04 - INF - <module> - ('Servicio Finalizado',)
19:13:05 - INF - <module> - ('Servicio Iniciado',)
19:17:15 - INF - get - ('Servicio de vista de todas las publicaciones ejecutándose',)
19:17:15 - INF - get - ('Servicio de vista de todas las publicaciones ejecutándose',)
19:17:17 - INF - get - ('Servicio de consulta de usuarios ejecutándose',)
19:17:17 - INF - token_validate - ('El token ha expirado.',)
19:17:17 - INF - get - ('Servicio de consulta de usuarios ejecutándose',)
19:17:17 - INF - token_validate - ('El token ha expirado.',)
19:17:26 - INF - post - ('Servicio de login ejecutandose',)
19:17:26 - INF - get - ('Servicio de consulta de usuarios ejecutándose',)
19:17:27 - INF - get - ('Servicio de consulta de usuarios ejecutándose',)
19:17:28 - INF - get - ('Servicio de vista de todas las publicaciones ejecutándose',)
19:17:28 - INF - get - ('Servicio de vista de todas las publicaciones ejecutándose',)
19:17:29 - INF - get - ('Servicio para listar recursos ejecutándose',)
19:17:29 - INF - get - ('Servicio para listar recursos ejecutándose',)
19:17:30 - INF - get - ('Servicio de consulta de usuarios ejecutándose',)
19:17:30 - INF - get - ('Servicio de consulta de usuarios ejecutándose',)
19:17:31 - INF - get - ('Servicio para listar recursos ejecutándose',)
19:17:31 - INF - get - ('Servicio para listar recursos ejecutándose',)
19:17:33 - INF - get - ('Servicio de vista de todas las publicaciones ejecutándose',)
19:17:33 - INF - get - ('Servicio de vista de todas las publicaciones ejecutándose',)
19:17:34 - INF - get - ('Servicio para listar recursos ejecutándose',)
19:17:34 - INF - get - ('Servicio para listar recursos ejecutándose',)
19:17:37 - INF - get - ('Servicio de consulta de usuarios ejecutándose',)
19:17:37 - INF - get - ('Servicio de consulta de usuarios ejecutándose',)
19:22:17 - INF - get - ('Servicio de vista de todas las publicaciones ejecutándose',)
19:22:17 - INF - get - ('Servicio de vista de todas las publicaciones ejecutándose',)
19:23:04 - INF - post - ('Servicio de login ejecutandose',)
19:23:04 - INF - get - ('Servicio de vista de todas las publicaciones ejecutándose',)
19:23:04 - INF - get - ('Servicio de vista de todas las publicaciones ejecutándose',)
19:23:06 - INF - get - ('Servicio para listar recursos ejecutándose',)
19:23:06 - INF - get - ('Servicio para listar recursos ejecutándose',)
19:23:08 - INF - get - ('Servicio de vista de todas las publicaciones ejecutándose',)
19:23:08 - INF - get - ('Servicio de vista de todas las publicaciones ejecutándose',)
19:23:09 - INF - get - ('Servicio para listar recursos ejecutándose',)
19:23:09 - INF - get - ('Servicio para listar recursos ejecutándose',)
19:23:10 - INF - get - ('Servicio de consulta de usuarios ejecutándose',)
19:23:10 - INF - get - ('Servicio de consulta de usuarios ejecutándose',)
19:23:20 - INF - get - ('Servicio de consulta de usuarios ejecutándose',)
19:23:20 - INF - get - ('Servicio de consulta de usuarios ejecutándose',)
19:23:30 - INF - get - ('Servicio de consulta de usuarios ejecutándose',)
19:23:31 - INF - get - ('Servicio de consulta de usuarios ejecutándose',)
19:24:51 - INF - get - ('Servicio de vista de todas las publicaciones ejecutándose',)
19:24:51 - INF - get - ('Servicio de vista de todas las publicaciones ejecutándose',)
19:25:09 - INF - post - ('Servicio de login ejecutandose',)
19:25:09 - INF - post - ('Servicio de login ejecutandose',)
19:25:09 - INF - get - ('Servicio de vista de todas las publicaciones ejecutándose',)
19:25:09 - INF - get - ('Servicio de vista de todas las publicaciones ejecutándose',)
19:25:11 - INF - get - ('Servicio para listar recursos ejecutándose',)
19:25:11 - INF - get - ('Servicio para listar recursos ejecutándose',)
19:25:12 - INF - get - ('Servicio de consulta de usuarios ejecutándose',)
19:25:12 - INF - get - ('Servicio de consulta de usuarios ejecutándose',)
19:25:17 - INF - get - ('Servicio de vista de todas las publicaciones ejecutándose',)
19:25:17 - INF - get - ('Servicio de vista de todas las publicaciones ejecutándose',)
19:25:20 - INF - get - ('Servicio de consulta de usuarios ejecutándose',)
19:25:20 - INF - get - ('Servicio de consulta de usuarios ejecutándose',)
19:25:21 - INF - get - ('Servicio de consulta de usuarios ejecutándose',)
19:25:21 - INF - get - ('Servicio de consulta de usuarios ejecutándose',)
19:25:24 - INF - get - ('Servicio de vista de todas las publicaciones ejecutándose',)
19:25:24 - INF - get - ('Servicio de vista de todas las publicaciones ejecutándose',)
19:25:38 - INF - get - ('Servicio para listar recursos ejecutándose',)
19:25:38 - INF - get - ('Servicio para listar recursos ejecutándose',)
19:25:39 - INF - get - ('Servicio de consulta de usuarios ejecutándose',)
19:25:39 - INF - get - ('Servicio de consulta de usuarios ejecutándose',)
19:25:45 - INF - get - ('Servicio de consulta de usuarios ejecutándose',)
19:25:45 - INF - get - ('Servicio de consulta de usuarios ejecutándose',)
19:25:46 - INF - get - ('Servicio de consulta de usuarios ejecutándose',)
19:25:46 - INF - get - ('Servicio de consulta de usuarios ejecutándose',)
19:25:52 - INF - get - ('Servicio de consulta de usuarios ejecutándose',)
19:25:52 - INF - get - ('Servicio de consulta de usuarios ejecutándose',)
19:25:57 - INF - get - ('Servicio de consulta de usuarios ejecutándose',)
19:25:57 - INF - get - ('Servicio de consulta de usuarios ejecutándose',)
19:59:13 - INF - <module> - ('Servicio Finalizado',)
19:59:15 - INF - <module> - ('Servicio Iniciado',)
19:59:42 - INF - <module> - ('Servicio Finalizado',)
19:59:44 - INF - <module> - ('Servicio Iniciado',)
20:01:51 - INF - post - ('Servicio de login ejecutandose',)
20:01:54 - INF - get - ('Servicio para listar recursos ejecutándose',)
20:01:54 - INF - get - ('Servicio para listar recursos ejecutándose',)
20:01:54 - INF - get - ('Servicio de consulta de usuarios ejecutándose',)
20:01:54 - INF - get - ('Servicio de consulta de usuarios ejecutándose',)
20:02:02 - INF - get - ('Servicio de consulta de usuarios ejecutándose',)
20:02:02 - INF - get - ('Servicio de consulta de usuarios ejecutándose',)
20:06:55 - INF - <module> - ('Servicio Finalizado',)
20:06:56 - INF - <module> - ('Servicio Iniciado',)
20:09:09 - INF - <module> - ('Servicio Finalizado',)
20:09:10 - INF - <module> - ('Servicio Iniciado',)
20:09:15 - INF - post - ('Servicio de login ejecutandose',)
20:09:15 - INF - get - ('Servicio de visualización de conversación ejecutándose',)
20:09:15 - INF - get - ('Faltan parámetros obligatorios en el query',)
20:09:15 - INF - get - ('Servicio de visualización de conversación ejecutándose',)
20:09:15 - INF - get - ('Faltan parámetros obligatorios en el query',)
20:09:17 - INF - get - ('Servicio de consulta de usuarios ejecutándose',)
20:09:17 - INF - get - ('Servicio de consulta de usuarios ejecutándose',)
20:09:19 - INF - get - ('Servicio de visualización de conversación ejecutándose',)
20:09:19 - INF - get - ('Faltan parámetros obligatorios en el query',)
20:09:19 - INF - get - ('Servicio de visualización de conversación ejecutándose',)
20:09:19 - INF - get - ('Faltan parámetros obligatorios en el query',)
20:11:19 - INF - post - ('Servicio de login ejecutandose',)
20:11:19 - INF - get - ('Servicio de visualización de conversación ejecutándose',)
20:11:19 - INF - get - ('Faltan parámetros obligatorios en el query',)
20:11:19 - INF - get - ('Servicio de visualización de conversación ejecutándose',)
20:11:19 - INF - get - ('Faltan parámetros obligatorios en el query',)
20:11:21 - INF - get - ('Servicio de vista de todas las publicaciones ejecutándose',)
20:11:21 - INF - get - ('Servicio de vista de todas las publicaciones ejecutándose',)
20:11:22 - INF - get - ('Servicio para listar recursos ejecutándose',)
20:11:22 - INF - get - ('Servicio para listar recursos ejecutándose',)
20:11:23 - INF - get - ('Servicio de consulta de usuarios ejecutándose',)
20:11:23 - INF - get - ('Servicio de consulta de usuarios ejecutándose',)
20:11:26 - INF - get - ('Servicio de visualización de conversación ejecutándose',)
20:11:26 - INF - get - ('Faltan parámetros obligatorios en el query',)
20:11:27 - INF - get - ('Servicio de visualización de conversación ejecutándose',)
20:11:27 - INF - get - ('Faltan parámetros obligatorios en el query',)
20:14:46 - INF - <module> - ('Servicio Finalizado',)
20:14:48 - INF - <module> - ('Servicio Iniciado',)
20:15:28 - INF - get - ('Servicio de visualización de conversación ejecutándose',)
20:15:28 - INF - get - ('Faltan parámetros obligatorios en el query',)
20:16:47 - INF - get - ('Servicio de vista de todas las publicaciones ejecutándose',)
20:16:47 - INF - get - ('Servicio de vista de todas las publicaciones ejecutándose',)
20:16:58 - INF - post - ('Servicio de login ejecutandose',)
20:16:58 - INF - get - ('Servicio de vista de todas las publicaciones ejecutándose',)
20:16:59 - INF - get - ('Servicio de vista de todas las publicaciones ejecutándose',)
20:17:00 - INF - get - ('Servicio para listar recursos ejecutándose',)
20:17:00 - INF - get - ('Servicio para listar recursos ejecutándose',)
20:17:01 - INF - get - ('Servicio de consulta de usuarios ejecutándose',)
20:17:01 - INF - get - ('Servicio de consulta de usuarios ejecutándose',)
20:17:03 - INF - get - ('Servicio de visualización de conversación ejecutándose',)
20:17:03 - INF - get - ('Faltan parámetros obligatorios en el query',)
20:17:03 - INF - get - ('Servicio de visualización de conversación ejecutándose',)
20:17:03 - INF - get - ('Faltan parámetros obligatorios en el query',)
20:19:04 - INF - <module> - ('Servicio Finalizado',)
20:19:05 - INF - <module> - ('Servicio Iniciado',)
20:19:05 - INF - get - ('Servicio de vista de todas las publicaciones ejecutándose',)
20:19:06 - INF - get - ('Servicio de vista de todas las publicaciones ejecutándose',)
20:19:12 - INF - post - ('Servicio de login ejecutandose',)
20:19:12 - INF - get - ('Servicio de vista de todas las publicaciones ejecutándose',)
20:19:12 - INF - get - ('Servicio de vista de todas las publicaciones ejecutándose',)
20:19:13 - INF - get - ('Servicio de consulta de usuarios ejecutándose',)
20:19:13 - INF - get - ('Servicio de consulta de usuarios ejecutándose',)
20:19:57 - INF - <module> - ('Servicio Finalizado',)
20:19:59 - INF - <module> - ('Servicio Iniciado',)
20:22:54 - INF - <module> - ('Servicio Finalizado',)
20:22:56 - INF - <module> - ('Servicio Iniciado',)
20:24:10 - INF - <module> - ('Servicio Finalizado',)
20:24:12 - INF - <module> - ('Servicio Iniciado',)
20:24:51 - INF - get - ('Servicio de visualización de conversación ejecutándose',)
20:24:51 - INF - get - ('Faltan parámetros obligatorios en el query',)
20:24:52 - INF - get - ('Servicio de visualización de conversación ejecutándose',)
20:24:52 - INF - get - ('Faltan parámetros obligatorios en el query',)
20:24:52 - INF - get - ('Servicio de visualización de conversación ejecutándose',)
20:24:52 - INF - get - ('Faltan parámetros obligatorios en el query',)
20:24:53 - INF - get - ('Servicio de visualización de conversación ejecutándose',)
20:24:53 - INF - get - ('Faltan parámetros obligatorios en el query',)
20:25:24 - INF - get - ('Servicio de vista de todas las publicaciones ejecutándose',)
20:25:24 - INF - get - ('Servicio de vista de todas las publicaciones ejecutándose',)
20:25:27 - INF - get - ('Servicio de consulta de usuarios ejecutándose',)
20:25:27 - INF - get - ('Servicio de consulta de usuarios ejecutándose',)
20:25:35 - INF - get - ('Servicio de vista de todas las publicaciones ejecutándose',)
20:25:36 - INF - get - ('Servicio de vista de todas las publicaciones ejecutándose',)
20:25:36 - INF - get - ('Servicio de consulta de usuarios ejecutándose',)
20:25:36 - INF - get - ('Servicio de consulta de usuarios ejecutándose',)
20:25:38 - INF - get - ('Servicio de visualización de conversación ejecutándose',)
20:25:38 - INF - get - ('Faltan parámetros obligatorios en el query',)
20:25:38 - INF - get - ('Servicio de visualización de conversación ejecutándose',)
20:25:38 - INF - get - ('Faltan parámetros obligatorios en el query',)
20:25:42 - INF - get - ('Servicio de consulta de usuarios ejecutándose',)
20:25:42 - INF - get - ('Servicio de consulta de usuarios ejecutándose',)
20:25:43 - INF - get - ('Servicio para listar recursos ejecutándose',)
20:25:43 - INF - get - ('Servicio para listar recursos ejecutándose',)
20:25:44 - INF - get - ('Servicio de vista de todas las publicaciones ejecutándose',)
20:25:44 - INF - get - ('Servicio de vista de todas las publicaciones ejecutándose',)
20:26:06 - INF - get - ('Servicio para listar recursos ejecutándose',)
20:26:06 - INF - get - ('Servicio para listar recursos ejecutándose',)
20:26:07 - INF - get - ('Servicio de visualización de conversación ejecutándose',)
20:26:07 - INF - get - ('Faltan parámetros obligatorios en el query',)
20:26:07 - INF - get - ('Servicio de visualización de conversación ejecutándose',)
20:26:07 - INF - get - ('Faltan parámetros obligatorios en el query',)
20:26:41 - INF - get - ('Servicio de vista de todas las publicaciones ejecutándose',)
20:26:42 - INF - get - ('Servicio de vista de todas las publicaciones ejecutándose',)
20:28:26 - INF - get - ('Servicio de vista de todas las publicaciones ejecutándose',)
20:28:26 - INF - get - ('Servicio de vista de todas las publicaciones ejecutándose',)
20:28:29 - INF - get - ('Servicio para listar recursos ejecutándose',)
20:28:29 - INF - get - ('Servicio para listar recursos ejecutándose',)
20:28:30 - INF - get - ('Servicio de consulta de usuarios ejecutándose',)
20:28:30 - INF - get - ('Servicio de consulta de usuarios ejecutándose',)
20:28:41 - INF - get - ('Servicio de vista de todas las publicaciones ejecutándose',)
20:28:41 - INF - get - ('Servicio de vista de todas las publicaciones ejecutándose',)
20:28:42 - INF - get - ('Servicio para listar recursos ejecutándose',)
20:28:42 - INF - get - ('Servicio para listar recursos ejecutándose',)
20:28:42 - INF - get - ('Servicio de consulta de usuarios ejecutándose',)
20:28:42 - INF - get - ('Servicio de consulta de usuarios ejecutándose',)
20:28:44 - INF - get - ('Servicio de visualización de conversación ejecutándose',)
20:28:44 - INF - get - ('Faltan parámetros obligatorios en el query',)
20:28:44 - INF - get - ('Servicio de visualización de conversación ejecutándose',)
20:28:44 - INF - get - ('Faltan parámetros obligatorios en el query',)
20:36:01 - INF - get - ('Servicio de vista de todas las publicaciones ejecutándose',)
20:36:01 - INF - get - ('Servicio de vista de todas las publicaciones ejecutándose',)
20:36:04 - INF - get - ('Servicio para listar recursos ejecutándose',)
20:36:04 - INF - get - ('Servicio para listar recursos ejecutándose',)
21:22:27 - INF - get - ('Servicio de vista de todas las publicaciones ejecutándose',)
21:22:27 - INF - get - ('Servicio de vista de todas las publicaciones ejecutándose',)
21:22:37 - INF - post - ('Servicio de login ejecutandose',)
21:22:37 - INF - get - ('Servicio de vista de todas las publicaciones ejecutándose',)
21:22:37 - INF - get - ('Servicio de vista de todas las publicaciones ejecutándose',)
21:22:38 - INF - get - ('Servicio de consulta de usuarios ejecutándose',)
21:22:39 - INF - get - ('Servicio de consulta de usuarios ejecutándose',)
21:22:40 - INF - get - ('Servicio de visualización de conversación ejecutándose',)
21:22:40 - INF - get - ('Faltan parámetros obligatorios en el query',)
21:22:40 - INF - get - ('Servicio de visualización de conversación ejecutándose',)
21:22:40 - INF - get - ('Faltan parámetros obligatorios en el query',)
21:22:42 - INF - get - ('Servicio de consulta de usuarios ejecutándose',)
21:22:42 - INF - get - ('Servicio de consulta de usuarios ejecutándose',)
21:22:44 - INF - get - ('Servicio de visualización de conversación ejecutándose',)
21:22:44 - INF - get - ('Faltan parámetros obligatorios en el query',)
21:22:44 - INF - get - ('Servicio de visualización de conversación ejecutándose',)
21:22:44 - INF - get - ('Faltan parámetros obligatorios en el query',)
21:22:47 - INF - get - ('Servicio de consulta de usuarios ejecutándose',)
21:22:47 - INF - get - ('Servicio de consulta de usuarios ejecutándose',)
21:22:48 - INF - get - ('Servicio de visualización de conversación ejecutándose',)
21:22:48 - INF - get - ('Faltan parámetros obligatorios en el query',)
21:22:49 - INF - get - ('Servicio de visualización de conversación ejecutándose',)
21:22:49 - INF - get - ('Faltan parámetros obligatorios en el query',)
21:23:14 - INF - get - ('Servicio de consulta de usuarios ejecutándose',)
21:23:14 - INF - get - ('Servicio de consulta de usuarios ejecutándose',)
21:23:15 - INF - get - ('Servicio de visualización de conversación ejecutándose',)
21:23:15 - INF - get - ('Faltan parámetros obligatorios en el query',)
21:23:15 - INF - get - ('Servicio de visualización de conversación ejecutándose',)
21:23:15 - INF - get - ('Faltan parámetros obligatorios en el query',)
21:25:05 - INF - get - ('Servicio de vista de todas las publicaciones ejecutándose',)
21:25:05 - INF - get - ('Servicio de vista de todas las publicaciones ejecutándose',)
21:25:10 - INF - get - ('Servicio de consulta de usuarios ejecutándose',)
21:25:10 - INF - get - ('Servicio de consulta de usuarios ejecutándose',)
21:29:22 - INF - get - ('Servicio para listar recursos ejecutándose',)
21:29:22 - INF - get - ('Servicio para listar recursos ejecutándose',)
21:29:23 - INF - get - ('Servicio de consulta de usuarios ejecutándose',)
21:29:23 - INF - get - ('Servicio de consulta de usuarios ejecutándose',)
21:31:29 - INF - get - ('Servicio de vista de todas las publicaciones ejecutándose',)
21:31:29 - INF - get - ('Servicio de vista de todas las publicaciones ejecutándose',)
21:31:35 - INF - get - ('Servicio de consulta de usuarios ejecutándose',)
21:31:36 - INF - get - ('Servicio de consulta de usuarios ejecutándose',)
21:31:56 - INF - get - ('Servicio de vista de todas las publicaciones ejecutándose',)
21:31:56 - INF - get - ('Servicio de vista de todas las publicaciones ejecutándose',)
21:32:45 - INF - get - ('Servicio de consulta de usuarios ejecutándose',)
21:32:45 - INF - get - ('Servicio de consulta de usuarios ejecutándose',)
21:33:02 - INF - get - ('Servicio de vista de todas las publicaciones ejecutándose',)
21:33:02 - INF - get - ('Servicio de vista de todas las publicaciones ejecutándose',)
21:33:09 - INF - post - ('Servicio de login ejecutandose',)
21:33:09 - INF - get - ('Servicio de vista de todas las publicaciones ejecutándose',)
21:33:09 - INF - get - ('Servicio de vista de todas las publicaciones ejecutándose',)
21:33:11 - INF - get - ('Servicio de consulta de usuarios ejecutándose',)
21:33:11 - INF - get - ('Servicio de consulta de usuarios ejecutándose',)
21:33:12 - INF - get - ('Servicio de visualización de conversación ejecutándose',)
21:33:12 - INF - get - ('Faltan parámetros obligatorios en el query',)
21:33:12 - INF - get - ('Servicio de visualización de conversación ejecutándose',)
21:33:12 - INF - get - ('Faltan parámetros obligatorios en el query',)
21:33:15 - INF - get - ('Servicio de consulta de usuarios ejecutándose',)
21:33:15 - INF - get - ('Servicio de consulta de usuarios ejecutándose',)
21:33:16 - INF - get - ('Servicio de visualización de conversación ejecutándose',)
21:33:16 - INF - get - ('Faltan parámetros obligatorios en el query',)
21:33:16 - INF - get - ('Servicio de visualización de conversación ejecutándose',)
21:33:16 - INF - get - ('Faltan parámetros obligatorios en el query',)
21:34:15 - INF - post - ('Servicio de login ejecutandose',)
21:34:15 - INF - get - ('Servicio de visualización de conversación ejecutándose',)
21:34:15 - INF - get - ('Servicio de visualización de conversación ejecutándose',)
21:34:17 - INF - get - ('Servicio de consulta de usuarios ejecutándose',)
21:34:17 - INF - get - ('Servicio de consulta de usuarios ejecutándose',)
21:34:19 - INF - get - ('Servicio de visualización de conversación ejecutándose',)
21:34:19 - INF - get - ('Servicio de visualización de conversación ejecutándose',)
21:34:22 - INF - get - ('Servicio de vista de todas las publicaciones ejecutándose',)
21:34:22 - INF - get - ('Servicio de vista de todas las publicaciones ejecutándose',)
21:34:23 - INF - get - ('Servicio de visualización de conversación ejecutándose',)
21:34:23 - INF - get - ('Servicio de visualización de conversación ejecutándose',)
21:34:24 - INF - get - ('Servicio de consulta de usuarios ejecutándose',)
21:34:25 - INF - get - ('Servicio de consulta de usuarios ejecutándose',)
21:34:27 - INF - get - ('Servicio de visualización de conversación ejecutándose',)
21:34:27 - INF - get - ('Servicio de visualización de conversación ejecutándose',)
21:34:36 - INF - post - ('Servicio de login ejecutandose',)
21:34:36 - INF - get - ('Servicio de visualización de conversación ejecutándose',)
21:34:37 - INF - get - ('Servicio de visualización de conversación ejecutándose',)
21:34:39 - INF - get - ('Servicio de vista de todas las publicaciones ejecutándose',)
21:34:39 - INF - get - ('Servicio de vista de todas las publicaciones ejecutándose',)
21:34:51 - INF - post - ('Servicio de login ejecutandose',)
21:34:51 - INF - get - ('Servicio de vista de todas las publicaciones ejecutándose',)
21:34:51 - INF - get - ('Servicio de vista de todas las publicaciones ejecutándose',)
21:34:53 - INF - get - ('Servicio de consulta de usuarios ejecutándose',)
21:34:53 - INF - get - ('Servicio de consulta de usuarios ejecutándose',)
21:34:56 - INF - get - ('Servicio de consulta de usuarios ejecutándose',)
21:34:56 - INF - get - ('Servicio de consulta de usuarios ejecutándose',)
21:34:58 - INF - get - ('Servicio de visualización de conversación ejecutándose',)
21:34:58 - INF - get - ('Servicio de visualización de conversación ejecutándose',)
21:35:02 - INF - post - ('Servicio de envío de mensajes ejecutándose',)
21:35:02 - INF - post - ("Error en la validación del request -> {'sender_id': ['El sender_id es obligatorio']}",)
21:35:07 - INF - post - ('Servicio de envío de mensajes ejecutándose',)
21:35:07 - INF - post - ("Error en la validación del request -> {'sender_id': ['El sender_id es obligatorio']}",)
21:40:15 - INF - get - ('Servicio de visualización de conversación ejecutándose',)
21:40:17 - INF - get - ('Servicio de consulta de usuarios ejecutándose',)
21:40:17 - INF - get - ('Servicio de consulta de usuarios ejecutándose',)
21:41:52 - INF - <module> - ('Servicio Finalizado',)
21:41:52 - INF - <module> - ('Servicio Finalizado',)
21:42:00 - INF - <module> - ('Servicio Iniciado',)
21:42:02 - INF - <module> - ('Servicio Iniciado',)
21:42:35 - INF - post - ('Servicio de login ejecutandose',)
21:42:35 - INF - get - ('Servicio de vista de todas las publicaciones ejecutándose',)
21:42:35 - INF - get - ('Servicio de vista de todas las publicaciones ejecutándose',)
21:42:36 - INF - get - ('Servicio de consulta de usuarios ejecutándose',)
21:42:37 - INF - get - ('Servicio de consulta de usuarios ejecutándose',)
21:42:38 - INF - get - ('Servicio de visualización de conversación ejecutándose',)
21:42:38 - INF - get - ('Servicio de visualización de conversación ejecutándose',)
21:42:52 - INF - post - ('Servicio de envío de mensajes ejecutándose',)
21:42:52 - INF - post - ("Error en la validación del request -> {'sender_id': ['El sender_id es obligatorio']}",)
21:42:57 - INF - post - ('Servicio de envío de mensajes ejecutándose',)
21:42:57 - INF - post - ("Error en la validación del request -> {'sender_id': ['El sender_id es obligatorio']}",)
21:43:01 - INF - post - ('Servicio de envío de mensajes ejecutándose',)
21:43:01 - INF - post - ("Error en la validación del request -> {'sender_id': ['El sender_id es obligatorio']}",)
21:46:06 - INF - <module> - ('Servicio Finalizado',)
21:46:08 - INF - <module> - ('Servicio Finalizado',)
21:47:17 - INF - <module> - ('Servicio Iniciado',)
21:47:19 - INF - <module> - ('Servicio Iniciado',)
21:47:20 - INF - get - ('Servicio de vista de todas las publicaciones ejecutándose',)
21:47:21 - INF - get - ('Servicio de vista de todas las publicaciones ejecutándose',)
21:47:27 - INF - post - ('Servicio de login ejecutandose',)
21:47:28 - INF - get - ('Servicio de vista de todas las publicaciones ejecutándose',)
21:47:28 - INF - get - ('Servicio de vista de todas las publicaciones ejecutándose',)
21:47:31 - INF - get - ('Servicio de consulta de usuarios ejecutándose',)
21:47:31 - INF - get - ('Servicio de consulta de usuarios ejecutándose',)
21:47:32 - INF - get - ('Servicio de visualización de conversación ejecutándose',)
21:47:33 - INF - get - ('Servicio de visualización de conversación ejecutándose',)
21:47:36 - INF - post - ('Servicio de envio de mensajes ejecutandose',)
21:47:36 - INF - post - ("Error en la validacion del request ->{'sender_id': ['El sender_id es obligatorio']}",)
21:47:43 - INF - post - ('Servicio de envio de mensajes ejecutandose',)
21:47:43 - INF - post - ("Error en la validacion del request ->{'sender_id': ['El sender_id es obligatorio']}",)
21:48:23 - INF - <module> - ('Servicio Finalizado',)
21:48:25 - INF - <module> - ('Servicio Iniciado',)
21:48:51 - INF - <module> - ('Servicio Finalizado',)
21:48:53 - INF - <module> - ('Servicio Iniciado',)
21:52:07 - INF - post - ('Servicio de envío de mensajes ejecutándose',)
21:52:07 - INF - post - ("Error en la validación del request -> {'sender_id': ['El sender_id es obligatorio']}",)
21:58:56 - INF - get - ('Servicio de visualización de conversación ejecutándose',)
21:59:14 - INF - post - ('Servicio de login ejecutandose',)
21:59:15 - INF - get - ('Servicio de vista de todas las publicaciones ejecutándose',)
21:59:15 - INF - get - ('Servicio de vista de todas las publicaciones ejecutándose',)
21:59:16 - INF - get - ('Servicio de consulta de usuarios ejecutándose',)
21:59:16 - INF - get - ('Servicio de consulta de usuarios ejecutándose',)
21:59:18 - INF - get - ('Servicio de visualización de conversación ejecutándose',)
21:59:18 - INF - get - ('Servicio de visualización de conversación ejecutándose',)
22:01:46 - INF - get - ('Servicio de visualización de conversación ejecutándose',)
22:01:57 - INF - post - ('Servicio de login ejecutandose',)
22:01:57 - INF - get - ('Servicio de vista de todas las publicaciones ejecutándose',)
22:01:57 - INF - get - ('Servicio de vista de todas las publicaciones ejecutándose',)
22:01:58 - INF - get - ('Servicio de consulta de usuarios ejecutándose',)
22:01:59 - INF - get - ('Servicio de consulta de usuarios ejecutándose',)
22:02:00 - INF - get - ('Servicio de visualización de conversación ejecutándose',)
22:02:00 - INF - get - ('Servicio de visualización de conversación ejecutándose',)
22:03:42 - INF - get - ('Servicio de visualización de conversación ejecutándose',)
22:03:44 - INF - get - ('Servicio de visualización de conversación ejecutándose',)
22:03:45 - INF - post - ('Servicio de envío de mensajes ejecutándose',)
22:03:45 - INF - post - ("Error en la validación del request -> {'sender_id': ['El sender_id es obligatorio']}",)
22:15:08 - INF - post - ('Servicio de login ejecutandose',)
22:15:08 - INF - get - ('Servicio de vista de todas las publicaciones ejecutándose',)
22:15:08 - INF - get - ('Servicio de vista de todas las publicaciones ejecutándose',)
22:15:10 - INF - get - ('Servicio de consulta de usuarios ejecutándose',)
22:15:10 - INF - get - ('Servicio de consulta de usuarios ejecutándose',)
22:15:12 - INF - get - ('Servicio de consulta de usuarios ejecutándose',)
22:15:12 - INF - get - ('Servicio de consulta de usuarios ejecutándose',)
22:15:17 - INF - get - ('Servicio de consulta de usuarios ejecutándose',)
22:15:18 - INF - get - ('Servicio de consulta de usuarios ejecutándose',)
22:15:51 - INF - get - ('Servicio de consulta de usuarios ejecutándose',)
22:15:51 - INF - get - ('Servicio de consulta de usuarios ejecutándose',)
22:16:01 - INF - post - ('Servicio de login ejecutandose',)
22:16:02 - INF - get - ('Servicio de consulta de usuarios ejecutándose',)
22:16:02 - INF - get - ('Servicio de consulta de usuarios ejecutándose',)
22:16:59 - INF - post - ('Servicio de login ejecutandose',)
22:16:59 - INF - get - ('Servicio de vista de todas las publicaciones ejecutándose',)
22:16:59 - INF - get - ('Servicio de vista de todas las publicaciones ejecutándose',)
22:17:01 - INF - get - ('Servicio de consulta de usuarios ejecutándose',)
22:17:01 - INF - get - ('Servicio de consulta de usuarios ejecutándose',)
22:17:02 - INF - get - ('Servicio de visualización de conversación ejecutándose',)
22:17:03 - INF - get - ('Servicio de visualización de conversación ejecutándose',)
22:17:06 - INF - post - ('Servicio de envío de mensajes ejecutándose',)
22:17:06 - INF - post - ("Error en la validación del request -> {'sender_id': ['El sender_id es obligatorio']}",)
22:17:47 - INF - get - ('Servicio de visualización de conversación ejecutándose',)
22:18:10 - INF - get - ('Servicio de visualización de conversación ejecutándose',)
22:19:31 - INF - <module> - ('Servicio Finalizado',)
22:19:32 - INF - <module> - ('Servicio Iniciado',)
22:19:40 - INF - post - ('Servicio de login ejecutandose',)
22:19:41 - INF - get - ('Servicio de vista de todas las publicaciones ejecutándose',)
22:19:41 - INF - get - ('Servicio de vista de todas las publicaciones ejecutándose',)
22:19:42 - INF - get - ('Servicio de consulta de usuarios ejecutándose',)
22:19:42 - INF - get - ('Servicio de consulta de usuarios ejecutándose',)
22:19:43 - INF - get - ('Servicio de vista de todas las publicaciones ejecutándose',)
22:19:43 - INF - get - ('Servicio de vista de todas las publicaciones ejecutándose',)
22:19:45 - INF - get - ('Servicio de consulta de usuarios ejecutándose',)
22:19:45 - INF - get - ('Servicio de consulta de usuarios ejecutándose',)
22:19:47 - INF - get - ('Servicio de visualización de conversación ejecutándose',)
22:19:47 - INF - get - ('Servicio de visualización de conversación ejecutándose',)
22:22:14 - INF - get - ('Servicio de visualización de conversación ejecutándose',)
22:22:19 - INF - post - ('Servicio de envío de mensajes ejecutándose',)
22:22:19 - INF - post - ("Error en la validación del request -> {'sender_id': ['El sender_id es obligatorio']}",)
22:22:56 - INF - <module> - ('Servicio Finalizado',)
22:22:57 - INF - <module> - ('Servicio Iniciado',)
22:22:57 - INF - post - ('Servicio de envío de mensajes ejecutándose',)
22:23:16 - INF - <module> - ('Servicio Finalizado',)
22:23:17 - INF - <module> - ('Servicio Iniciado',)
22:25:00 - INF - post - ('Servicio de envío de mensajes ejecutándose',)
22:25:00 - INF - post - ("Error en la validación del request -> {'sender_id': ['El sender_id es obligatorio']}",)
22:26:02 - INF - get - ('Servicio de consulta de usuarios ejecutándose',)
22:26:02 - INF - get - ('Servicio de consulta de usuarios ejecutándose',)
22:28:45 - INF - get - ('Servicio de vista de todas las publicaciones ejecutándose',)
22:28:45 - INF - get - ('Servicio de vista de todas las publicaciones ejecutándose',)
22:28:47 - INF - get - ('Servicio para listar recursos ejecutándose',)
22:28:47 - INF - get - ('Servicio para listar recursos ejecutándose',)
22:29:43 - INF - get - ('Servicio para listar recursos ejecutándose',)
22:37:48 - INF - get - ('Servicio de vista de todas las publicaciones ejecutándose',)
22:37:48 - INF - get - ('Servicio de vista de todas las publicaciones ejecutándose',)
22:37:49 - INF - get - ('Servicio para listar recursos ejecutándose',)
22:37:49 - INF - get - ('Servicio para listar recursos ejecutándose',)
22:37:49 - INF - get - ('Servicio de vista de todas las publicaciones ejecutándose',)
22:37:49 - INF - get - ('Servicio de vista de todas las publicaciones ejecutándose',)
22:37:52 - INF - get - ('Servicio para listar recursos ejecutándose',)
22:37:52 - INF - get - ('Servicio para listar recursos ejecutándose',)
22:37:53 - INF - get - ('Servicio de vista de todas las publicaciones ejecutándose',)
22:37:53 - INF - get - ('Servicio de vista de todas las publicaciones ejecutándose',)
22:37:54 - INF - get - ('Servicio para listar recursos ejecutándose',)
22:37:54 - INF - get - ('Servicio para listar recursos ejecutándose',)
22:37:55 - INF - get - ('Servicio de consulta de usuarios ejecutándose',)
22:37:55 - INF - token_validate - ('El token ha expirado.',)
22:37:55 - INF - get - ('Servicio de consulta de usuarios ejecutándose',)
22:37:55 - INF - token_validate - ('El token ha expirado.',)
22:38:07 - INF - get - ('Servicio para listar recursos ejecutándose',)
22:38:07 - INF - get - ('Servicio para listar recursos ejecutándose',)
22:39:39 - INF - get - ('Servicio de vista de todas las publicaciones ejecutándose',)
22:39:39 - INF - get - ('Servicio de vista de todas las publicaciones ejecutándose',)
22:40:13 - INF - get - ('Servicio para listar recursos ejecutándose',)
22:40:13 - INF - get - ('Servicio para listar recursos ejecutándose',)
22:40:15 - INF - get - ('Servicio de vista de todas las publicaciones ejecutándose',)
22:40:15 - INF - get - ('Servicio de vista de todas las publicaciones ejecutándose',)
22:41:33 - INF - get - ('Servicio de vista de todas las publicaciones ejecutándose',)
22:41:33 - INF - get - ('Servicio de vista de todas las publicaciones ejecutándose',)
22:41:34 - INF - get - ('Servicio de vista de todas las publicaciones ejecutándose',)
22:41:34 - INF - get - ('Servicio de vista de todas las publicaciones ejecutándose',)
22:42:38 - INF - get - ('Servicio de vista de todas las publicaciones ejecutándose',)
22:42:38 - INF - get - ('Servicio de vista de todas las publicaciones ejecutándose',)
22:43:26 - INF - get - ('Servicio de vista de todas las publicaciones ejecutándose',)
22:43:26 - INF - get - ('Servicio de vista de todas las publicaciones ejecutándose',)
22:43:40 - INF - get - ('Servicio de vista de todas las publicaciones ejecutándose',)
22:43:40 - INF - get - ('Servicio de vista de todas las publicaciones ejecutándose',)
22:43:49 - INF - get - ('Servicio para listar recursos ejecutándose',)
22:43:49 - INF - get - ('Servicio para listar recursos ejecutándose',)
22:43:50 - INF - get - ('Servicio de vista de todas las publicaciones ejecutándose',)
22:43:50 - INF - get - ('Servicio de vista de todas las publicaciones ejecutándose',)
22:43:54 - INF - get - ('Servicio para listar recursos ejecutándose',)
22:43:54 - INF - get - ('Servicio para listar recursos ejecutándose',)
22:49:28 - INF - post - ('Servicio de login ejecutandose',)
22:49:28 - INF - get - ('Servicio de vista de todas las publicaciones ejecutándose',)
22:49:28 - INF - get - ('Servicio de vista de todas las publicaciones ejecutándose',)
22:49:37 - INF - get - ('Servicio para listar recursos ejecutándose',)
22:49:37 - INF - get - ('Servicio para listar recursos ejecutándose',)
22:51:08 - INF - post - ('Servicio de login ejecutandose',)
22:51:08 - INF - get - ('Servicio de vista de todas las publicaciones ejecutándose',)
22:51:08 - INF - get - ('Servicio de vista de todas las publicaciones ejecutándose',)
22:51:14 - INF - get - ('Servicio para listar recursos ejecutándose',)
22:51:15 - INF - get - ('Servicio para listar recursos ejecutándose',)
22:51:44 - INF - get - ('Servicio de consulta de usuarios ejecutándose',)
22:51:44 - INF - get - ('Servicio de consulta de usuarios ejecutándose',)
22:51:48 - INF - get - ('Servicio de visualización de conversación ejecutándose',)
22:51:48 - INF - get - ('Servicio de visualización de conversación ejecutándose',)
22:51:53 - INF - post - ('Servicio de envío de mensajes ejecutándose',)
22:51:53 - INF - post - ("Error en la validación del request -> {'sender_id': ['El sender_id es obligatorio']}",)
22:51:53 - INF - post - ('Servicio de envío de mensajes ejecutándose',)
22:51:53 - INF - post - ("Error en la validación del request -> {'sender_id': ['El sender_id es obligatorio']}",)
22:51:53 - INF - post - ('Servicio de envío de mensajes ejecutándose',)
22:51:53 - INF - post - ("Error en la validación del request -> {'sender_id': ['El sender_id es obligatorio']}",)
22:51:53 - INF - post - ('Servicio de envío de mensajes ejecutándose',)
22:51:53 - INF - post - ("Error en la validación del request -> {'sender_id': ['El sender_id es obligatorio']}",)
22:51:53 - INF - post - ('Servicio de envío de mensajes ejecutándose',)
22:51:53 - INF - post - ("Error en la validación del request -> {'sender_id': ['El sender_id es obligatorio']}",)
22:51:54 - INF - post - ('Servicio de envío de mensajes ejecutándose',)
22:51:54 - INF - post - ("Error en la validación del request -> {'sender_id': ['El sender_id es obligatorio']}",)
22:51:54 - INF - post - ('Servicio de envío de mensajes ejecutándose',)
22:51:54 - INF - post - ("Error en la validación del request -> {'sender_id': ['El sender_id es obligatorio']}",)
22:51:54 - INF - post - ('Servicio de envío de mensajes ejecutándose',)
22:51:54 - INF - post - ("Error en la validación del request -> {'sender_id': ['El sender_id es obligatorio']}",)
22:51:54 - INF - post - ('Servicio de envío de mensajes ejecutándose',)
22:51:54 - INF - post - ("Error en la validación del request -> {'sender_id': ['El sender_id es obligatorio']}",)
22:51:54 - INF - post - ('Servicio de envío de mensajes ejecutándose',)
22:51:54 - INF - post - ("Error en la validación del request -> {'sender_id': ['El sender_id es obligatorio']}",)
22:51:54 - INF - post - ('Servicio de envío de mensajes ejecutándose',)
22:51:54 - INF - post - ("Error en la validación del request -> {'sender_id': ['El sender_id es obligatorio']}",)
22:51:55 - INF - post - ('Servicio de envío de mensajes ejecutándose',)
22:51:55 - INF - post - ("Error en la validación del request -> {'sender_id': ['El sender_id es obligatorio']}",)
22:51:55 - INF - post - ('Servicio de envío de mensajes ejecutándose',)
22:51:55 - INF - post - ("Error en la validación del request -> {'sender_id': ['El sender_id es obligatorio']}",)
22:51:55 - INF - post - ('Servicio de envío de mensajes ejecutándose',)
22:51:55 - INF - post - ("Error en la validación del request -> {'sender_id': ['El sender_id es obligatorio']}",)
22:53:12 - INF - post - ('Servicio de login ejecutandose',)
22:53:12 - INF - get - ('Servicio de vista de todas las publicaciones ejecutándose',)
22:53:12 - INF - get - ('Servicio de vista de todas las publicaciones ejecutándose',)
22:53:21 - INF - get - ('Servicio para listar recursos ejecutándose',)
22:53:21 - INF - get - ('Servicio para listar recursos ejecutándose',)
22:53:49 - INF - get - ('Servicio de consulta de usuarios ejecutándose',)
22:53:49 - INF - get - ('Servicio de consulta de usuarios ejecutándose',)
22:53:51 - INF - get - ('Servicio de visualización de conversación ejecutándose',)
22:53:51 - INF - get - ('Servicio de visualización de conversación ejecutándose',)
22:53:55 - INF - post - ('Servicio de envío de mensajes ejecutándose',)
22:53:55 - INF - post - ("Error en la validación del request -> {'sender_id': ['El sender_id es obligatorio']}",)
22:53:55 - INF - post - ('Servicio de envío de mensajes ejecutándose',)
22:53:55 - INF - post - ("Error en la validación del request -> {'sender_id': ['El sender_id es obligatorio']}",)
22:53:55 - INF - post - ('Servicio de envío de mensajes ejecutándose',)
22:53:55 - INF - post - ("Error en la validación del request -> {'sender_id': ['El sender_id es obligatorio']}",)
22:53:55 - INF - post - ('Servicio de envío de mensajes ejecutándose',)
22:53:55 - INF - post - ("Error en la validación del request -> {'sender_id': ['El sender_id es obligatorio']}",)
22:53:55 - INF - post - ('Servicio de envío de mensajes ejecutándose',)
22:53:55 - INF - post - ("Error en la validación del request -> {'sender_id': ['El sender_id es obligatorio']}",)
22:53:55 - INF - post - ('Servicio de envío de mensajes ejecutándose',)
22:53:55 - INF - post - ("Error en la validación del request -> {'sender_id': ['El sender_id es obligatorio']}",)
22:53:56 - INF - post - ('Servicio de envío de mensajes ejecutándose',)
22:53:56 - INF - post - ("Error en la validación del request -> {'sender_id': ['El sender_id es obligatorio']}",)
22:53:56 - INF - post - ('Servicio de envío de mensajes ejecutándose',)
22:53:56 - INF - post - ("Error en la validación del request -> {'sender_id': ['El sender_id es obligatorio']}",)
22:53:56 - INF - post - ('Servicio de envío de mensajes ejecutándose',)
22:53:56 - INF - post - ("Error en la validación del request -> {'sender_id': ['El sender_id es obligatorio']}",)
22:53:56 - INF - post - ('Servicio de envío de mensajes ejecutándose',)
22:53:56 - INF - post - ("Error en la validación del request -> {'sender_id': ['El sender_id es obligatorio']}",)
22:53:56 - INF - post - ('Servicio de envío de mensajes ejecutándose',)
22:53:56 - INF - post - ("Error en la validación del request -> {'sender_id': ['El sender_id es obligatorio']}",)
22:53:56 - INF - post - ('Servicio de envío de mensajes ejecutándose',)
22:53:56 - INF - post - ("Error en la validación del request -> {'sender_id': ['El sender_id es obligatorio']}",)
22:53:56 - INF - post - ('Servicio de envío de mensajes ejecutándose',)
22:53:56 - INF - post - ("Error en la validación del request -> {'sender_id': ['El sender_id es obligatorio']}",)
22:53:59 - INF - post - ('Servicio de envío de mensajes ejecutándose',)
22:53:59 - INF - post - ("Error en la validación del request -> {'sender_id': ['El sender_id es obligatorio']}",)
22:53:59 - INF - post - ('Servicio de envío de mensajes ejecutándose',)
22:53:59 - INF - post - ("Error en la validación del request -> {'sender_id': ['El sender_id es obligatorio']}",)
22:53:59 - INF - post - ('Servicio de envío de mensajes ejecutándose',)
22:53:59 - INF - post - ("Error en la validación del request -> {'sender_id': ['El sender_id es obligatorio']}",)
22:55:03 - INF - post - ('Servicio de login ejecutandose',)
22:55:03 - INF - get - ('Servicio de visualización de conversación ejecutándose',)
22:55:03 - INF - get - ('Servicio de visualización de conversación ejecutándose',)
22:55:06 - INF - get - ('Servicio de vista de todas las publicaciones ejecutándose',)
22:55:06 - INF - get - ('Servicio de vista de todas las publicaciones ejecutándose',)
22:55:14 - INF - get - ('Servicio para listar recursos ejecutándose',)
22:55:14 - INF - get - ('Servicio para listar recursos ejecutándose',)
23:17:24 - INF - get - ('Servicio de vista de todas las publicaciones ejecutándose',)
23:17:24 - INF - get - ('Servicio de vista de todas las publicaciones ejecutándose',)
23:17:29 - INF - get - ('Servicio para listar recursos ejecutándose',)
23:17:29 - INF - get - ('Servicio para listar recursos ejecutándose',)
23:17:39 - INF - post - ('Servicio de login ejecutandose',)
23:17:39 - INF - get - ('Servicio para listar recursos ejecutándose',)
23:17:39 - INF - get - ('Servicio para listar recursos ejecutándose',)
23:17:47 - INF - get - ('Servicio de consulta de usuarios ejecutándose',)
23:17:47 - INF - get - ('Servicio de consulta de usuarios ejecutándose',)
23:18:10 - INF - get - ('Servicio de vista de todas las publicaciones ejecutándose',)
23:18:10 - INF - get - ('Servicio de vista de todas las publicaciones ejecutándose',)
23:18:12 - INF - get - ('Servicio para listar recursos ejecutándose',)
23:18:12 - INF - get - ('Servicio para listar recursos ejecutándose',)
23:18:40 - INF - get - ('Servicio de vista de todas las publicaciones ejecutándose',)
23:18:40 - INF - get - ('Servicio de vista de todas las publicaciones ejecutándose',)
23:18:47 - INF - get - ('Servicio de consulta de usuarios ejecutándose',)
23:18:47 - INF - get - ('Servicio de consulta de usuarios ejecutándose',)
23:18:49 - INF - get - ('Servicio para listar recursos ejecutándose',)
23:18:49 - INF - get - ('Servicio para listar recursos ejecutándose',)
23:20:05 - INF - get - ('Servicio para listar recursos ejecutándose',)
23:20:05 - INF - get - ('Servicio para listar recursos ejecutándose',)
23:20:27 - INF - get - ('Servicio para listar recursos ejecutándose',)
23:20:29 - INF - get - ('Servicio para listar recursos ejecutándose',)
23:20:36 - INF - get - ('Servicio para listar recursos ejecutándose',)
23:20:42 - INF - get - ('Servicio para listar recursos ejecutándose',)
23:20:43 - INF - get - ('Servicio para listar recursos ejecutándose',)
23:20:48 - INF - get - ('Servicio para listar recursos ejecutándose',)
23:20:49 - INF - get - ('Servicio para listar recursos ejecutándose',)
23:21:02 - INF - get - ('Servicio para listar recursos ejecutándose',)
23:21:04 - INF - get - ('Servicio para listar recursos ejecutándose',)
23:21:05 - INF - get - ('Servicio para listar recursos ejecutándose',)
23:22:27 - INF - get - ('Servicio para listar recursos ejecutándose',)
23:23:08 - INF - get - ('Servicio de vista de todas las publicaciones ejecutándose',)
23:23:09 - INF - get - ('Servicio de vista de todas las publicaciones ejecutándose',)
23:23:13 - INF - get - ('Servicio para listar recursos ejecutándose',)
23:23:13 - INF - get - ('Servicio para listar recursos ejecutándose',)
23:24:33 - INF - get - ('Servicio de vista de todas las publicaciones ejecutándose',)
23:24:33 - INF - get - ('Servicio de vista de todas las publicaciones ejecutándose',)
23:24:36 - INF - get - ('Servicio para listar recursos ejecutándose',)
23:24:36 - INF - get - ('Servicio para listar recursos ejecutándose',)
23:26:59 - INF - get - ('Servicio para listar recursos ejecutándose',)
23:27:10 - INF - get - ('Servicio para listar recursos ejecutándose',)
23:27:11 - INF - get - ('Servicio para listar recursos ejecutándose',)
23:27:12 - INF - get - ('Servicio para listar recursos ejecutándose',)
23:27:18 - INF - get - ('Servicio para listar recursos ejecutándose',)
23:27:20 - INF - get - ('Servicio para listar recursos ejecutándose',)
23:27:22 - INF - get - ('Servicio para listar recursos ejecutándose',)
23:27:25 - INF - get - ('Servicio para listar recursos ejecutándose',)
23:27:25 - INF - get - ('Servicio para listar recursos ejecutándose',)
23:27:26 - INF - get - ('Servicio para listar recursos ejecutándose',)
23:27:27 - INF - get - ('Servicio para listar recursos ejecutándose',)
23:27:28 - INF - get - ('Servicio para listar recursos ejecutándose',)
23:27:33 - INF - get - ('Servicio de vista de todas las publicaciones ejecutándose',)
23:27:33 - INF - get - ('Servicio de vista de todas las publicaciones ejecutándose',)
23:27:35 - INF - get - ('Servicio para listar recursos ejecutándose',)
23:27:35 - INF - get - ('Servicio para listar recursos ejecutándose',)
23:30:35 - INF - get - ('Servicio para listar recursos ejecutándose',)
23:30:35 - INF - get - ('Servicio para listar recursos ejecutándose',)
23:31:49 - INF - get - ('Servicio para listar recursos ejecutándose',)
23:32:53 - INF - get - ('Servicio para listar recursos ejecutándose',)
23:33:03 - INF - get - ('Servicio de vista de todas las publicaciones ejecutándose',)
23:33:03 - INF - get - ('Servicio de vista de todas las publicaciones ejecutándose',)
23:33:04 - INF - get - ('Servicio para listar recursos ejecutándose',)
23:33:04 - INF - get - ('Servicio para listar recursos ejecutándose',)
23:33:54 - INF - get - ('Servicio de vista de todas las publicaciones ejecutándose',)
23:33:54 - INF - get - ('Servicio de vista de todas las publicaciones ejecutándose',)
23:33:58 - INF - get - ('Servicio de vista de todas las publicaciones ejecutándose',)
23:33:58 - INF - get - ('Servicio de vista de todas las publicaciones ejecutándose',)
23:34:19 - INF - get - ('Servicio de vista de todas las publicaciones ejecutándose',)
23:34:19 - INF - get - ('Servicio de vista de todas las publicaciones ejecutándose',)
23:34:37 - INF - get - ('Servicio de vista de todas las publicaciones ejecutándose',)
23:34:37 - INF - get - ('Servicio de vista de todas las publicaciones ejecutándose',)
23:35:02 - INF - get - ('Servicio para listar recursos ejecutándose',)
23:35:02 - INF - get - ('Servicio para listar recursos ejecutándose',)
23:36:29 - INF - get - ('Servicio de vista de todas las publicaciones ejecutándose',)
23:36:29 - INF - get - ('Servicio de vista de todas las publicaciones ejecutándose',)
23:36:32 - INF - get - ('Servicio para listar recursos ejecutándose',)
23:36:32 - INF - get - ('Servicio para listar recursos ejecutándose',)
23:36:34 - INF - get - ('Servicio de vista de todas las publicaciones ejecutándose',)
23:36:34 - INF - get - ('Servicio de vista de todas las publicaciones ejecutándose',)
23:36:36 - INF - get - ('Servicio para listar recursos ejecutándose',)
23:36:36 - INF - get - ('Servicio para listar recursos ejecutándose',)
23:37:42 - INF - post - ('Servicio de login ejecutandose',)
23:37:42 - INF - get - ('Servicio de vista de todas las publicaciones ejecutándose',)
23:37:42 - INF - get - ('Servicio de vista de todas las publicaciones ejecutándose',)
23:37:44 - INF - get - ('Servicio para listar recursos ejecutándose',)
23:37:44 - INF - get - ('Servicio para listar recursos ejecutándose',)
23:45:26 - INF - get - ('Servicio de vista de todas las publicaciones ejecutándose',)
23:45:26 - INF - get - ('Servicio de vista de todas las publicaciones ejecutándose',)
23:45:28 - INF - get - ('Servicio para listar recursos ejecutándose',)
23:45:28 - INF - get - ('Servicio para listar recursos ejecutándose',)
23:54:28 - INF - get - ('Servicio de vista de todas las publicaciones ejecutándose',)
23:54:28 - INF - get - ('Servicio de vista de todas las publicaciones ejecutándose',)
23:54:36 - INF - get - ('Servicio para listar recursos ejecutándose',)
23:54:36 - INF - get - ('Servicio para listar recursos ejecutándose',)
23:55:25 - INF - get - ('Servicio de vista de todas las publicaciones ejecutándose',)
23:55:25 - INF - get - ('Servicio de vista de todas las publicaciones ejecutándose',)
23:55:27 - INF - get - ('Servicio para listar recursos ejecutándose',)
23:55:28 - INF - get - ('Servicio para listar recursos ejecutándose',)
23:55:55 - INF - get - ('Servicio de consulta de usuarios ejecutándose',)
23:55:55 - INF - token_validate - ('El token ha expirado.',)
23:55:55 - INF - get - ('Servicio de consulta de usuarios ejecutándose',)
23:55:55 - INF - token_validate - ('El token ha expirado.',)
23:56:39 - INF - get - ('Servicio para listar recursos ejecutándose',)
23:56:39 - INF - get - ('Servicio para listar recursos ejecutándose',)
23:56:44 - INF - get - ('Servicio de vista de todas las publicaciones ejecutándose',)
23:56:44 - INF - get - ('Servicio de vista de todas las publicaciones ejecutándose',)
23:56:49 - INF - get - ('Servicio para listar recursos ejecutándose',)
23:56:49 - INF - get - ('Servicio para listar recursos ejecutándose',)
23:59:26 - INF - get - ('Servicio de vista de todas las publicaciones ejecutándose',)
23:59:26 - INF - get - ('Servicio de vista de todas las publicaciones ejecutándose',)
