00:03:50 - INF - get - ('Servicio de vista de todas las publicaciones ejecutándose',)
00:03:50 - INF - get - ('Servicio de vista de todas las publicaciones ejecutándose',)
00:03:59 - INF - get - ('Servicio para listar recursos ejecutándose',)
00:04:00 - INF - get - ('Servicio de vista de todas las publicaciones ejecutándose',)
00:04:00 - INF - get - ('Servicio para listar recursos ejecutándose',)
00:04:00 - INF - get - ('Servicio de vista de todas las publicaciones ejecutándose',)
00:04:14 - INF - get - ('Servicio de consulta de usuarios ejecutándose',)
00:04:14 - INF - token_validate - ('El token ha expirado.',)
00:04:14 - INF - get - ('Servicio de consulta de usuarios ejecutándose',)
00:04:14 - INF - token_validate - ('El token ha expirado.',)
00:04:22 - INF - post - ('Servicio de login ejecutandose',)
00:04:22 - INF - get - ('Servicio de consulta de usuarios ejecutándose',)
00:04:22 - INF - get - ('Servicio de consulta de usuarios ejecutándose',)
00:06:34 - INF - post - ('Servicio de login ejecutandose',)
00:06:34 - INF - get - ('Servicio de vista de todas las publicaciones ejecutándose',)
00:06:35 - INF - get - ('Servicio de vista de todas las publicaciones ejecutándose',)
00:06:39 - INF - get - ('Servicio de consulta de usuarios ejecutándose',)
00:06:39 - INF - get - ('Servicio de consulta de usuarios ejecutándose',)
00:06:51 - INF - get - ('Servicio de vista de todas las publicaciones ejecutándose',)
00:06:51 - INF - get - ('Servicio de vista de todas las publicaciones ejecutándose',)
00:33:49 - INF - <module> - ('Servicio Finalizado',)
00:33:50 - INF - <module> - ('Servicio Iniciado',)
00:37:16 - INF - <module> - ('Servicio Finalizado',)
00:37:17 - INF - <module> - ('Servicio Finalizado',)
01:42:40 - INF - <module> - ('Servicio Iniciado',)
01:42:41 - INF - <module> - ('Servicio Iniciado',)
01:43:04 - INF - post - ('Servicio de login ejecutandose',)
01:43:04 - INF - Login - ('Error al ejecutar Login -> permiso denegado al esquema dawa\nLINE 9:                 FROM dawa.tb_user u\n                             ^\n',)
01:46:41 - INF - <module> - ('Servicio Finalizado',)
01:46:41 - INF - <module> - ('Servicio Finalizado',)
01:46:42 - INF - <module> - ('Servicio Iniciado',)
01:46:42 - INF - <module> - ('Servicio Iniciado',)
01:46:59 - INF - post - ('Servicio de login ejecutandose',)
01:46:59 - INF - Login - ('Error al ejecutar Login -> permiso denegado al esquema dawa\nLINE 9:                 FROM dawa.tb_user u\n                             ^\n',)
01:52:11 - INF - <module> - ('Servicio Finalizado',)
01:52:12 - INF - <module> - ('Servicio Finalizado',)
01:52:12 - INF - <module> - ('Servicio Iniciado',)
01:52:13 - INF - <module> - ('Servicio Iniciado',)
01:52:27 - INF - post - ('Servicio de login ejecutandose',)
01:52:31 - INF - token_generate - ('Token generado para usuario: admin',)
01:52:31 - INF - get - ('Servicio de vista de todas las publicaciones ejecutándose',)
01:52:31 - INF - get - ('Servicio de vista de todas las publicaciones ejecutándose',)
01:52:41 - INF - get - ('Servicio de consulta de usuarios ejecutándose',)
01:52:41 - INF - token_validate - ('Token inválido: [object Object]',)
01:52:41 - INF - get - ('Servicio de consulta de usuarios ejecutándose',)
01:52:41 - INF - token_validate - ('Token inválido: [object Object]',)
01:52:49 - INF - get - ('Servicio de vista de todas las publicaciones ejecutándose',)
01:52:49 - INF - get - ('Servicio de vista de todas las publicaciones ejecutándose',)
01:52:51 - INF - get - ('Servicio de consulta de usuarios ejecutándose',)
01:52:51 - INF - token_validate - ('Token inválido: [object Object]',)
01:52:51 - INF - get - ('Servicio de consulta de usuarios ejecutándose',)
01:52:51 - INF - token_validate - ('Token inválido: [object Object]',)
01:52:56 - INF - get - ('Servicio para listar recursos ejecutándose',)
01:52:56 - INF - get - ('Servicio para listar recursos ejecutándose',)
01:53:01 - INF - get - ('Servicio de consulta de usuarios ejecutándose',)
01:53:01 - INF - token_validate - ('Token inválido: [object Object]',)
01:53:01 - INF - get - ('Servicio de consulta de usuarios ejecutándose',)
01:53:01 - INF - token_validate - ('Token inválido: [object Object]',)
01:53:20 - INF - post - ('Servicio de login ejecutandose',)
01:53:20 - INF - token_generate - ('Token generado para usuario: admin',)
01:53:31 - INF - get - ('Servicio para listar recursos ejecutándose',)
01:53:31 - INF - get - ('Servicio para listar recursos ejecutándose',)
01:53:31 - INF - get - ('Servicio de vista de todas las publicaciones ejecutándose',)
01:53:32 - INF - get - ('Servicio de vista de todas las publicaciones ejecutándose',)
01:53:43 - INF - get - ('Servicio de consulta de usuarios ejecutándose',)
01:53:43 - INF - token_validate - ('Token inválido: [object Object]',)
01:53:43 - INF - get - ('Servicio de consulta de usuarios ejecutándose',)
01:53:43 - INF - token_validate - ('Token inválido: [object Object]',)
01:55:44 - INF - <module> - ('Servicio Finalizado',)
01:55:44 - INF - <module> - ('Servicio Finalizado',)
01:55:45 - INF - <module> - ('Servicio Iniciado',)
01:55:46 - INF - <module> - ('Servicio Iniciado',)
01:56:01 - INF - post - ('Servicio de login ejecutandose',)
01:56:01 - INF - token_generate - ('Token generado para usuario: admin',)
01:56:02 - INF - get - ('Servicio de vista de todas las publicaciones ejecutándose',)
01:56:02 - INF - get - ('Servicio de vista de todas las publicaciones ejecutándose',)
01:56:13 - INF - get - ('Servicio de consulta de usuarios ejecutándose',)
01:56:13 - INF - token_validate - ('Token inválido: [object Object]',)
01:56:13 - INF - get - ('Servicio de consulta de usuarios ejecutándose',)
01:56:13 - INF - token_validate - ('Token inválido: [object Object]',)
02:00:28 - INF - <module> - ('Servicio Finalizado',)
02:00:29 - INF - <module> - ('Servicio Iniciado',)
02:00:41 - INF - post - ('Servicio de login ejecutandose',)
02:00:41 - INF - token_generate - ('Token generado para usuario: admin',)
02:00:42 - INF - get - ('Servicio de vista de todas las publicaciones ejecutándose',)
02:00:42 - INF - get - ('Servicio de vista de todas las publicaciones ejecutándose',)
02:00:46 - INF - get - ('Servicio de consulta de usuarios ejecutándose',)
02:00:46 - INF - token_validate - ('Token inválido: [object Object]',)
02:00:46 - INF - get - ('Servicio de consulta de usuarios ejecutándose',)
02:00:46 - INF - token_validate - ('Token inválido: [object Object]',)
02:01:54 - INF - <module> - ('Servicio Finalizado',)
02:01:55 - INF - <module> - ('Servicio Iniciado',)
02:10:16 - INF - get - ('Servicio de vista de todas las publicaciones ejecutándose',)
02:10:16 - INF - get - ('Servicio de vista de todas las publicaciones ejecutándose',)
02:11:41 - INF - post - ('Servicio de login ejecutandose',)
02:11:41 - INF - token_generate - ('Token generado para usuario: admin',)
02:11:42 - INF - get - ('Servicio de vista de todas las publicaciones ejecutándose',)
02:11:42 - INF - get - ('Servicio de vista de todas las publicaciones ejecutándose',)
02:11:53 - INF - get - ('Servicio de consulta de usuarios ejecutándose',)
02:11:53 - INF - token_validate - ('Token inválido: [object Object]',)
02:11:54 - INF - get - ('Servicio de consulta de usuarios ejecutándose',)
02:11:54 - INF - token_validate - ('Token inválido: [object Object]',)
02:11:57 - INF - get - ('Servicio de vista de todas las publicaciones ejecutándose',)
02:11:57 - INF - get - ('Servicio de vista de todas las publicaciones ejecutándose',)
02:12:06 - INF - get - ('Servicio de consulta de usuarios ejecutándose',)
02:12:06 - INF - token_validate - ('Token inválido: [object Object]',)
02:12:06 - INF - get - ('Servicio de consulta de usuarios ejecutándose',)
02:12:06 - INF - token_validate - ('Token inválido: [object Object]',)
02:12:07 - INF - get - ('Servicio de vista de todas las publicaciones ejecutándose',)
02:12:08 - INF - get - ('Servicio de vista de todas las publicaciones ejecutándose',)
02:13:16 - INF - get - ('Servicio de consulta de usuarios ejecutándose',)
02:13:16 - INF - token_validate - ('Token inválido: [object Object]',)
02:13:16 - INF - get - ('Servicio de consulta de usuarios ejecutándose',)
02:13:16 - INF - token_validate - ('Token inválido: [object Object]',)
02:13:27 - INF - post - ('Servicio de login ejecutandose',)
02:13:28 - INF - token_generate - ('Token generado para usuario: admin',)
02:13:28 - INF - get - ('Servicio de vista de todas las publicaciones ejecutándose',)
02:13:28 - INF - get - ('Servicio de vista de todas las publicaciones ejecutándose',)
02:13:31 - INF - get - ('Servicio de consulta de usuarios ejecutándose',)
02:13:31 - INF - token_validate - ('Token inválido: [object Object]',)
02:13:32 - INF - get - ('Servicio de consulta de usuarios ejecutándose',)
02:13:32 - INF - token_validate - ('Token inválido: [object Object]',)
02:13:35 - INF - get - ('Servicio de vista de todas las publicaciones ejecutándose',)
02:13:35 - INF - get - ('Servicio de vista de todas las publicaciones ejecutándose',)
02:24:34 - INF - <module> - ('Servicio Finalizado',)
02:24:34 - INF - <module> - ('Servicio Finalizado',)
