12:44:10 - INF - <module> - ('Servicio Iniciado',)
12:44:11 - INF - <module> - ('Servicio Iniciado',)
12:48:16 - INF - post - ('Servicio de login ejecutandose',)
12:48:17 - INF - post - ('Servicio de login ejecutandose',)
12:48:24 - INF - token_generate - ('Token generado para usuario: bryan1',)
12:48:24 - INF - token_generate - ('Token generado para usuario: bryan1',)
12:48:25 - INF - get - ('Servicio de vista de todas las publicaciones ejecutándose',)
12:48:25 - INF - get - ('Servicio de usuario actual ejecutándose',)
12:48:25 - INF - get - ('Token recibido: Sí',)
12:48:25 - INF - get - ('Token limpiado: eyJhbGciOiJIUzI1NiIs...',)
12:48:25 - INF - get - ('Token válido: True',)
12:48:25 - INF - get - ('Resultado decodificación: True',)
12:48:25 - INF - get - ('user_id en token: 4',)
12:48:25 - INF - get - ('Servicio de vista de todas las publicaciones ejecutándose',)
12:48:25 - INF - get - ('Resultado BD: True',)
12:48:25 - INF - get - ('Usuario encontrado: bryan1',)
12:48:52 - INF - get - ('Servicio de vista de todas las publicaciones ejecutándose',)
12:48:52 - INF - get - ('Servicio de usuario actual ejecutándose',)
12:48:52 - INF - get - ('Token recibido: Sí',)
12:48:52 - INF - get - ('Token limpiado: eyJhbGciOiJIUzI1NiIs...',)
12:48:52 - INF - get - ('Token válido: True',)
12:48:52 - INF - get - ('Resultado decodificación: True',)
12:48:52 - INF - get - ('user_id en token: 4',)
12:48:52 - INF - get - ('Servicio de vista de todas las publicaciones ejecutándose',)
12:48:52 - INF - get - ('Resultado BD: True',)
12:48:52 - INF - get - ('Usuario encontrado: bryan1',)
12:48:52 - INF - get - ('Servicio de usuario actual ejecutándose',)
12:48:52 - INF - get - ('Token recibido: Sí',)
12:48:52 - INF - get - ('Token limpiado: eyJhbGciOiJIUzI1NiIs...',)
12:48:52 - INF - get - ('Token válido: True',)
12:48:52 - INF - get - ('Resultado decodificación: True',)
12:48:52 - INF - get - ('user_id en token: 4',)
12:48:53 - INF - get - ('Resultado BD: True',)
12:48:53 - INF - get - ('Usuario encontrado: bryan1',)
12:57:38 - INF - <module> - ('Servicio Finalizado',)
12:57:39 - INF - <module> - ('Servicio Iniciado',)
12:57:44 - INF - <module> - ('Servicio Finalizado',)
12:57:46 - INF - <module> - ('Servicio Iniciado',)
12:57:49 - INF - <module> - ('Servicio Finalizado',)
12:57:51 - INF - <module> - ('Servicio Iniciado',)
12:57:56 - INF - <module> - ('Servicio Finalizado',)
12:57:58 - INF - <module> - ('Servicio Iniciado',)
12:58:04 - INF - <module> - ('Servicio Finalizado',)
12:58:06 - INF - <module> - ('Servicio Iniciado',)
12:58:09 - INF - <module> - ('Servicio Finalizado',)
12:58:11 - INF - <module> - ('Servicio Iniciado',)
12:58:14 - INF - <module> - ('Servicio Finalizado',)
12:58:15 - INF - <module> - ('Servicio Iniciado',)
12:58:29 - INF - <module> - ('Servicio Finalizado',)
12:58:31 - INF - <module> - ('Servicio Iniciado',)
12:58:35 - INF - <module> - ('Servicio Finalizado',)
12:58:37 - INF - <module> - ('Servicio Iniciado',)
12:58:48 - INF - <module> - ('Servicio Finalizado',)
12:58:49 - INF - <module> - ('Servicio Iniciado',)
12:58:51 - INF - <module> - ('Servicio Finalizado',)
12:58:52 - INF - <module> - ('Servicio Iniciado',)
12:59:04 - INF - <module> - ('Servicio Finalizado',)
12:59:06 - INF - <module> - ('Servicio Iniciado',)
13:00:12 - INF - <module> - ('Servicio Finalizado',)
13:00:14 - INF - <module> - ('Servicio Finalizado',)
16:23:05 - INF - <module> - ('Servicio Iniciado',)
16:23:06 - INF - <module> - ('Servicio Iniciado',)
16:23:35 - INF - post - ('Servicio de login ejecutandose',)
16:23:36 - INF - token_generate - ('Token generado para usuario: bryan1',)
16:23:36 - INF - get - ('Servicio de vista de todas las publicaciones ejecutándose',)
16:23:36 - INF - get - ('Servicio de usuario actual ejecutándose',)
16:23:36 - INF - get - ('Token recibido: Sí',)
16:23:36 - INF - get - ('Token limpiado: eyJhbGciOiJIUzI1NiIs...',)
16:23:36 - INF - get - ('Token válido: True',)
16:23:36 - INF - get - ('Resultado decodificación: True',)
16:23:36 - INF - get - ('user_id en token: 4',)
16:23:37 - INF - get - ('Resultado BD: True',)
16:23:37 - INF - get - ('Usuario encontrado: bryan1',)
16:23:37 - INF - get - ('Servicio de vista de todas las publicaciones ejecutándose',)
16:23:38 - INF - get - ('Servicio de consulta de usuarios ejecutándose',)
16:23:38 - INF - get - ('Servicio de consulta de usuarios ejecutándose',)
16:23:54 - INF - get - ('Servicio de consulta de usuarios ejecutándose',)
16:23:55 - INF - get - ('Servicio de consulta de usuarios ejecutándose',)
16:24:35 - INF - get - ('Servicio de vista de todas las publicaciones ejecutándose',)
16:24:35 - INF - get - ('Servicio de usuario actual ejecutándose',)
16:24:35 - INF - get - ('Token recibido: Sí',)
16:24:35 - INF - get - ('Token limpiado: eyJhbGciOiJIUzI1NiIs...',)
16:24:35 - INF - get - ('Token válido: True',)
16:24:35 - INF - get - ('Resultado decodificación: True',)
16:24:35 - INF - get - ('user_id en token: 4',)
16:24:35 - INF - get - ('Servicio de vista de todas las publicaciones ejecutándose',)
16:24:35 - INF - get - ('Resultado BD: True',)
16:24:35 - INF - get - ('Usuario encontrado: bryan1',)
16:24:36 - INF - get - ('Servicio de usuario actual ejecutándose',)
16:24:36 - INF - get - ('Token recibido: Sí',)
16:24:36 - INF - get - ('Token limpiado: eyJhbGciOiJIUzI1NiIs...',)
16:24:36 - INF - get - ('Token válido: True',)
16:24:36 - INF - get - ('Resultado decodificación: True',)
16:24:36 - INF - get - ('user_id en token: 4',)
16:24:36 - INF - get - ('Resultado BD: True',)
16:24:36 - INF - get - ('Usuario encontrado: bryan1',)
16:24:36 - INF - get - ('Servicio de vista de todas las publicaciones ejecutándose',)
16:24:36 - INF - get - ('Servicio de usuario actual ejecutándose',)
16:24:36 - INF - get - ('Token recibido: Sí',)
16:24:36 - INF - get - ('Token limpiado: eyJhbGciOiJIUzI1NiIs...',)
16:24:36 - INF - get - ('Token válido: True',)
16:24:36 - INF - get - ('Resultado decodificación: True',)
16:24:36 - INF - get - ('user_id en token: 4',)
16:24:36 - INF - get - ('Servicio de vista de todas las publicaciones ejecutándose',)
16:24:36 - INF - get - ('Resultado BD: True',)
16:24:36 - INF - get - ('Usuario encontrado: bryan1',)
16:24:37 - INF - get - ('Servicio de usuario actual ejecutándose',)
16:24:37 - INF - get - ('Token recibido: Sí',)
16:24:37 - INF - get - ('Token limpiado: eyJhbGciOiJIUzI1NiIs...',)
16:24:37 - INF - get - ('Token válido: True',)
16:24:37 - INF - get - ('Resultado decodificación: True',)
16:24:37 - INF - get - ('user_id en token: 4',)
16:24:37 - INF - get - ('Resultado BD: True',)
16:24:37 - INF - get - ('Usuario encontrado: bryan1',)
16:24:39 - INF - get - ('Servicio de vista de todas las publicaciones ejecutándose',)
16:24:39 - INF - get - ('Servicio de usuario actual ejecutándose',)
16:24:39 - INF - get - ('Token recibido: Sí',)
16:24:39 - INF - get - ('Token limpiado: eyJhbGciOiJIUzI1NiIs...',)
16:24:39 - INF - get - ('Token válido: True',)
16:24:39 - INF - get - ('Resultado decodificación: True',)
16:24:39 - INF - get - ('user_id en token: 4',)
16:24:39 - INF - get - ('Resultado BD: True',)
16:24:39 - INF - get - ('Usuario encontrado: bryan1',)
16:24:40 - INF - get - ('Servicio de usuario actual ejecutándose',)
16:24:40 - INF - get - ('Token recibido: Sí',)
16:24:40 - INF - get - ('Token limpiado: eyJhbGciOiJIUzI1NiIs...',)
16:24:40 - INF - get - ('Token válido: True',)
16:24:40 - INF - get - ('Resultado decodificación: True',)
16:24:40 - INF - get - ('user_id en token: 4',)
16:24:40 - INF - get - ('Servicio de vista de todas las publicaciones ejecutándose',)
16:24:40 - INF - get - ('Resultado BD: True',)
16:24:40 - INF - get - ('Usuario encontrado: bryan1',)
16:24:40 - INF - get - ('Servicio de usuario actual ejecutándose',)
16:24:40 - INF - get - ('Token recibido: Sí',)
16:24:40 - INF - get - ('Token limpiado: eyJhbGciOiJIUzI1NiIs...',)
16:24:40 - INF - get - ('Token válido: True',)
16:24:40 - INF - get - ('Resultado decodificación: True',)
16:24:40 - INF - get - ('user_id en token: 4',)
16:24:40 - INF - get - ('Resultado BD: True',)
16:24:40 - INF - get - ('Usuario encontrado: bryan1',)
16:24:40 - INF - get - ('Servicio de vista de todas las publicaciones ejecutándose',)
16:24:40 - INF - get - ('Servicio de usuario actual ejecutándose',)
16:24:40 - INF - get - ('Token recibido: Sí',)
16:24:40 - INF - get - ('Token limpiado: eyJhbGciOiJIUzI1NiIs...',)
16:24:40 - INF - get - ('Token válido: True',)
16:24:40 - INF - get - ('Resultado decodificación: True',)
16:24:40 - INF - get - ('user_id en token: 4',)
16:24:41 - INF - get - ('Resultado BD: True',)
16:24:41 - INF - get - ('Usuario encontrado: bryan1',)
16:24:41 - INF - get - ('Servicio de vista de todas las publicaciones ejecutándose',)
16:25:40 - INF - get - ('Servicio de consulta de usuarios ejecutándose',)
16:25:40 - INF - get - ('Servicio de consulta de usuarios ejecutándose',)
16:29:09 - INF - get - ('Servicio de vista de todas las publicaciones ejecutándose',)
16:29:09 - INF - get - ('Servicio de usuario actual ejecutándose',)
16:29:09 - INF - get - ('Token recibido: Sí',)
16:29:09 - INF - get - ('Token limpiado: eyJhbGciOiJIUzI1NiIs...',)
16:29:09 - INF - get - ('Token válido: True',)
16:29:09 - INF - get - ('Resultado decodificación: True',)
16:29:09 - INF - get - ('user_id en token: 4',)
16:29:09 - INF - get - ('Servicio de vista de todas las publicaciones ejecutándose',)
16:29:09 - INF - get - ('Resultado BD: True',)
16:29:09 - INF - get - ('Usuario encontrado: bryan1',)
16:29:10 - INF - get - ('Servicio de usuario actual ejecutándose',)
16:29:10 - INF - get - ('Token recibido: Sí',)
16:29:10 - INF - get - ('Token limpiado: eyJhbGciOiJIUzI1NiIs...',)
16:29:10 - INF - get - ('Token válido: True',)
16:29:10 - INF - get - ('Resultado decodificación: True',)
16:29:10 - INF - get - ('user_id en token: 4',)
16:29:10 - INF - get - ('Resultado BD: True',)
16:29:10 - INF - get - ('Usuario encontrado: bryan1',)
16:29:11 - INF - get - ('Servicio de consulta de usuarios ejecutándose',)
16:29:12 - INF - get - ('Servicio de consulta de usuarios ejecutándose',)
16:30:29 - INF - get - ('Servicio de consulta de usuarios ejecutándose',)
16:30:29 - INF - get - ('Servicio de consulta de usuarios ejecutándose',)
16:30:39 - INF - get - ('Servicio para listar recursos ejecutándose',)
16:30:39 - INF - get - ('Servicio para listar recursos ejecutándose',)
16:30:40 - INF - get - ('Servicio para catálogos de vacantes ejecutándose',)
16:30:41 - INF - get - ('Servicio para listar vacantes ejecutándose',)
16:30:41 - INF - get - ('Servicio para catálogos de vacantes ejecutándose',)
16:30:41 - INF - get - ('Servicio para listar vacantes ejecutándose',)
16:30:44 - INF - get - ('Servicio para catálogos de vacantes ejecutándose',)
16:30:45 - INF - get - ('Servicio para catálogos de vacantes ejecutándose',)
