21:38:50 - INF - <module> - ('Servicio MatchPP API Iniciado',)
21:38:51 - INF - <module> - ('Servicio MatchPP API Iniciado',)
22:07:38 - INF - post - ('Servicio de login ejecutandose',)
22:07:38 - INF - token_validate - ('Token inválido: Bearer',)
22:07:38 - INF - token_validate - ('Token inválido: Bearer',)
22:17:09 - INF - post - ('Servicio de login ejecutandose',)
22:17:14 - INF - token_generate - ('Token generado para usuario: techsolutions',)
22:17:52 - INF - <module> - ('Servicio MatchPP API Finalizado',)
22:17:52 - INF - <module> - ('Servicio MatchPP API Iniciado',)
22:18:03 - INF - <module> - ('Servicio MatchPP API Finalizado',)
22:18:04 - INF - <module> - ('Servicio MatchPP API Iniciado',)
22:21:55 - INF - post - ('Servicio de login ejecutandose',)
22:21:56 - INF - token_generate - ('Token generado para usuario: techsolutions',)
22:22:19 - INF - <module> - ('Servicio MatchPP API Finalizado',)
22:22:19 - INF - <module> - ('Servicio MatchPP API Iniciado',)
22:22:55 - INF - post - ('Servicio de login ejecutandose',)
22:22:56 - INF - token_generate - ('Token generado para usuario: techsolutions',)
22:26:30 - INF - post - ('Servicio de login ejecutandose',)
22:26:32 - INF - token_generate - ('Token generado para usuario: techsolutions',)
22:42:26 - INF - token_validate - ('El token ha expirado.',)
22:43:26 - INF - token_validate - ('El token ha expirado.',)
22:44:26 - INF - token_validate - ('El token ha expirado.',)
22:45:26 - INF - token_validate - ('El token ha expirado.',)
22:46:26 - INF - token_validate - ('El token ha expirado.',)
22:47:27 - INF - token_validate - ('El token ha expirado.',)
22:48:26 - INF - token_validate - ('El token ha expirado.',)
22:49:26 - INF - token_validate - ('El token ha expirado.',)
22:49:56 - INF - token_validate - ('El token ha expirado.',)
22:49:56 - INF - token_validate - ('El token ha expirado.',)
22:49:56 - INF - token_validate - ('El token ha expirado.',)
22:49:56 - INF - token_validate - ('El token ha expirado.',)
22:50:02 - INF - token_validate - ('El token ha expirado.',)
22:50:02 - INF - token_validate - ('El token ha expirado.',)
22:50:06 - INF - token_validate - ('El token ha expirado.',)
22:50:06 - INF - token_validate - ('El token ha expirado.',)
22:50:10 - INF - token_validate - ('El token ha expirado.',)
22:50:11 - INF - token_validate - ('El token ha expirado.',)
22:50:11 - INF - token_validate - ('El token ha expirado.',)
22:50:11 - INF - token_validate - ('El token ha expirado.',)
22:50:14 - INF - token_validate - ('El token ha expirado.',)
22:50:14 - INF - token_validate - ('El token ha expirado.',)
22:50:15 - INF - token_validate - ('El token ha expirado.',)
22:50:15 - INF - token_validate - ('El token ha expirado.',)
22:50:18 - INF - token_validate - ('El token ha expirado.',)
22:50:19 - INF - token_validate - ('El token ha expirado.',)
22:50:21 - INF - token_validate - ('El token ha expirado.',)
22:50:21 - INF - token_validate - ('El token ha expirado.',)
22:51:10 - INF - token_validate - ('El token ha expirado.',)
22:51:51 - INF - post - ('Servicio de login ejecutandose',)
22:51:56 - INF - post - ('Servicio de login ejecutandose',)
22:51:57 - INF - token_generate - ('Token generado para usuario: carlos.mendoza',)
23:07:06 - INF - token_validate - ('El token ha expirado.',)
23:07:50 - INF - <module> - ('Servicio MatchPP API Finalizado',)
23:07:50 - INF - <module> - ('Servicio MatchPP API Iniciado',)
23:08:07 - INF - token_validate - ('Token inválido: eyJhbGciOiJIUzI1NiIsInR5cCI6IkpXVCJ9.eyJpYXQiOjE3NzMwMjgzMTcsImV4cCI6MTc3MzAyOTIxNywidXNlcl9pZCI6NywidXNlcm5hbWUiOiJjYXJsb3MubWVuZG96YSIsInJvbGUiOiJzdHVkZW50Iiwicm9sZV9pZCI6MSwibmFtZSI6IkNhcmxvcyIsImxhc3RuYW1lIjoiTWVuZG96YSIsImVtYWlsIjoiY2FybG9zLm1lbmRvemFAdWcuZWR1LmVjIiwicHJvZmlsZV9pZCI6NH0.IKIEhCW2qXnQceJbt90bYbLUkO5rFNuh4aB6ApsfL4A',)
23:09:06 - INF - token_validate - ('Token inválido: eyJhbGciOiJIUzI1NiIsInR5cCI6IkpXVCJ9.eyJpYXQiOjE3NzMwMjgzMTcsImV4cCI6MTc3MzAyOTIxNywidXNlcl9pZCI6NywidXNlcm5hbWUiOiJjYXJsb3MubWVuZG96YSIsInJvbGUiOiJzdHVkZW50Iiwicm9sZV9pZCI6MSwibmFtZSI6IkNhcmxvcyIsImxhc3RuYW1lIjoiTWVuZG96YSIsImVtYWlsIjoiY2FybG9zLm1lbmRvemFAdWcuZWR1LmVjIiwicHJvZmlsZV9pZCI6NH0.IKIEhCW2qXnQceJbt90bYbLUkO5rFNuh4aB6ApsfL4A',)
23:09:41 - INF - <module> - ('Servicio MatchPP API Finalizado',)
23:09:41 - INF - <module> - ('Servicio MatchPP API Iniciado',)
23:10:07 - INF - token_validate - ('Token inválido: eyJhbGciOiJIUzI1NiIsInR5cCI6IkpXVCJ9.eyJpYXQiOjE3NzMwMjgzMTcsImV4cCI6MTc3MzAyOTIxNywidXNlcl9pZCI6NywidXNlcm5hbWUiOiJjYXJsb3MubWVuZG96YSIsInJvbGUiOiJzdHVkZW50Iiwicm9sZV9pZCI6MSwibmFtZSI6IkNhcmxvcyIsImxhc3RuYW1lIjoiTWVuZG96YSIsImVtYWlsIjoiY2FybG9zLm1lbmRvemFAdWcuZWR1LmVjIiwicHJvZmlsZV9pZCI6NH0.IKIEhCW2qXnQceJbt90bYbLUkO5rFNuh4aB6ApsfL4A',)
23:11:06 - INF - token_validate - ('Token inválido: eyJhbGciOiJIUzI1NiIsInR5cCI6IkpXVCJ9.eyJpYXQiOjE3NzMwMjgzMTcsImV4cCI6MTc3MzAyOTIxNywidXNlcl9pZCI6NywidXNlcm5hbWUiOiJjYXJsb3MubWVuZG96YSIsInJvbGUiOiJzdHVkZW50Iiwicm9sZV9pZCI6MSwibmFtZSI6IkNhcmxvcyIsImxhc3RuYW1lIjoiTWVuZG96YSIsImVtYWlsIjoiY2FybG9zLm1lbmRvemFAdWcuZWR1LmVjIiwicHJvZmlsZV9pZCI6NH0.IKIEhCW2qXnQceJbt90bYbLUkO5rFNuh4aB6ApsfL4A',)
23:12:06 - INF - token_validate - ('Token inválido: eyJhbGciOiJIUzI1NiIsInR5cCI6IkpXVCJ9.eyJpYXQiOjE3NzMwMjgzMTcsImV4cCI6MTc3MzAyOTIxNywidXNlcl9pZCI6NywidXNlcm5hbWUiOiJjYXJsb3MubWVuZG96YSIsInJvbGUiOiJzdHVkZW50Iiwicm9sZV9pZCI6MSwibmFtZSI6IkNhcmxvcyIsImxhc3RuYW1lIjoiTWVuZG96YSIsImVtYWlsIjoiY2FybG9zLm1lbmRvemFAdWcuZWR1LmVjIiwicHJvZmlsZV9pZCI6NH0.IKIEhCW2qXnQceJbt90bYbLUkO5rFNuh4aB6ApsfL4A',)
23:13:06 - INF - token_validate - ('Token inválido: eyJhbGciOiJIUzI1NiIsInR5cCI6IkpXVCJ9.eyJpYXQiOjE3NzMwMjgzMTcsImV4cCI6MTc3MzAyOTIxNywidXNlcl9pZCI6NywidXNlcm5hbWUiOiJjYXJsb3MubWVuZG96YSIsInJvbGUiOiJzdHVkZW50Iiwicm9sZV9pZCI6MSwibmFtZSI6IkNhcmxvcyIsImxhc3RuYW1lIjoiTWVuZG96YSIsImVtYWlsIjoiY2FybG9zLm1lbmRvemFAdWcuZWR1LmVjIiwicHJvZmlsZV9pZCI6NH0.IKIEhCW2qXnQceJbt90bYbLUkO5rFNuh4aB6ApsfL4A',)
23:14:06 - INF - token_validate - ('Token inválido: eyJhbGciOiJIUzI1NiIsInR5cCI6IkpXVCJ9.eyJpYXQiOjE3NzMwMjgzMTcsImV4cCI6MTc3MzAyOTIxNywidXNlcl9pZCI6NywidXNlcm5hbWUiOiJjYXJsb3MubWVuZG96YSIsInJvbGUiOiJzdHVkZW50Iiwicm9sZV9pZCI6MSwibmFtZSI6IkNhcmxvcyIsImxhc3RuYW1lIjoiTWVuZG96YSIsImVtYWlsIjoiY2FybG9zLm1lbmRvemFAdWcuZWR1LmVjIiwicHJvZmlsZV9pZCI6NH0.IKIEhCW2qXnQceJbt90bYbLUkO5rFNuh4aB6ApsfL4A',)
23:15:06 - INF - token_validate - ('Token inválido: eyJhbGciOiJIUzI1NiIsInR5cCI6IkpXVCJ9.eyJpYXQiOjE3NzMwMjgzMTcsImV4cCI6MTc3MzAyOTIxNywidXNlcl9pZCI6NywidXNlcm5hbWUiOiJjYXJsb3MubWVuZG96YSIsInJvbGUiOiJzdHVkZW50Iiwicm9sZV9pZCI6MSwibmFtZSI6IkNhcmxvcyIsImxhc3RuYW1lIjoiTWVuZG96YSIsImVtYWlsIjoiY2FybG9zLm1lbmRvemFAdWcuZWR1LmVjIiwicHJvZmlsZV9pZCI6NH0.IKIEhCW2qXnQceJbt90bYbLUkO5rFNuh4aB6ApsfL4A',)
23:16:48 - INF - <module> - ('Servicio MatchPP API Iniciado',)
23:16:48 - INF - <module> - ('Servicio MatchPP API Iniciado',)
23:17:08 - INF - token_validate - ('El token ha expirado.',)
23:17:12 - INF - token_validate - ('El token ha expirado.',)
23:17:12 - INF - token_validate - ('El token ha expirado.',)
23:17:12 - INF - token_validate - ('El token ha expirado.',)
23:17:13 - INF - token_validate - ('El token ha expirado.',)
23:17:27 - INF - post - ('Servicio de login ejecutandose',)
23:17:27 - INF - Login - ("Error al ejecutar Login -> 'utf-8' codec can't decode byte 0xf3 in position 85: invalid continuation byte",)
23:18:13 - INF - token_validate - ('El token ha expirado.',)
23:19:12 - INF - token_validate - ('El token ha expirado.',)
23:19:20 - INF - <module> - ('Servicio MatchPP API Finalizado',)
23:19:20 - INF - <module> - ('Servicio MatchPP API Finalizado',)
23:19:23 - INF - <module> - ('Servicio MatchPP API Iniciado',)
23:19:23 - INF - <module> - ('Servicio MatchPP API Iniciado',)
23:19:29 - INF - post - ('Servicio de login ejecutandose',)
23:19:31 - INF - post - ('Servicio de login ejecutandose',)
23:19:33 - INF - post - ('Servicio de login ejecutandose',)
23:20:13 - INF - token_validate - ('El token ha expirado.',)
23:21:12 - INF - token_validate - ('El token ha expirado.',)
23:21:28 - INF - post - ('Servicio de login ejecutandose',)
23:21:44 - INF - post - ('Servicio de login ejecutandose',)
23:22:12 - INF - token_validate - ('El token ha expirado.',)
23:23:12 - INF - token_validate - ('El token ha expirado.',)
23:24:51 - INF - token_validate - ('El token ha expirado.',)
23:25:14 - INF - <module> - ('Servicio MatchPP API Finalizado',)
23:25:14 - INF - <module> - ('Servicio MatchPP API Finalizado',)
23:30:33 - INF - <module> - ('Servicio MatchPP API Iniciado',)
23:30:34 - INF - <module> - ('Servicio MatchPP API Iniciado',)
23:30:37 - INF - post - ('Servicio de login ejecutandose',)
23:30:40 - INF - post - ('Servicio de login ejecutandose',)
23:30:42 - INF - post - ('Servicio de login ejecutandose',)
23:30:51 - INF - token_validate - ('El token ha expirado.',)
23:31:00 - INF - token_validate - ('El token ha expirado.',)
23:31:01 - INF - token_validate - ('El token ha expirado.',)
23:31:01 - INF - token_validate - ('El token ha expirado.',)
23:31:01 - INF - token_validate - ('El token ha expirado.',)
23:31:10 - INF - post - ('Servicio de login ejecutandose',)
23:32:01 - INF - token_validate - ('El token ha expirado.',)
23:33:00 - INF - token_validate - ('El token ha expirado.',)
23:34:00 - INF - token_validate - ('El token ha expirado.',)
23:34:48 - INF - <module> - ('Servicio MatchPP API Finalizado',)
23:34:48 - INF - <module> - ('Servicio MatchPP API Finalizado',)
23:34:50 - INF - <module> - ('Servicio MatchPP API Iniciado',)
23:34:50 - INF - <module> - ('Servicio MatchPP API Iniciado',)
23:35:00 - INF - token_validate - ('El token ha expirado.',)
23:35:00 - INF - token_validate - ('El token ha expirado.',)
23:35:00 - INF - token_validate - ('El token ha expirado.',)
23:35:00 - INF - token_validate - ('El token ha expirado.',)
23:35:08 - INF - post - ('Servicio de login ejecutandose',)
23:35:08 - INF - token_generate - ('Token generado para usuario: admin',)
23:36:01 - INF - token_validate - ('El token ha expirado.',)
23:37:00 - INF - token_validate - ('El token ha expirado.',)
