10:48:51 - INF - <module> - ('Servicio Iniciado',)
10:48:52 - INF - <module> - ('Servicio Iniciado',)
10:53:11 - INF - <module> - ('Servicio Finalizado',)
10:53:12 - INF - <module> - ('Servicio Iniciado',)
10:54:11 - INF - <module> - ('Servicio Finalizado',)
10:54:12 - INF - <module> - ('Servicio Iniciado',)
10:55:48 - INF - post - ('Servicio de login ejecutandose',)
10:55:48 - INF - Login - ("Error al ejecutar Login -> error de sintaxis en o cerca de «=»\nLINE 1: ... count(*) as valor From dawa.tb_UserWhere u_login = 'admin' ...\n                                                             ^\n",)
10:58:04 - INF - <module> - ('Servicio Finalizado',)
10:58:04 - INF - <module> - ('Servicio Iniciado',)
10:58:09 - INF - <module> - ('Servicio Finalizado',)
10:58:09 - INF - <module> - ('Servicio Iniciado',)
10:58:31 - INF - post - ('Servicio de login ejecutandose',)
10:58:31 - INF - Login - ('Error al ejecutar Login -> permiso denegado a la tabla tb_user\n',)
10:58:56 - INF - <module> - ('Servicio Finalizado',)
10:58:56 - INF - <module> - ('Servicio Iniciado',)
10:59:09 - INF - post - ('Servicio de login ejecutandose',)
10:59:09 - INF - Login - ("Error al ejecutar Login -> error de sintaxis en o cerca de «=»\nLINE 1: ... count(*) as valor FROM dawa.tb_userWhere u_login = 'admin' ...\n                                                             ^\n",)
10:59:27 - INF - <module> - ('Servicio Finalizado',)
10:59:27 - INF - <module> - ('Servicio Iniciado',)
10:59:34 - INF - post - ('Servicio de login ejecutandose',)
10:59:34 - INF - Login - ('Error al ejecutar Login -> permiso denegado a la tabla tb_user\n',)
11:05:51 - INF - post - ('Servicio de login ejecutandose',)
16:15:26 - INF - <module> - ('Servicio Finalizado',)
16:15:27 - INF - <module> - ('Servicio Finalizado',)
16:28:45 - INF - <module> - ('Servicio Iniciado',)
16:28:47 - INF - <module> - ('Servicio Iniciado',)
16:32:09 - INF - post - ('Servicio de login ejecutandose',)
16:33:45 - INF - <module> - ('Servicio Finalizado',)
16:33:45 - INF - <module> - ('Servicio Finalizado',)
