00:36:47 - INF - <module> - ('Servicio Iniciado',)
00:36:47 - INF - <module> - ('Servicio Iniciado',)
00:40:20 - INF - <module> - ('Servicio Finalizado',)
00:40:20 - INF - <module> - ('Servicio Finalizado',)
00:42:07 - INF - <module> - ('Servicio Iniciado',)
00:42:07 - INF - <module> - ('Servicio Iniciado',)
00:46:10 - INF - <module> - ('Servicio Finalizado',)
00:46:10 - INF - <module> - ('Servicio Finalizado',)
00:47:27 - INF - <module> - ('Servicio Iniciado',)
00:47:28 - INF - <module> - ('Servicio Iniciado',)
00:51:40 - INF - <module> - ('Servicio Finalizado',)
00:51:40 - INF - <module> - ('Servicio Finalizado',)
00:51:42 - INF - <module> - ('Servicio Iniciado',)
00:51:43 - INF - <module> - ('Servicio Iniciado',)
01:01:35 - INF - <module> - ('Servicio Finalizado',)
01:01:35 - INF - <module> - ('Servicio Finalizado',)
01:01:36 - INF - <module> - ('Servicio Iniciado',)
01:01:37 - INF - <module> - ('Servicio Iniciado',)
01:01:56 - INF - <module> - ('Servicio Finalizado',)
01:01:56 - INF - <module> - ('Servicio Finalizado',)
14:49:58 - INF - <module> - ('Servicio Iniciado',)
14:49:59 - INF - <module> - ('Servicio Iniciado',)
14:51:08 - INF - post - ('Servicio de envio de mensajes ejecutandose',)
14:51:08 - INF - post - ("Error en la validacion del request ->{'sender_id': ['El sender_id es obligatorio']}",)
14:51:37 - INF - post - ('Servicio de login ejecutandose',)
14:52:03 - INF - post - ('Servicio de envio de mensajes ejecutandose',)
14:52:03 - INF - post - ("Error en la validacion del request ->{'sender_id': ['El sender_id es obligatorio']}",)
14:52:46 - INF - get - ('Servicio de visualización de conversación ejecutándose',)
14:52:46 - INF - get - ('Faltan parámetros obligatorios en el query',)
14:53:47 - INF - post - ('Servicio de envio de mensajes ejecutandose',)
14:53:47 - INF - post - ("Error en la validacion del request ->{'sender_id': ['El sender_id es obligatorio']}",)
14:55:02 - INF - post - ('Servicio de envio de mensajes ejecutandose',)
14:57:41 - INF - post - ('Servicio de envio de mensajes ejecutandose',)
14:57:42 - INF - send_message - ("Error en el componente de envio de mensaje ->'int' object is not subscriptable",)
15:01:54 - INF - post - ('Servicio de login ejecutandose',)
15:02:14 - INF - get - ('Servicio de visualización de conversación ejecutándose',)
15:02:14 - INF - get - ('Faltan parámetros obligatorios en el query',)
15:10:41 - INF - <module> - ('Servicio Finalizado',)
15:10:42 - INF - <module> - ('Servicio Iniciado',)
15:46:25 - INF - <module> - ('Servicio Finalizado',)
15:46:25 - INF - <module> - ('Servicio Finalizado',)
17:02:43 - INF - <module> - ('Servicio Iniciado',)
17:02:44 - INF - <module> - ('Servicio Iniciado',)
17:03:10 - INF - post - ('Servicio para creación de recursos ejecutándose',)
17:03:10 - INF - create_resource - ("Error en la creación del recurso -> 'int' object is not subscriptable",)
17:03:24 - INF - get - ('Servicio para listar recursos ejecutándose',)
17:40:57 - INF - post - ('Servicio de login ejecutandose',)
17:40:57 - INF - post - ("Error en validar el Request ->{'login_password': ['Missing data for required field.'], 'login_user': ['Missing data for required field.'], 'u_login': ['Unknown field.'], 'u_password': ['Unknown field.']}",)
17:43:19 - INF - post - ('Servicio de login ejecutandose',)
17:50:40 - INF - <module> - ('Servicio Finalizado',)
17:50:40 - INF - <module> - ('Servicio Finalizado',)
19:46:08 - INF - <module> - ('Servicio Iniciado',)
19:46:08 - INF - <module> - ('Servicio Iniciado',)
19:46:10 - INF - post - ('Servicio de login ejecutandose',)
19:49:07 - INF - get - ('Servicio de vista de todas las publicaciones ejecutandose',)
19:49:07 - INF - get - ('Servicio de vista de todas las publicaciones ejecutandose',)
19:50:42 - INF - post - ('Servicio de login ejecutandose',)
19:53:50 - INF - <module> - ('Servicio Finalizado',)
19:53:51 - INF - <module> - ('Servicio Iniciado',)
19:59:36 - INF - post - ('Servicio de login ejecutandose',)
19:59:37 - INF - get - ('Servicio de vista de todas las publicaciones ejecutandose',)
19:59:37 - INF - get - ('Servicio de vista de todas las publicaciones ejecutandose',)
20:00:51 - INF - post - ('Servicio de login ejecutandose',)
20:00:51 - INF - get - ('Servicio de vista de todas las publicaciones ejecutandose',)
20:00:51 - INF - get - ('Servicio de vista de todas las publicaciones ejecutandose',)
20:02:24 - INF - post - ('Servicio de login ejecutandose',)
20:02:24 - INF - get - ('Servicio de vista de todas las publicaciones ejecutandose',)
20:02:24 - INF - get - ('Servicio de vista de todas las publicaciones ejecutandose',)
20:17:44 - INF - get - ('Servicio de vista de todas las publicaciones ejecutandose',)
20:17:44 - INF - get - ('Servicio de vista de todas las publicaciones ejecutandose',)
20:18:04 - INF - get - ('Servicio de vista de todas las publicaciones ejecutandose',)
20:18:49 - INF - get - ('Servicio de vista de todas las publicaciones ejecutandose',)
20:18:49 - INF - get - ('Servicio de vista de todas las publicaciones ejecutandose',)
20:19:05 - INF - get - ('Servicio de vista de todas las publicaciones ejecutandose',)
20:19:06 - INF - get - ('Servicio de vista de todas las publicaciones ejecutandose',)
20:19:10 - INF - get - ('Servicio de vista de todas las publicaciones ejecutandose',)
20:19:19 - INF - get - ('Servicio de vista de todas las publicaciones ejecutandose',)
20:19:21 - INF - get - ('Servicio de vista de todas las publicaciones ejecutandose',)
20:19:21 - INF - get - ('Servicio de vista de todas las publicaciones ejecutandose',)
20:19:28 - INF - post - ('Servicio de login ejecutandose',)
20:19:51 - INF - <module> - ('Servicio Finalizado',)
20:19:51 - INF - <module> - ('Servicio Finalizado',)
20:19:53 - INF - <module> - ('Servicio Iniciado',)
20:19:53 - INF - <module> - ('Servicio Iniciado',)
20:19:59 - INF - post - ('Servicio de login ejecutandose',)
20:19:59 - INF - get - ('Servicio de vista de todas las publicaciones ejecutandose',)
20:19:59 - INF - get - ('Servicio de vista de todas las publicaciones ejecutandose',)
20:22:16 - INF - post - ('Servicio de login ejecutandose',)
20:22:16 - INF - get - ('Servicio de vista de todas las publicaciones ejecutandose',)
20:22:16 - INF - get - ('Servicio de vista de todas las publicaciones ejecutandose',)
20:22:33 - INF - post - ('Servicio de login ejecutandose',)
20:22:39 - INF - post - ('Servicio de login ejecutandose',)
20:22:40 - INF - get - ('Servicio de vista de todas las publicaciones ejecutandose',)
20:22:40 - INF - get - ('Servicio de vista de todas las publicaciones ejecutandose',)
20:23:58 - INF - get - ('Servicio de vista de todas las publicaciones ejecutandose',)
21:47:43 - INF - get - ('Servicio de vista de todas las publicaciones ejecutandose',)
21:47:43 - INF - get - ('Servicio de vista de todas las publicaciones ejecutandose',)
21:47:58 - INF - get - ('Servicio de vista de todas las publicaciones ejecutandose',)
21:47:59 - INF - get - ('Servicio de vista de todas las publicaciones ejecutandose',)
21:48:06 - INF - post - ('Servicio de login ejecutandose',)
21:48:06 - INF - get - ('Servicio de vista de todas las publicaciones ejecutandose',)
21:48:06 - INF - get - ('Servicio de vista de todas las publicaciones ejecutandose',)
21:49:00 - INF - post - ('Servicio de login ejecutandose',)
21:49:00 - INF - get - ('Servicio de vista de todas las publicaciones ejecutandose',)
21:49:00 - INF - get - ('Servicio de vista de todas las publicaciones ejecutandose',)
21:49:22 - INF - post - ('Servicio de post, creacion de publicaciones ejecutandose',)
21:49:22 - INF - post - ("Error en la validacion del request ->{'post_group_id': ['Field may not be null.'], 'post_author_id': ['Missing data for required field.']}",)
21:49:36 - INF - post - ('Servicio de post, creacion de publicaciones ejecutandose',)
21:49:36 - INF - post - ("Error en la validacion del request ->{'post_group_id': ['Field may not be null.'], 'post_author_id': ['Missing data for required field.']}",)
21:50:56 - INF - get - ('Servicio de vista de todas las publicaciones ejecutandose',)
21:50:58 - INF - get - ('Servicio de vista de todas las publicaciones ejecutandose',)
21:51:01 - INF - get - ('Servicio de vista de todas las publicaciones ejecutandose',)
21:51:08 - INF - get - ('Servicio de vista de todas las publicaciones ejecutandose',)
22:02:41 - INF - <module> - ('Servicio Finalizado',)
22:02:42 - INF - <module> - ('Servicio Iniciado',)
22:04:03 - INF - <module> - ('Servicio Finalizado',)
22:04:05 - INF - <module> - ('Servicio Iniciado',)
22:04:17 - INF - post - ('Servicio de login ejecutandose',)
22:04:17 - INF - get - ('Servicio de vista de todas las publicaciones ejecutandose',)
22:04:17 - INF - get - ('Servicio de vista de todas las publicaciones ejecutandose',)
22:05:17 - INF - get - ('Servicio de vista de todas las publicaciones ejecutandose',)
22:06:14 - INF - get - ('Servicio de vista de todas las publicaciones ejecutandose',)
22:06:14 - INF - get - ('Servicio de vista de todas las publicaciones ejecutandose',)
22:06:52 - INF - get - ('Servicio de vista de todas las publicaciones ejecutandose',)
22:07:54 - INF - get - ('Servicio de vista de todas las publicaciones ejecutandose',)
22:08:13 - INF - get - ('Servicio de vista de todas las publicaciones ejecutandose',)
22:10:04 - INF - get - ('Servicio de vista de todas las publicaciones ejecutandose',)
22:10:22 - INF - post - ('Servicio de login ejecutandose',)
22:10:22 - INF - get - ('Servicio de vista de todas las publicaciones ejecutandose',)
22:10:22 - INF - get - ('Servicio de vista de todas las publicaciones ejecutandose',)
22:10:59 - INF - post - ('Servicio de post, creacion de publicaciones ejecutandose',)
22:10:59 - INF - post - ("Error en la validacion del request ->{'post_author_id': ['Missing data for required field.'], 'post_group_id': ['Field may not be null.']}",)
22:11:12 - INF - post - ('Servicio de post, creacion de publicaciones ejecutandose',)
22:11:12 - INF - post - ("Error en la validacion del request ->{'post_author_id': ['Missing data for required field.'], 'post_group_id': ['Field may not be null.']}",)
22:17:00 - INF - <module> - ('Servicio Finalizado',)
22:17:02 - INF - <module> - ('Servicio Iniciado',)
22:17:10 - INF - post - ('Servicio de login ejecutandose',)
22:17:11 - INF - get - ('Servicio de vista de todas las publicaciones ejecutandose',)
22:17:11 - INF - get - ('Servicio de vista de todas las publicaciones ejecutandose',)
22:17:18 - INF - post - ('Servicio de post, creacion de publicaciones ejecutandose',)
22:17:18 - INF - post - ("Error en la validacion del request ->{'post_group_id': ['Field may not be null.'], 'post_author_id': ['Missing data for required field.']}",)
22:18:21 - INF - <module> - ('Servicio Finalizado',)
22:18:21 - INF - <module> - ('Servicio Finalizado',)
22:18:24 - INF - <module> - ('Servicio Iniciado',)
22:18:25 - INF - <module> - ('Servicio Iniciado',)
22:18:36 - INF - post - ('Servicio de login ejecutandose',)
22:18:36 - INF - get - ('Servicio de vista de todas las publicaciones ejecutandose',)
22:18:37 - INF - get - ('Servicio de vista de todas las publicaciones ejecutandose',)
22:18:43 - INF - post - ('Servicio de post, creacion de publicaciones ejecutandose',)
22:18:43 - INF - post - ("Error en la validacion del request ->{'post_group_id': ['Field may not be null.'], 'post_author_id': ['Missing data for required field.']}",)
22:19:41 - INF - <module> - ('Servicio Finalizado',)
22:19:42 - INF - <module> - ('Servicio Iniciado',)
22:28:54 - INF - <module> - ('Servicio Finalizado',)
22:28:56 - INF - <module> - ('Servicio Iniciado',)
22:31:03 - INF - <module> - ('Servicio Finalizado',)
22:31:05 - INF - <module> - ('Servicio Iniciado',)
22:34:41 - INF - <module> - ('Servicio Finalizado',)
22:34:43 - INF - <module> - ('Servicio Iniciado',)
22:35:14 - INF - <module> - ('Servicio Finalizado',)
22:35:15 - INF - <module> - ('Servicio Iniciado',)
22:35:52 - INF - <module> - ('Servicio Finalizado',)
22:35:54 - INF - <module> - ('Servicio Iniciado',)
22:37:28 - INF - get - ('Servicio de vista de todas las publicaciones ejecutandose',)
22:37:51 - INF - get - ('Servicio de vista de todas las publicaciones ejecutandose',)
22:38:08 - INF - post - ('Servicio de login ejecutandose',)
22:38:08 - INF - get - ('Servicio de vista de todas las publicaciones ejecutandose',)
22:38:08 - INF - get - ('Servicio de vista de todas las publicaciones ejecutandose',)
22:38:15 - INF - post - ('Servicio de post, creación de publicaciones ejecutándose',)
22:42:49 - INF - <module> - ('Servicio Finalizado',)
22:42:50 - INF - <module> - ('Servicio Iniciado',)
22:46:47 - INF - <module> - ('Servicio Finalizado',)
22:46:48 - INF - <module> - ('Servicio Iniciado',)
22:50:03 - INF - <module> - ('Servicio Finalizado',)
22:50:05 - INF - <module> - ('Servicio Iniciado',)
22:50:05 - INF - get - ('Servicio de vista de todas las publicaciones ejecutandose',)
22:50:05 - INF - get - ('Servicio de vista de todas las publicaciones ejecutandose',)
22:50:09 - INF - post - ('Servicio de post, creación de publicaciones ejecutándose',)
22:52:30 - INF - <module> - ('Servicio Finalizado',)
22:52:31 - INF - <module> - ('Servicio Finalizado',)
22:55:41 - INF - <module> - ('Servicio Iniciado',)
22:55:42 - INF - <module> - ('Servicio Iniciado',)
22:55:43 - INF - post - ('Servicio de login ejecutandose',)
22:55:44 - INF - get - ('Servicio de vista de todas las publicaciones ejecutandose',)
22:55:44 - INF - get - ('Servicio de vista de todas las publicaciones ejecutandose',)
22:56:00 - INF - post - ('Servicio de post, creación de publicaciones ejecutándose',)
22:56:00 - INF - post - ("Error en la validación del request ->{'post_author_id': ['Missing data for required field.']}",)
22:59:54 - INF - <module> - ('Servicio Finalizado',)
22:59:56 - INF - <module> - ('Servicio Iniciado',)
23:04:13 - INF - <module> - ('Servicio Finalizado',)
23:04:15 - INF - <module> - ('Servicio Iniciado',)
23:06:12 - INF - <module> - ('Servicio Finalizado',)
23:06:14 - INF - <module> - ('Servicio Iniciado',)
23:06:30 - INF - post - ('Servicio de login ejecutandose',)
23:06:30 - INF - get - ('Servicio de vista de todas las publicaciones ejecutándose',)
23:06:30 - INF - get - ('Servicio de vista de todas las publicaciones ejecutándose',)
23:06:36 - INF - post - ('Servicio de post, creación de publicaciones ejecutándose',)
23:06:36 - INF - create_post - ("Error en el componente de creación del post -> 'int' object is not subscriptable",)
23:06:36 - INF - get - ('Servicio de vista de todas las publicaciones ejecutándose',)
23:10:14 - INF - post - ('Servicio de login ejecutandose',)
23:10:14 - INF - get - ('Servicio de vista de todas las publicaciones ejecutándose',)
23:10:14 - INF - get - ('Servicio de vista de todas las publicaciones ejecutándose',)
23:10:17 - INF - get - ('Servicio de vista de todas las publicaciones ejecutándose',)
23:10:17 - INF - get - ('Servicio de vista de todas las publicaciones ejecutándose',)
23:10:38 - INF - post - ('Servicio de login ejecutandose',)
23:10:38 - INF - get - ('Servicio de vista de todas las publicaciones ejecutándose',)
23:10:38 - INF - get - ('Servicio de vista de todas las publicaciones ejecutándose',)
23:11:35 - INF - post - ('Servicio de post, creación de publicaciones ejecutándose',)
23:11:35 - INF - create_post - ("Error en el componente de creación del post -> 'int' object is not subscriptable",)
23:11:35 - INF - get - ('Servicio de vista de todas las publicaciones ejecutándose',)
23:12:17 - INF - post - ('Servicio de post, creación de publicaciones ejecutándose',)
23:12:17 - INF - create_post - ("Error en el componente de creación del post -> 'int' object is not subscriptable",)
23:12:18 - INF - get - ('Servicio de vista de todas las publicaciones ejecutándose',)
23:19:12 - INF - get - ('Servicio de vista de todas las publicaciones ejecutándose',)
23:19:12 - INF - get - ('Servicio de vista de todas las publicaciones ejecutándose',)
23:19:25 - INF - get - ('Servicio de vista de todas las publicaciones ejecutándose',)
23:19:25 - INF - get - ('Servicio de vista de todas las publicaciones ejecutándose',)
23:21:03 - INF - <module> - ('Servicio Finalizado',)
23:21:03 - INF - <module> - ('Servicio Finalizado',)
