08:09:17 - INF - <module> - ('Servicio Iniciado',)
08:09:19 - INF - <module> - ('Servicio Iniciado',)
08:11:32 - INF - <module> - ('Servicio Finalizado',)
08:11:32 - INF - <module> - ('Servicio Finalizado',)
08:11:47 - INF - <module> - ('Servicio Iniciado',)
08:11:49 - INF - <module> - ('Servicio Iniciado',)
08:12:40 - INF - <module> - ('Servicio Finalizado',)
08:12:40 - INF - <module> - ('Servicio Finalizado',)
08:15:15 - INF - <module> - ('Servicio Iniciado',)
08:15:17 - INF - <module> - ('Servicio Iniciado',)
08:16:15 - INF - <module> - ('Servicio Finalizado',)
08:16:16 - INF - <module> - ('Servicio Iniciado',)
08:18:31 - INF - post - ('Servicio de login ejecutandose',)
08:19:35 - INF - <module> - ('Servicio Finalizado',)
08:19:37 - INF - <module> - ('Servicio Iniciado',)
08:20:04 - INF - <module> - ('Servicio Finalizado',)
08:20:05 - INF - <module> - ('Servicio Finalizado',)
08:20:09 - INF - <module> - ('Servicio Iniciado',)
08:20:10 - INF - <module> - ('Servicio Iniciado',)
08:22:20 - INF - <module> - ('Servicio Finalizado',)
08:22:20 - INF - <module> - ('Servicio Finalizado',)
08:22:27 - INF - <module> - ('Servicio Iniciado',)
08:22:29 - INF - <module> - ('Servicio Iniciado',)
08:22:30 - INF - <module> - ('Servicio Finalizado',)
08:22:31 - INF - <module> - ('Servicio Finalizado',)
08:22:53 - INF - <module> - ('Servicio Iniciado',)
08:22:54 - INF - <module> - ('Servicio Iniciado',)
08:24:59 - INF - <module> - ('Servicio Finalizado',)
08:24:59 - INF - <module> - ('Servicio Finalizado',)
08:26:39 - INF - <module> - ('Servicio Iniciado',)
08:26:40 - INF - <module> - ('Servicio Iniciado',)
08:27:09 - INF - <module> - ('Servicio Finalizado',)
08:27:09 - INF - <module> - ('Servicio Finalizado',)
08:28:28 - INF - <module> - ('Servicio Iniciado',)
08:28:29 - INF - <module> - ('Servicio Iniciado',)
08:28:42 - INF - get - ('Servicio de consulta de usuarios ejecutandose',)
08:28:42 - INF - token_validate - ('Error en el metodo de validar el tojen -> e',)
08:29:05 - INF - post - ('Servicio de login ejecutandose',)
08:29:38 - INF - get - ('Servicio de consulta de usuarios ejecutandose',)
08:32:34 - INF - <module> - ('Servicio Finalizado',)
08:32:36 - INF - <module> - ('Servicio Iniciado',)
08:34:29 - INF - <module> - ('Servicio Finalizado',)
08:34:31 - INF - <module> - ('Servicio Iniciado',)
08:35:28 - INF - <module> - ('Servicio Finalizado',)
08:35:30 - INF - <module> - ('Servicio Iniciado',)
08:35:38 - INF - <module> - ('Servicio Iniciado',)
08:35:40 - INF - <module> - ('Servicio Iniciado',)
08:35:53 - INF - <module> - ('Servicio Finalizado',)
08:35:54 - INF - <module> - ('Servicio Finalizado',)
08:35:55 - INF - <module> - ('Servicio Iniciado',)
08:35:56 - INF - <module> - ('Servicio Iniciado',)
08:36:08 - INF - get - ('Servicio de consulta de usuarios ejecutandose',)
08:36:08 - INF - token_validate - ('Error en el metodo de validar el tojen -> j',)
08:36:09 - INF - get - ('Servicio de consulta de usuarios ejecutandose',)
08:36:09 - INF - token_validate - ('Error en el metodo de validar el tojen -> j',)
08:36:21 - INF - post - ('Servicio de login ejecutandose',)
08:36:39 - INF - get - ('Servicio de consulta de usuarios ejecutandose',)
08:37:16 - INF - <module> - ('Servicio Finalizado',)
08:37:16 - INF - <module> - ('Servicio Finalizado',)
08:37:22 - INF - <module> - ('Servicio Finalizado',)
08:37:22 - INF - <module> - ('Servicio Finalizado',)
08:37:25 - INF - <module> - ('Servicio Iniciado',)
08:37:26 - INF - <module> - ('Servicio Iniciado',)
08:37:40 - INF - <module> - ('Servicio Finalizado',)
08:37:42 - INF - <module> - ('Servicio Iniciado',)
08:38:00 - INF - get - ('Servicio de consulta de usuarios ejecutandose',)
08:38:16 - INF - <module> - ('Servicio Finalizado',)
08:38:18 - INF - <module> - ('Servicio Iniciado',)
08:39:35 - INF - <module> - ('Servicio Finalizado',)
08:39:37 - INF - <module> - ('Servicio Iniciado',)
08:39:42 - INF - get - ('Servicio de consulta de usuarios ejecutandose',)
08:42:35 - INF - <module> - ('Servicio Finalizado',)
08:42:37 - INF - <module> - ('Servicio Finalizado',)
08:48:56 - INF - <module> - ('Servicio Iniciado',)
08:48:57 - INF - <module> - ('Servicio Iniciado',)
08:49:11 - INF - post - ('Servicio de login ejecutandose',)
08:49:30 - INF - get - ('Servicio de consulta de usuarios ejecutandose',)
08:52:11 - INF - <module> - ('Servicio Finalizado',)
08:52:13 - INF - <module> - ('Servicio Iniciado',)
08:52:23 - INF - get - ('Servicio de consulta de usuarios ejecutandose',)
08:52:33 - INF - get - ('Servicio de consulta de usuarios ejecutandose',)
08:52:33 - INF - token_validate - ('Error en el metodo de validar el tojen -> eyJhbGciOiJIUzI1NiIsInR5cCI6IkpXVCJ9.Ig3qn0g',)
08:52:41 - INF - post - ('Servicio de login ejecutandose',)
08:53:05 - INF - get - ('Servicio de consulta de usuarios ejecutandose',)
08:57:03 - INF - get - ('Servicio de consulta de usuarios ejecutandose',)
08:59:38 - INF - <module> - ('Servicio Finalizado',)
08:59:39 - INF - <module> - ('Servicio Iniciado',)
09:03:21 - INF - <module> - ('Servicio Finalizado',)
09:03:23 - INF - <module> - ('Servicio Finalizado',)
09:04:27 - INF - <module> - ('Servicio Iniciado',)
09:04:28 - INF - <module> - ('Servicio Iniciado',)
09:04:48 - INF - get - ('Servicio de consulta de usuarios ejecutándose',)
09:05:06 - INF - <module> - ('Servicio Finalizado',)
09:05:06 - INF - <module> - ('Servicio Finalizado',)
