17:34:32 - INF - <module> - ('Servicio Iniciado',)
17:34:33 - INF - <module> - ('Servicio Iniciado',)
17:38:35 - INF - post - ('Servicio de login ejecutandose',)
17:41:40 - INF - post - ('Servicio de login ejecutandose',)
17:41:41 - INF - post - ('Servicio de login ejecutandose',)
17:46:21 - INF - post - ('Servicio de login ejecutandose',)
17:46:22 - INF - post - ('Servicio de login ejecutandose',)
17:47:55 - INF - <module> - ('Servicio Iniciado',)
17:47:56 - INF - <module> - ('Servicio Iniciado',)
17:48:11 - INF - post - ('Servicio de login ejecutandose',)
17:48:53 - INF - get - ('Servicio de vista de todas las publicaciones ejecutándose',)
17:49:43 - INF - get - ('Servicio de vista de todas las publicaciones ejecutándose',)
17:49:43 - INF - get - ('Servicio de vista de todas las publicaciones ejecutándose',)
17:49:47 - INF - get - ('Servicio para listar recursos ejecutándose',)
17:49:47 - INF - get - ('Servicio para listar recursos ejecutándose',)
17:49:53 - INF - get - ('Servicio de consulta de usuarios ejecutándose',)
17:49:53 - INF - get - ('Servicio de consulta de usuarios ejecutándose',)
17:49:56 - INF - get - ('Servicio de vista de todas las publicaciones ejecutándose',)
17:49:56 - INF - get - ('Servicio de vista de todas las publicaciones ejecutándose',)
17:49:58 - INF - get - ('Servicio para listar recursos ejecutándose',)
17:49:58 - INF - get - ('Servicio de consulta de usuarios ejecutándose',)
17:49:58 - INF - get - ('Servicio para listar recursos ejecutándose',)
17:49:58 - INF - get - ('Servicio de consulta de usuarios ejecutándose',)
17:50:02 - INF - get - ('Servicio de vista de todas las publicaciones ejecutándose',)
17:50:02 - INF - get - ('Servicio de vista de todas las publicaciones ejecutándose',)
17:56:10 - INF - get - ('Servicio para listar recursos ejecutándose',)
17:56:10 - INF - get - ('Servicio para listar recursos ejecutándose',)
17:56:30 - INF - get - ('Servicio de consulta de usuarios ejecutándose',)
17:56:30 - INF - get - ('Servicio de consulta de usuarios ejecutándose',)
17:56:35 - INF - get - ('Servicio de vista de todas las publicaciones ejecutándose',)
17:56:36 - INF - get - ('Servicio de vista de todas las publicaciones ejecutándose',)
17:56:43 - INF - get - ('Servicio de consulta de usuarios ejecutándose',)
17:56:43 - INF - get - ('Servicio de consulta de usuarios ejecutándose',)
17:56:45 - INF - get - ('Servicio para listar recursos ejecutándose',)
17:56:45 - INF - get - ('Servicio para listar recursos ejecutándose',)
17:56:45 - INF - get - ('Servicio de vista de todas las publicaciones ejecutándose',)
17:56:46 - INF - get - ('Servicio de vista de todas las publicaciones ejecutándose',)
18:10:02 - INF - get - ('Servicio para listar recursos ejecutándose',)
18:10:02 - INF - get - ('Servicio para listar recursos ejecutándose',)
18:10:06 - INF - get - ('Servicio de consulta de usuarios ejecutándose',)
18:10:06 - INF - token_validate - ('El token ha expirado.',)
18:10:06 - INF - get - ('Servicio de consulta de usuarios ejecutándose',)
18:10:06 - INF - token_validate - ('El token ha expirado.',)
18:10:08 - INF - get - ('Servicio para listar recursos ejecutándose',)
18:10:09 - INF - get - ('Servicio para listar recursos ejecutándose',)
18:10:13 - INF - get - ('Servicio de vista de todas las publicaciones ejecutándose',)
18:10:14 - INF - get - ('Servicio de vista de todas las publicaciones ejecutándose',)
18:13:24 - INF - get - ('Servicio para listar recursos ejecutándose',)
18:13:24 - INF - get - ('Servicio para listar recursos ejecutándose',)
18:18:42 - INF - get - ('Servicio de vista de todas las publicaciones ejecutándose',)
18:18:42 - INF - get - ('Servicio de vista de todas las publicaciones ejecutándose',)
18:58:35 - INF - get - ('Servicio de vista de todas las publicaciones ejecutándose',)
18:59:33 - INF - get - ('Servicio de vista de todas las publicaciones ejecutándose',)
18:59:44 - INF - get - ('Servicio de vista de todas las publicaciones ejecutándose',)
18:59:44 - INF - get - ('Servicio de vista de todas las publicaciones ejecutándose',)
18:59:50 - INF - get - ('Servicio de vista de todas las publicaciones ejecutándose',)
18:59:50 - INF - get - ('Servicio de vista de todas las publicaciones ejecutándose',)
19:00:55 - INF - get - ('Servicio de vista de todas las publicaciones ejecutándose',)
19:00:55 - INF - get - ('Servicio de vista de todas las publicaciones ejecutándose',)
19:01:25 - INF - get - ('Servicio para obtener comentarios ejecutándose',)
19:02:43 - INF - get - ('Servicio para listar recursos ejecutándose',)
19:02:43 - INF - get - ('Servicio para listar recursos ejecutándose',)
19:02:47 - INF - get - ('Servicio de vista de todas las publicaciones ejecutándose',)
19:02:47 - INF - get - ('Servicio de vista de todas las publicaciones ejecutándose',)
19:02:52 - INF - get - ('Servicio para listar recursos ejecutándose',)
19:02:53 - INF - get - ('Servicio para listar recursos ejecutándose',)
19:02:53 - INF - get - ('Servicio de vista de todas las publicaciones ejecutándose',)
19:02:53 - INF - get - ('Servicio de vista de todas las publicaciones ejecutándose',)
19:03:07 - INF - get - ('Servicio para listar recursos ejecutándose',)
19:03:07 - INF - get - ('Servicio para listar recursos ejecutándose',)
19:03:08 - INF - get - ('Servicio de vista de todas las publicaciones ejecutándose',)
19:03:08 - INF - get - ('Servicio de vista de todas las publicaciones ejecutándose',)
19:03:32 - INF - get - ('Servicio para obtener comentarios ejecutándose',)
19:04:12 - INF - post - ('Servicio de comentarios ejecutándose',)
19:04:12 - INF - decode_token - ('El token ha expirado.',)
19:04:14 - INF - post - ('Servicio de comentarios ejecutándose',)
19:04:14 - INF - decode_token - ('El token ha expirado.',)
19:04:21 - INF - get - ('Servicio para obtener comentarios ejecutándose',)
19:05:30 - INF - get - ('Servicio de vista de todas las publicaciones ejecutándose',)
19:05:46 - INF - get - ('Servicio de vista de todas las publicaciones ejecutándose',)
19:05:46 - INF - get - ('Servicio de vista de todas las publicaciones ejecutándose',)
19:05:53 - INF - get - ('Servicio de vista de todas las publicaciones ejecutándose',)
19:05:53 - INF - get - ('Servicio de vista de todas las publicaciones ejecutándose',)
19:05:56 - INF - get - ('Servicio para obtener comentarios ejecutándose',)
19:06:24 - INF - get - ('Servicio de vista de todas las publicaciones ejecutándose',)
19:07:19 - INF - get - ('Servicio de vista de todas las publicaciones ejecutándose',)
19:08:02 - INF - get - ('Servicio de vista de todas las publicaciones ejecutándose',)
19:08:02 - INF - get - ('Servicio de vista de todas las publicaciones ejecutándose',)
19:20:16 - INF - get - ('Servicio de vista de todas las publicaciones ejecutándose',)
19:20:16 - INF - get - ('Servicio de vista de todas las publicaciones ejecutándose',)
19:22:11 - INF - get - ('Servicio para obtener comentarios ejecutándose',)
19:22:12 - INF - get - ('Servicio para obtener comentarios ejecutándose',)
19:22:15 - INF - get - ('Servicio para obtener comentarios ejecutándose',)
19:22:20 - INF - get - ('Servicio para obtener comentarios ejecutándose',)
19:22:20 - INF - get - ('Servicio para obtener comentarios ejecutándose',)
19:22:21 - INF - get - ('Servicio para obtener comentarios ejecutándose',)
19:22:22 - INF - get - ('Servicio para obtener comentarios ejecutándose',)
19:22:49 - INF - get - ('Servicio para obtener comentarios ejecutándose',)
19:23:45 - INF - get - ('Servicio de vista de todas las publicaciones ejecutándose',)
19:23:51 - INF - get - ('Servicio de vista de todas las publicaciones ejecutándose',)
19:23:52 - INF - get - ('Servicio de vista de todas las publicaciones ejecutándose',)
19:24:09 - INF - get - ('Servicio de vista de todas las publicaciones ejecutándose',)
19:24:18 - INF - get - ('Servicio de vista de todas las publicaciones ejecutándose',)
19:24:18 - INF - get - ('Servicio de vista de todas las publicaciones ejecutándose',)
19:24:24 - INF - get - ('Servicio de vista de todas las publicaciones ejecutándose',)
19:24:39 - INF - get - ('Servicio para obtener comentarios ejecutándose',)
19:24:51 - INF - get - ('Servicio para obtener comentarios ejecutándose',)
19:24:53 - INF - get - ('Servicio para obtener comentarios ejecutándose',)
19:24:53 - INF - get - ('Servicio para obtener comentarios ejecutándose',)
19:24:57 - INF - get - ('Servicio de vista de todas las publicaciones ejecutándose',)
19:24:57 - INF - get - ('Servicio de vista de todas las publicaciones ejecutándose',)
19:25:04 - INF - get - ('Servicio para obtener comentarios ejecutándose',)
19:25:29 - INF - get - ('Servicio de vista de todas las publicaciones ejecutándose',)
19:25:41 - INF - get - ('Servicio de vista de todas las publicaciones ejecutándose',)
19:25:42 - INF - get - ('Servicio de vista de todas las publicaciones ejecutándose',)
19:25:55 - INF - get - ('Servicio de vista de todas las publicaciones ejecutándose',)
19:25:55 - INF - get - ('Servicio de vista de todas las publicaciones ejecutándose',)
19:26:07 - INF - get - ('Servicio de vista de todas las publicaciones ejecutándose',)
19:26:12 - INF - get - ('Servicio de vista de todas las publicaciones ejecutándose',)
19:26:17 - INF - get - ('Servicio de vista de todas las publicaciones ejecutándose',)
19:26:23 - INF - get - ('Servicio de vista de todas las publicaciones ejecutándose',)
19:26:26 - INF - get - ('Servicio de vista de todas las publicaciones ejecutándose',)
