17:35:57 - INF - <module> - ('Servicio Iniciado',)
17:35:58 - INF - <module> - ('Servicio Iniciado',)
17:41:26 - INF - post - ('Servicio de login ejecutandose',)
17:41:26 - INF - post - ('Servicio de login ejecutandose',)
17:41:27 - INF - post - ('Servicio de login ejecutandose',)
17:41:34 - INF - post - ('Servicio de login ejecutandose',)
17:41:35 - INF - token_generate - ('Token generado para usuario: empresa1',)
17:41:35 - INF - token_generate - ('Token generado para usuario: empresa1',)
17:41:35 - INF - token_generate - ('Token generado para usuario: empresa1',)
17:41:35 - INF - get - ('Servicio de vista de todas las publicaciones ejecutándose',)
17:41:35 - INF - get - ('Servicio de usuario actual ejecutándose',)
17:41:35 - INF - get - ('Token recibido: Sí',)
17:41:35 - INF - get - ('Token limpiado: eyJhbGciOiJIUzI1NiIs...',)
17:41:35 - INF - get - ('Token válido: True',)
17:41:35 - INF - get - ('Resultado decodificación: True',)
17:41:35 - INF - get - ('user_id en token: 3',)
17:41:35 - INF - get - ('Servicio de vista de todas las publicaciones ejecutándose',)
17:41:36 - INF - get - ('Resultado BD: True',)
17:41:36 - INF - get - ('Usuario encontrado: empresa1',)
17:42:05 - INF - get - ('Servicio para listar vacantes ejecutándose',)
17:42:06 - INF - get - ('Servicio para listar vacantes ejecutándose',)
17:42:09 - INF - get - ('Servicio de vista de todas las publicaciones ejecutándose',)
17:42:09 - INF - get - ('Servicio de vista de todas las publicaciones ejecutándose',)
17:42:42 - INF - get - ('Servicio para listar vacantes ejecutándose',)
17:42:42 - INF - get - ('Servicio para listar vacantes ejecutándose',)
17:42:50 - INF - get - ('Servicio de vista de todas las publicaciones ejecutándose',)
17:42:50 - INF - get - ('Servicio de vista de todas las publicaciones ejecutándose',)
17:44:13 - INF - post - ('Servicio de login ejecutandose',)
17:44:13 - INF - token_generate - ('Token generado para usuario: empresa1',)
17:44:13 - INF - get - ('Servicio de vista de todas las publicaciones ejecutándose',)
17:44:14 - INF - get - ('Servicio de usuario actual ejecutándose',)
17:44:14 - INF - get - ('Token recibido: Sí',)
17:44:14 - INF - get - ('Token limpiado: eyJhbGciOiJIUzI1NiIs...',)
17:44:14 - INF - get - ('Token válido: True',)
17:44:14 - INF - get - ('Resultado decodificación: True',)
17:44:14 - INF - get - ('user_id en token: 3',)
17:44:14 - INF - get - ('Resultado BD: True',)
17:44:14 - INF - get - ('Usuario encontrado: empresa1',)
17:44:14 - INF - get - ('Servicio de vista de todas las publicaciones ejecutándose',)
17:45:54 - INF - <module> - ('Servicio Finalizado',)
17:45:56 - INF - <module> - ('Servicio Finalizado',)
17:46:17 - INF - <module> - ('Servicio Iniciado',)
17:46:18 - INF - <module> - ('Servicio Iniciado',)
17:46:43 - INF - get - ('Servicio de vista de todas las publicaciones ejecutándose',)
17:46:43 - INF - get - ('Servicio de usuario actual ejecutándose',)
17:46:43 - INF - get - ('Token recibido: Sí',)
17:46:43 - INF - get - ('Token limpiado: eyJhbGciOiJIUzI1NiIs...',)
17:46:43 - INF - get - ('Token válido: True',)
17:46:43 - INF - get - ('Resultado decodificación: True',)
17:46:43 - INF - get - ('user_id en token: 3',)
17:46:44 - INF - get - ('Servicio de vista de todas las publicaciones ejecutándose',)
17:46:44 - INF - get - ('Resultado BD: True',)
17:46:44 - INF - get - ('Usuario encontrado: empresa1',)
17:46:44 - INF - get - ('Servicio de usuario actual ejecutándose',)
17:46:44 - INF - get - ('Token recibido: Sí',)
17:46:44 - INF - get - ('Token limpiado: eyJhbGciOiJIUzI1NiIs...',)
17:46:44 - INF - get - ('Token válido: True',)
17:46:44 - INF - get - ('Resultado decodificación: True',)
17:46:44 - INF - get - ('user_id en token: 3',)
17:46:44 - INF - get - ('Resultado BD: True',)
17:46:44 - INF - get - ('Usuario encontrado: empresa1',)
17:46:46 - INF - get - ('Servicio para listar vacantes ejecutándose',)
17:46:47 - INF - get - ('Servicio para listar vacantes ejecutándose',)
17:48:57 - INF - get - ('Servicio de vista de todas las publicaciones ejecutándose',)
17:48:57 - INF - get - ('Servicio de vista de todas las publicaciones ejecutándose',)
17:51:52 - INF - post - ('Servicio de login ejecutandose',)
17:51:53 - INF - token_generate - ('Token generado para usuario: admin',)
17:51:53 - INF - get - ('Servicio de vista de todas las publicaciones ejecutándose',)
17:51:53 - INF - get - ('Servicio de usuario actual ejecutándose',)
17:51:53 - INF - get - ('Token recibido: Sí',)
17:51:53 - INF - get - ('Token limpiado: eyJhbGciOiJIUzI1NiIs...',)
17:51:53 - INF - get - ('Token válido: True',)
17:51:53 - INF - get - ('Resultado decodificación: True',)
17:51:53 - INF - get - ('user_id en token: 1',)
17:51:53 - INF - get - ('Resultado BD: True',)
17:51:53 - INF - get - ('Usuario encontrado: admin',)
17:51:53 - INF - get - ('Servicio de vista de todas las publicaciones ejecutándose',)
17:52:16 - INF - get - ('Servicio de vista de todas las publicaciones ejecutándose',)
17:52:16 - INF - get - ('Servicio de usuario actual ejecutándose',)
17:52:16 - INF - get - ('Token recibido: Sí',)
17:52:16 - INF - get - ('Token limpiado: eyJhbGciOiJIUzI1NiIs...',)
17:52:16 - INF - get - ('Token válido: True',)
17:52:16 - INF - get - ('Resultado decodificación: True',)
17:52:16 - INF - get - ('user_id en token: 1',)
17:52:16 - INF - get - ('Servicio de vista de todas las publicaciones ejecutándose',)
17:52:16 - INF - get - ('Resultado BD: True',)
17:52:16 - INF - get - ('Usuario encontrado: admin',)
17:52:16 - INF - get - ('Servicio de usuario actual ejecutándose',)
17:52:16 - INF - get - ('Token recibido: Sí',)
17:52:16 - INF - get - ('Token limpiado: eyJhbGciOiJIUzI1NiIs...',)
17:52:16 - INF - get - ('Token válido: True',)
17:52:16 - INF - get - ('Resultado decodificación: True',)
17:52:16 - INF - get - ('user_id en token: 1',)
17:52:17 - INF - get - ('Resultado BD: True',)
17:52:17 - INF - get - ('Usuario encontrado: admin',)
17:52:35 - INF - post - ('Servicio de login ejecutandose',)
17:52:35 - INF - token_generate - ('Token generado para usuario: empresa1',)
17:52:35 - INF - get - ('Servicio de vista de todas las publicaciones ejecutándose',)
17:52:36 - INF - get - ('Servicio de usuario actual ejecutándose',)
17:52:36 - INF - get - ('Token recibido: Sí',)
17:52:36 - INF - get - ('Token limpiado: eyJhbGciOiJIUzI1NiIs...',)
17:52:36 - INF - get - ('Token válido: True',)
17:52:36 - INF - get - ('Resultado decodificación: True',)
17:52:36 - INF - get - ('user_id en token: 3',)
17:52:36 - INF - get - ('Resultado BD: True',)
17:52:36 - INF - get - ('Usuario encontrado: empresa1',)
17:52:36 - INF - get - ('Servicio de vista de todas las publicaciones ejecutándose',)
17:52:40 - INF - get - ('Servicio de vista de todas las publicaciones ejecutándose',)
17:52:40 - INF - get - ('Servicio de vista de todas las publicaciones ejecutándose',)
18:07:21 - INF - get - ('Servicio de consulta de usuarios ejecutándose',)
18:07:21 - INF - get - ('Servicio de consulta de usuarios ejecutándose',)
18:07:42 - INF - post - ('Servicio de login ejecutandose',)
18:07:43 - INF - token_generate - ('Token generado para usuario: bryan1',)
18:07:43 - INF - get - ('Servicio de consulta de usuarios ejecutándose',)
18:07:43 - INF - get - ('Servicio de usuario actual ejecutándose',)
18:07:43 - INF - get - ('Token recibido: Sí',)
18:07:43 - INF - get - ('Token limpiado: eyJhbGciOiJIUzI1NiIs...',)
18:07:43 - INF - get - ('Token válido: True',)
18:07:43 - INF - get - ('Resultado decodificación: True',)
18:07:43 - INF - get - ('user_id en token: 4',)
18:07:44 - INF - get - ('Servicio de consulta de usuarios ejecutándose',)
18:07:44 - INF - get - ('Resultado BD: True',)
18:07:44 - INF - get - ('Usuario encontrado: bryan1',)
18:07:49 - INF - get - ('Servicio para listar vacantes ejecutándose',)
18:07:49 - INF - get - ('Servicio para listar vacantes ejecutándose',)
18:07:54 - INF - get - ('Servicio de vista de todas las publicaciones ejecutándose',)
18:07:54 - INF - get - ('Servicio de vista de todas las publicaciones ejecutándose',)
18:07:58 - INF - get - ('Servicio para catálogos de vacantes ejecutándose',)
18:07:59 - INF - get - ('Servicio para catálogos de vacantes ejecutándose',)
18:08:03 - INF - get - ('Servicio para listar recursos ejecutándose',)
18:08:03 - INF - get - ('Servicio para listar recursos ejecutándose',)
18:14:16 - INF - <module> - ('Servicio Finalizado',)
18:14:18 - INF - <module> - ('Servicio Iniciado',)
18:17:24 - INF - <module> - ('Servicio Finalizado',)
18:17:26 - INF - <module> - ('Servicio Iniciado',)
18:17:28 - INF - <module> - ('Servicio Finalizado',)
18:17:29 - INF - <module> - ('Servicio Iniciado',)
18:17:31 - INF - <module> - ('Servicio Finalizado',)
18:17:32 - INF - <module> - ('Servicio Finalizado',)
18:22:02 - INF - <module> - ('Servicio Iniciado',)
18:22:03 - INF - <module> - ('Servicio Iniciado',)
18:22:45 - INF - <module> - ('Servicio Finalizado',)
18:22:47 - INF - <module> - ('Servicio Finalizado',)
18:23:31 - INF - <module> - ('Servicio Iniciado',)
18:23:32 - INF - <module> - ('Servicio Iniciado',)
18:23:47 - INF - post - ('Servicio de login ejecutandose',)
18:23:48 - INF - token_generate - ('Token generado para usuario: bryan1',)
18:23:48 - INF - get - ('Servicio de vista de todas las publicaciones ejecutándose',)
18:23:48 - INF - get - ('Servicio de usuario actual ejecutándose',)
18:23:48 - INF - get - ('Token recibido: Sí',)
18:23:48 - INF - get - ('Token limpiado: eyJhbGciOiJIUzI1NiIs...',)
18:23:48 - INF - get - ('Token válido: True',)
18:23:48 - INF - get - ('Resultado decodificación: True',)
18:23:48 - INF - get - ('user_id en token: 4',)
18:23:48 - INF - get - ('Servicio de vista de todas las publicaciones ejecutándose',)
18:23:49 - INF - get - ('Resultado BD: True',)
18:23:49 - INF - get - ('Usuario encontrado: bryan1',)
18:32:41 - INF - <module> - ('Servicio Finalizado',)
18:32:43 - INF - <module> - ('Servicio Iniciado',)
18:32:46 - INF - <module> - ('Servicio Finalizado',)
18:32:47 - INF - <module> - ('Servicio Iniciado',)
18:32:53 - INF - <module> - ('Servicio Finalizado',)
18:32:54 - INF - <module> - ('Servicio Iniciado',)
18:32:55 - INF - <module> - ('Servicio Finalizado',)
18:32:57 - INF - <module> - ('Servicio Iniciado',)
18:33:47 - INF - <module> - ('Servicio Finalizado',)
18:33:49 - INF - <module> - ('Servicio Iniciado',)
18:33:50 - INF - <module> - ('Servicio Finalizado',)
18:33:52 - INF - <module> - ('Servicio Iniciado',)
18:33:59 - INF - <module> - ('Servicio Finalizado',)
18:34:01 - INF - <module> - ('Servicio Iniciado',)
18:34:06 - INF - <module> - ('Servicio Finalizado',)
18:34:08 - INF - <module> - ('Servicio Finalizado',)
18:39:57 - INF - <module> - ('Servicio Iniciado',)
18:39:58 - INF - <module> - ('Servicio Iniciado',)
18:40:09 - INF - post - ('Servicio de login ejecutandose',)
18:40:09 - INF - token_generate - ('Token generado para usuario: bryan1',)
18:40:10 - INF - get - ('Servicio de vista de todas las publicaciones ejecutándose',)
18:40:10 - INF - get - ('Servicio de usuario actual ejecutándose',)
18:40:10 - INF - get - ('Token recibido: Sí',)
18:40:10 - INF - get - ('Token limpiado: eyJhbGciOiJIUzI1NiIs...',)
18:40:10 - INF - get - ('Token válido: True',)
18:40:10 - INF - get - ('Resultado decodificación: True',)
18:40:10 - INF - get - ('user_id en token: 4',)
18:40:10 - INF - get - ('Servicio de vista de todas las publicaciones ejecutándose',)
18:40:10 - INF - get - ('Resultado BD: True',)
18:40:10 - INF - get - ('Usuario encontrado: bryan1',)
18:40:56 - INF - get - ('Servicio para listar recursos ejecutándose',)
18:40:57 - INF - get - ('Servicio para listar recursos ejecutándose',)
18:56:56 - INF - get - ('Servicio de vista de todas las publicaciones ejecutándose',)
18:56:56 - INF - get - ('Servicio de usuario actual ejecutándose',)
18:56:56 - INF - get - ('Token recibido: Sí',)
18:56:56 - INF - get - ('Token limpiado: eyJhbGciOiJIUzI1NiIs...',)
18:56:56 - INF - token_validate - ('El token ha expirado.',)
18:56:56 - INF - get - ('Token válido: False',)
18:56:56 - INF - get - ('Servicio de usuario actual ejecutándose',)
18:56:56 - INF - get - ('Token recibido: Sí',)
18:56:56 - INF - get - ('Token limpiado: eyJhbGciOiJIUzI1NiIs...',)
18:56:56 - INF - token_validate - ('El token ha expirado.',)
18:56:56 - INF - get - ('Token válido: False',)
18:56:57 - INF - get - ('Servicio de vista de todas las publicaciones ejecutándose',)
18:57:44 - INF - post - ('Servicio de login ejecutandose',)
18:57:44 - INF - token_generate - ('Token generado para usuario: bryan1',)
18:57:45 - INF - get - ('Servicio de vista de todas las publicaciones ejecutándose',)
18:57:45 - INF - get - ('Servicio de usuario actual ejecutándose',)
18:57:45 - INF - get - ('Token recibido: Sí',)
18:57:45 - INF - get - ('Token limpiado: eyJhbGciOiJIUzI1NiIs...',)
18:57:45 - INF - get - ('Token válido: True',)
18:57:45 - INF - get - ('Resultado decodificación: True',)
18:57:45 - INF - get - ('user_id en token: 4',)
18:57:45 - INF - get - ('Resultado BD: True',)
18:57:45 - INF - get - ('Usuario encontrado: bryan1',)
18:57:45 - INF - get - ('Servicio de vista de todas las publicaciones ejecutándose',)
19:05:47 - INF - get - ('Servicio de vista de todas las publicaciones ejecutándose',)
19:05:47 - INF - get - ('Servicio de usuario actual ejecutándose',)
19:05:47 - INF - get - ('Token recibido: Sí',)
19:05:47 - INF - get - ('Token limpiado: eyJhbGciOiJIUzI1NiIs...',)
19:05:47 - INF - get - ('Token válido: True',)
19:05:47 - INF - get - ('Resultado decodificación: True',)
19:05:47 - INF - get - ('user_id en token: 4',)
19:05:47 - INF - get - ('Servicio de vista de todas las publicaciones ejecutándose',)
19:05:47 - INF - get - ('Resultado BD: True',)
19:05:47 - INF - get - ('Usuario encontrado: bryan1',)
19:05:47 - INF - get - ('Servicio de usuario actual ejecutándose',)
19:05:47 - INF - get - ('Token recibido: Sí',)
19:05:47 - INF - get - ('Token limpiado: eyJhbGciOiJIUzI1NiIs...',)
19:05:47 - INF - get - ('Token válido: True',)
19:05:47 - INF - get - ('Resultado decodificación: True',)
19:05:47 - INF - get - ('user_id en token: 4',)
19:05:48 - INF - get - ('Resultado BD: True',)
19:05:48 - INF - get - ('Usuario encontrado: bryan1',)
19:10:30 - INF - get - ('Servicio de vista de todas las publicaciones ejecutándose',)
19:10:30 - INF - get - ('Servicio de usuario actual ejecutándose',)
19:10:30 - INF - get - ('Token recibido: Sí',)
19:10:30 - INF - get - ('Token limpiado: eyJhbGciOiJIUzI1NiIs...',)
19:10:30 - INF - get - ('Token válido: True',)
19:10:30 - INF - get - ('Resultado decodificación: True',)
19:10:30 - INF - get - ('user_id en token: 4',)
19:10:30 - INF - get - ('Servicio de vista de todas las publicaciones ejecutándose',)
19:10:30 - INF - get - ('Resultado BD: True',)
19:10:30 - INF - get - ('Usuario encontrado: bryan1',)
19:10:30 - INF - get - ('Servicio de usuario actual ejecutándose',)
19:10:30 - INF - get - ('Token recibido: Sí',)
19:10:30 - INF - get - ('Token limpiado: eyJhbGciOiJIUzI1NiIs...',)
19:10:30 - INF - get - ('Token válido: True',)
19:10:30 - INF - get - ('Resultado decodificación: True',)
19:10:30 - INF - get - ('user_id en token: 4',)
19:10:30 - INF - get - ('Resultado BD: True',)
19:10:30 - INF - get - ('Usuario encontrado: bryan1',)
19:12:17 - INF - get - ('Servicio de vista de todas las publicaciones ejecutándose',)
19:12:17 - INF - get - ('Servicio de usuario actual ejecutándose',)
19:12:17 - INF - get - ('Token recibido: Sí',)
19:12:17 - INF - get - ('Token limpiado: eyJhbGciOiJIUzI1NiIs...',)
19:12:17 - INF - get - ('Token válido: True',)
19:12:17 - INF - get - ('Resultado decodificación: True',)
19:12:18 - INF - get - ('user_id en token: 4',)
19:12:18 - INF - get - ('Servicio de vista de todas las publicaciones ejecutándose',)
19:12:18 - INF - get - ('Resultado BD: True',)
19:12:18 - INF - get - ('Usuario encontrado: bryan1',)
19:12:18 - INF - get - ('Servicio de usuario actual ejecutándose',)
19:12:18 - INF - get - ('Token recibido: Sí',)
19:12:18 - INF - get - ('Token limpiado: eyJhbGciOiJIUzI1NiIs...',)
19:12:18 - INF - get - ('Token válido: True',)
19:12:18 - INF - get - ('Resultado decodificación: True',)
19:12:18 - INF - get - ('user_id en token: 4',)
19:12:18 - INF - get - ('Resultado BD: True',)
19:12:18 - INF - get - ('Usuario encontrado: bryan1',)
19:14:00 - INF - decode_token - ('El token ha expirado.',)
19:14:00 - INF - decode_token - ('El token ha expirado.',)
19:14:12 - INF - get - ('Servicio de vista de todas las publicaciones ejecutándose',)
19:14:12 - INF - get - ('Servicio de usuario actual ejecutándose',)
19:14:12 - INF - get - ('Token recibido: Sí',)
19:14:12 - INF - get - ('Token limpiado: eyJhbGciOiJIUzI1NiIs...',)
19:14:12 - INF - token_validate - ('El token ha expirado.',)
19:14:12 - INF - get - ('Token válido: False',)
19:14:12 - INF - get - ('Servicio de vista de todas las publicaciones ejecutándose',)
19:14:12 - INF - get - ('Servicio de usuario actual ejecutándose',)
19:14:12 - INF - get - ('Token recibido: Sí',)
19:14:12 - INF - get - ('Token limpiado: eyJhbGciOiJIUzI1NiIs...',)
19:14:12 - INF - token_validate - ('El token ha expirado.',)
19:14:12 - INF - get - ('Token válido: False',)
19:14:39 - INF - post - ('Servicio de login ejecutandose',)
19:14:39 - INF - token_generate - ('Token generado para usuario: bryan1',)
19:14:40 - INF - get - ('Servicio de vista de todas las publicaciones ejecutándose',)
19:14:40 - INF - get - ('Servicio de usuario actual ejecutándose',)
19:14:40 - INF - get - ('Token recibido: Sí',)
19:14:40 - INF - get - ('Token limpiado: eyJhbGciOiJIUzI1NiIs...',)
19:14:40 - INF - get - ('Token válido: True',)
19:14:40 - INF - get - ('Resultado decodificación: True',)
19:14:40 - INF - get - ('user_id en token: 4',)
19:14:40 - INF - get - ('Servicio de vista de todas las publicaciones ejecutándose',)
19:14:40 - INF - get - ('Resultado BD: True',)
19:14:40 - INF - get - ('Usuario encontrado: bryan1',)
19:21:55 - INF - get - ('Servicio para listar recursos ejecutándose',)
19:21:55 - INF - get - ('Servicio para listar recursos ejecutándose',)
19:21:58 - INF - get - ('Servicio de vista de todas las publicaciones ejecutándose',)
19:21:58 - INF - get - ('Servicio de vista de todas las publicaciones ejecutándose',)
22:04:57 - INF - decode_token - ('El token ha expirado.',)
22:10:14 - INF - get - ('Servicio para catálogos de vacantes ejecutándose',)
22:10:14 - INF - get - ('Servicio para catálogos de vacantes ejecutándose',)
22:16:01 - INF - <module> - ('Servicio Finalizado',)
22:16:02 - INF - <module> - ('Servicio Iniciado',)
22:16:05 - INF - <module> - ('Servicio Finalizado',)
22:16:05 - INF - <module> - ('Servicio Iniciado',)
22:16:09 - INF - <module> - ('Servicio Finalizado',)
22:16:10 - INF - <module> - ('Servicio Finalizado',)
22:27:57 - INF - <module> - ('Servicio Iniciado',)
22:27:58 - INF - <module> - ('Servicio Iniciado',)
22:28:02 - INF - post - ('Servicio de login ejecutandose',)
22:28:02 - INF - token_generate - ('Token generado para usuario: empresa1',)
22:28:02 - INF - get - ('Servicio de vista de todas las publicaciones ejecutándose',)
22:28:02 - INF - get - ('Servicio de usuario actual ejecutándose',)
22:28:02 - INF - get - ('Token recibido: Sí',)
22:28:02 - INF - get - ('Token limpiado: eyJhbGciOiJIUzI1NiIs...',)
22:28:02 - INF - get - ('Token válido: True',)
22:28:02 - INF - get - ('Resultado decodificación: True',)
22:28:02 - INF - get - ('user_id en token: 3',)
22:28:02 - INF - get - ('Servicio de vista de todas las publicaciones ejecutándose',)
22:28:02 - INF - get - ('Resultado BD: True',)
22:28:02 - INF - get - ('Usuario encontrado: empresa1',)
22:28:21 - INF - post - ('Servicio de login ejecutandose',)
22:28:21 - INF - token_generate - ('Token generado para usuario: empresa1',)
22:28:22 - INF - get - ('Servicio de vista de todas las publicaciones ejecutándose',)
22:28:22 - INF - get - ('Servicio de usuario actual ejecutándose',)
22:28:22 - INF - get - ('Token recibido: Sí',)
22:28:22 - INF - get - ('Token limpiado: eyJhbGciOiJIUzI1NiIs...',)
22:28:22 - INF - get - ('Token válido: True',)
22:28:22 - INF - get - ('Resultado decodificación: True',)
22:28:22 - INF - get - ('user_id en token: 3',)
22:28:22 - INF - get - ('Servicio de vista de todas las publicaciones ejecutándose',)
22:28:22 - INF - get - ('Resultado BD: True',)
22:28:22 - INF - get - ('Usuario encontrado: empresa1',)
22:29:02 - INF - post - ('Servicio de login ejecutandose',)
22:29:02 - INF - token_generate - ('Token generado para usuario: bryan1',)
22:29:02 - INF - get - ('Servicio de usuario actual ejecutándose',)
22:29:02 - INF - get - ('Token recibido: Sí',)
22:29:02 - INF - get - ('Token limpiado: eyJhbGciOiJIUzI1NiIs...',)
22:29:02 - INF - get - ('Token válido: True',)
22:29:02 - INF - get - ('Resultado decodificación: True',)
22:29:02 - INF - get - ('user_id en token: 4',)
22:29:03 - INF - get - ('Resultado BD: True',)
22:29:03 - INF - get - ('Usuario encontrado: bryan1',)
22:43:37 - INF - get - ('Servicio de vista de todas las publicaciones ejecutándose',)
22:43:38 - INF - get - ('Servicio de usuario actual ejecutándose',)
22:43:38 - INF - get - ('Token recibido: Sí',)
22:43:38 - INF - get - ('Token limpiado: eyJhbGciOiJIUzI1NiIs...',)
22:43:38 - INF - get - ('Token válido: True',)
22:43:38 - INF - get - ('Resultado decodificación: True',)
22:43:38 - INF - get - ('user_id en token: 4',)
22:43:38 - INF - get - ('Resultado BD: True',)
22:43:38 - INF - get - ('Usuario encontrado: bryan1',)
22:43:38 - INF - get - ('Servicio de vista de todas las publicaciones ejecutándose',)
22:43:38 - INF - get - ('Servicio de usuario actual ejecutándose',)
22:43:38 - INF - get - ('Token recibido: Sí',)
22:43:38 - INF - get - ('Token limpiado: eyJhbGciOiJIUzI1NiIs...',)
22:43:38 - INF - get - ('Token válido: True',)
22:43:38 - INF - get - ('Resultado decodificación: True',)
22:43:38 - INF - get - ('user_id en token: 4',)
22:43:38 - INF - get - ('Resultado BD: True',)
22:43:38 - INF - get - ('Usuario encontrado: bryan1',)
22:44:15 - INF - decode_token - ('El token ha expirado.',)
22:45:12 - INF - decode_token - ('El token ha expirado.',)
22:45:36 - INF - decode_token - ('El token ha expirado.',)
22:45:55 - INF - decode_token - ('El token ha expirado.',)
22:46:25 - INF - decode_token - ('El token ha expirado.',)
22:46:27 - INF - decode_token - ('El token ha expirado.',)
22:46:45 - INF - decode_token - ('El token ha expirado.',)
22:46:48 - INF - decode_token - ('El token ha expirado.',)
22:47:08 - INF - decode_token - ('El token ha expirado.',)
22:49:13 - INF - decode_token - ('El token ha expirado.',)
22:50:18 - INF - decode_token - ('El token ha expirado.',)
22:50:24 - INF - decode_token - ('El token ha expirado.',)
22:51:24 - INF - decode_token - ('El token ha expirado.',)
22:51:25 - INF - decode_token - ('El token ha expirado.',)
22:51:41 - INF - decode_token - ('El token ha expirado.',)
22:53:48 - INF - decode_token - ('El token ha expirado.',)
22:54:49 - INF - decode_token - ('El token ha expirado.',)
22:54:52 - INF - decode_token - ('El token ha expirado.',)
22:55:18 - INF - decode_token - ('El token ha expirado.',)
22:55:21 - INF - decode_token - ('El token ha expirado.',)
22:55:24 - INF - decode_token - ('El token ha expirado.',)
22:55:27 - INF - decode_token - ('El token ha expirado.',)
22:55:30 - INF - decode_token - ('El token ha expirado.',)
22:55:31 - INF - decode_token - ('El token ha expirado.',)
22:55:51 - INF - decode_token - ('El token ha expirado.',)
22:56:42 - INF - decode_token - ('El token ha expirado.',)
22:56:45 - INF - decode_token - ('El token ha expirado.',)
22:56:51 - INF - decode_token - ('El token ha expirado.',)
22:56:58 - INF - decode_token - ('El token ha expirado.',)
22:56:59 - INF - decode_token - ('El token ha expirado.',)
22:57:06 - INF - decode_token - ('El token ha expirado.',)
22:57:10 - INF - decode_token - ('El token ha expirado.',)
22:57:16 - INF - decode_token - ('El token ha expirado.',)
22:57:20 - INF - decode_token - ('El token ha expirado.',)
22:57:21 - INF - decode_token - ('El token ha expirado.',)
22:57:24 - INF - decode_token - ('El token ha expirado.',)
22:58:45 - INF - get - ('Servicio de vista de todas las publicaciones ejecutándose',)
22:58:46 - INF - get - ('Servicio de usuario actual ejecutándose',)
22:58:46 - INF - get - ('Token recibido: Sí',)
22:58:46 - INF - get - ('Token limpiado: eyJhbGciOiJIUzI1NiIs...',)
22:58:46 - INF - token_validate - ('El token ha expirado.',)
22:58:46 - INF - get - ('Token válido: False',)
22:58:46 - INF - get - ('Servicio de usuario actual ejecutándose',)
22:58:46 - INF - get - ('Token recibido: Sí',)
22:58:46 - INF - get - ('Token limpiado: eyJhbGciOiJIUzI1NiIs...',)
22:58:46 - INF - token_validate - ('El token ha expirado.',)
22:58:46 - INF - get - ('Token válido: False',)
22:58:46 - INF - get - ('Servicio de vista de todas las publicaciones ejecutándose',)
22:59:03 - INF - post - ('Servicio de login ejecutandose',)
22:59:09 - INF - post - ('Servicio de login ejecutandose',)
22:59:09 - INF - token_generate - ('Token generado para usuario: bryan1',)
22:59:09 - INF - get - ('Servicio de vista de todas las publicaciones ejecutándose',)
22:59:09 - INF - get - ('Servicio de usuario actual ejecutándose',)
22:59:09 - INF - get - ('Token recibido: Sí',)
22:59:09 - INF - get - ('Token limpiado: eyJhbGciOiJIUzI1NiIs...',)
22:59:09 - INF - get - ('Token válido: True',)
22:59:09 - INF - get - ('Resultado decodificación: True',)
22:59:09 - INF - get - ('user_id en token: 4',)
22:59:09 - INF - get - ('Resultado BD: True',)
22:59:09 - INF - get - ('Usuario encontrado: bryan1',)
22:59:09 - INF - get - ('Servicio de vista de todas las publicaciones ejecutándose',)
23:13:37 - INF - get - ('Servicio de vista de todas las publicaciones ejecutándose',)
23:13:38 - INF - get - ('Servicio de usuario actual ejecutándose',)
23:13:38 - INF - get - ('Token recibido: Sí',)
23:13:38 - INF - get - ('Token limpiado: eyJhbGciOiJIUzI1NiIs...',)
23:13:38 - INF - get - ('Token válido: True',)
23:13:38 - INF - get - ('Resultado decodificación: True',)
23:13:38 - INF - get - ('user_id en token: 4',)
23:13:38 - INF - get - ('Servicio de vista de todas las publicaciones ejecutándose',)
23:13:38 - INF - get - ('Resultado BD: True',)
23:13:38 - INF - get - ('Usuario encontrado: bryan1',)
23:13:38 - INF - get - ('Servicio de usuario actual ejecutándose',)
23:13:38 - INF - get - ('Token recibido: Sí',)
23:13:38 - INF - get - ('Token limpiado: eyJhbGciOiJIUzI1NiIs...',)
23:13:38 - INF - get - ('Token válido: True',)
23:13:38 - INF - get - ('Resultado decodificación: True',)
23:13:38 - INF - get - ('user_id en token: 4',)
23:13:38 - INF - get - ('Resultado BD: True',)
23:13:38 - INF - get - ('Usuario encontrado: bryan1',)
23:14:04 - INF - get - ('Servicio para listar vacantes ejecutándose',)
23:14:04 - INF - get - ('Servicio para listar vacantes ejecutándose',)
23:14:47 - INF - get - ('Servicio de vista de todas las publicaciones ejecutándose',)
23:14:47 - INF - get - ('Servicio de usuario actual ejecutándose',)
23:14:47 - INF - get - ('Servicio de vista de todas las publicaciones ejecutándose',)
23:14:47 - INF - get - ('Token recibido: Sí',)
23:14:47 - INF - get - ('Token limpiado: eyJhbGciOiJIUzI1NiIs...',)
23:14:47 - INF - token_validate - ('El token ha expirado.',)
23:14:47 - INF - get - ('Token válido: False',)
23:14:47 - INF - get - ('Servicio de usuario actual ejecutándose',)
23:14:47 - INF - get - ('Token recibido: Sí',)
23:14:47 - INF - get - ('Token limpiado: eyJhbGciOiJIUzI1NiIs...',)
23:14:47 - INF - token_validate - ('El token ha expirado.',)
23:14:47 - INF - get - ('Token válido: False',)
23:15:26 - INF - post - ('Servicio de login ejecutandose',)
23:15:26 - INF - token_generate - ('Token generado para usuario: bryan1',)
23:15:26 - INF - get - ('Servicio de vista de todas las publicaciones ejecutándose',)
23:15:26 - INF - get - ('Servicio de usuario actual ejecutándose',)
23:15:26 - INF - get - ('Token recibido: Sí',)
23:15:26 - INF - get - ('Token limpiado: eyJhbGciOiJIUzI1NiIs...',)
23:15:26 - INF - get - ('Token válido: True',)
23:15:26 - INF - get - ('Resultado decodificación: True',)
23:15:26 - INF - get - ('user_id en token: 4',)
23:15:26 - INF - get - ('Servicio de vista de todas las publicaciones ejecutándose',)
23:15:26 - INF - get - ('Resultado BD: True',)
23:15:26 - INF - get - ('Usuario encontrado: bryan1',)
23:17:40 - INF - get - ('Servicio de vista de todas las publicaciones ejecutándose',)
23:17:40 - INF - get - ('Servicio de usuario actual ejecutándose',)
23:17:40 - INF - get - ('Token recibido: Sí',)
23:17:40 - INF - get - ('Token limpiado: eyJhbGciOiJIUzI1NiIs...',)
23:17:40 - INF - get - ('Servicio de vista de todas las publicaciones ejecutándose',)
23:17:40 - INF - get - ('Token válido: True',)
23:17:40 - INF - get - ('Resultado decodificación: True',)
23:17:40 - INF - get - ('user_id en token: 4',)
23:17:40 - INF - get - ('Resultado BD: True',)
23:17:40 - INF - get - ('Usuario encontrado: bryan1',)
23:17:41 - INF - get - ('Servicio de usuario actual ejecutándose',)
23:17:41 - INF - get - ('Token recibido: Sí',)
23:17:41 - INF - get - ('Token limpiado: eyJhbGciOiJIUzI1NiIs...',)
23:17:41 - INF - get - ('Token válido: True',)
23:17:41 - INF - get - ('Resultado decodificación: True',)
23:17:41 - INF - get - ('user_id en token: 4',)
23:17:41 - INF - get - ('Resultado BD: True',)
23:17:41 - INF - get - ('Usuario encontrado: bryan1',)
23:25:04 - INF - get - ('Servicio de usuario actual ejecutándose',)
23:25:04 - INF - get - ('Token recibido: Sí',)
23:25:04 - INF - get - ('Token limpiado: eyJhbGciOiJIUzI1NiIs...',)
23:25:04 - INF - get - ('Token válido: True',)
23:25:04 - INF - get - ('Resultado decodificación: True',)
23:25:04 - INF - get - ('user_id en token: 4',)
23:25:04 - INF - get - ('Servicio de vista de todas las publicaciones ejecutándose',)
23:25:04 - INF - get - ('Resultado BD: True',)
23:25:04 - INF - get - ('Usuario encontrado: bryan1',)
23:25:04 - INF - get - ('Servicio de usuario actual ejecutándose',)
23:25:04 - INF - get - ('Token recibido: Sí',)
23:25:04 - INF - get - ('Token limpiado: eyJhbGciOiJIUzI1NiIs...',)
23:25:04 - INF - get - ('Token válido: True',)
23:25:04 - INF - get - ('Resultado decodificación: True',)
23:25:04 - INF - get - ('user_id en token: 4',)
23:25:04 - INF - get - ('Resultado BD: True',)
23:25:04 - INF - get - ('Usuario encontrado: bryan1',)
23:25:05 - INF - get - ('Servicio de vista de todas las publicaciones ejecutándose',)
23:25:11 - INF - get - ('Servicio de usuario actual ejecutándose',)
23:25:11 - INF - get - ('Token recibido: Sí',)
23:25:11 - INF - get - ('Token limpiado: eyJhbGciOiJIUzI1NiIs...',)
23:25:11 - INF - get - ('Token válido: True',)
23:25:11 - INF - get - ('Resultado decodificación: True',)
23:25:11 - INF - get - ('user_id en token: 4',)
23:25:11 - INF - get - ('Resultado BD: True',)
23:25:11 - INF - get - ('Usuario encontrado: bryan1',)
23:25:13 - INF - get - ('Servicio de usuario actual ejecutándose',)
23:25:13 - INF - get - ('Token recibido: Sí',)
23:25:13 - INF - get - ('Token limpiado: eyJhbGciOiJIUzI1NiIs...',)
23:25:13 - INF - get - ('Token válido: True',)
23:25:13 - INF - get - ('Resultado decodificación: True',)
23:25:13 - INF - get - ('user_id en token: 4',)
23:25:13 - INF - get - ('Resultado BD: True',)
23:25:13 - INF - get - ('Usuario encontrado: bryan1',)
23:31:44 - INF - get - ('Servicio de usuario actual ejecutándose',)
23:31:44 - INF - get - ('Token recibido: Sí',)
23:31:44 - INF - get - ('Token limpiado: eyJhbGciOiJIUzI1NiIs...',)
23:31:44 - INF - token_validate - ('El token ha expirado.',)
23:31:44 - INF - get - ('Token válido: False',)
23:31:44 - INF - get - ('Servicio de vista de todas las publicaciones ejecutándose',)
23:31:44 - INF - get - ('Servicio de usuario actual ejecutándose',)
23:31:44 - INF - get - ('Token recibido: Sí',)
23:31:44 - INF - get - ('Token limpiado: eyJhbGciOiJIUzI1NiIs...',)
23:31:44 - INF - token_validate - ('El token ha expirado.',)
23:31:44 - INF - get - ('Token válido: False',)
23:31:44 - INF - get - ('Servicio de vista de todas las publicaciones ejecutándose',)
23:34:32 - INF - post - ('Servicio de login ejecutandose',)
23:34:32 - INF - token_generate - ('Token generado para usuario: bryan1',)
23:34:32 - INF - get - ('Servicio de vista de todas las publicaciones ejecutándose',)
23:34:33 - INF - get - ('Servicio de usuario actual ejecutándose',)
23:34:33 - INF - get - ('Token recibido: Sí',)
23:34:33 - INF - get - ('Token limpiado: eyJhbGciOiJIUzI1NiIs...',)
23:34:33 - INF - get - ('Token válido: True',)
23:34:33 - INF - get - ('Resultado decodificación: True',)
23:34:33 - INF - get - ('user_id en token: 4',)
23:34:33 - INF - get - ('Resultado BD: True',)
23:34:33 - INF - get - ('Usuario encontrado: bryan1',)
23:34:33 - INF - get - ('Servicio de vista de todas las publicaciones ejecutándose',)
23:36:40 - INF - get - ('Servicio de vista de todas las publicaciones ejecutándose',)
23:36:40 - INF - get - ('Servicio de usuario actual ejecutándose',)
23:36:40 - INF - get - ('Servicio de vista de todas las publicaciones ejecutándose',)
23:36:40 - INF - get - ('Token recibido: Sí',)
23:36:40 - INF - get - ('Token limpiado: eyJhbGciOiJIUzI1NiIs...',)
23:36:40 - INF - get - ('Token válido: True',)
23:36:40 - INF - get - ('Resultado decodificación: True',)
23:36:40 - INF - get - ('user_id en token: 4',)
23:36:40 - INF - get - ('Resultado BD: True',)
23:36:40 - INF - get - ('Usuario encontrado: bryan1',)
23:36:40 - INF - get - ('Servicio de usuario actual ejecutándose',)
23:36:40 - INF - get - ('Token recibido: Sí',)
23:36:41 - INF - get - ('Token limpiado: eyJhbGciOiJIUzI1NiIs...',)
23:36:41 - INF - get - ('Token válido: True',)
23:36:41 - INF - get - ('Resultado decodificación: True',)
23:36:41 - INF - get - ('user_id en token: 4',)
23:36:41 - INF - get - ('Resultado BD: True',)
23:36:41 - INF - get - ('Usuario encontrado: bryan1',)
23:37:05 - INF - get - ('Servicio de vista de todas las publicaciones ejecutándose',)
23:37:05 - INF - get - ('Servicio de usuario actual ejecutándose',)
23:37:05 - INF - get - ('Servicio de vista de todas las publicaciones ejecutándose',)
23:37:05 - INF - get - ('Token recibido: Sí',)
23:37:05 - INF - get - ('Token limpiado: eyJhbGciOiJIUzI1NiIs...',)
23:37:05 - INF - get - ('Token válido: True',)
23:37:05 - INF - get - ('Resultado decodificación: True',)
23:37:05 - INF - get - ('user_id en token: 4',)
23:37:05 - INF - get - ('Resultado BD: True',)
23:37:05 - INF - get - ('Usuario encontrado: bryan1',)
23:37:06 - INF - get - ('Servicio de usuario actual ejecutándose',)
23:37:06 - INF - get - ('Token recibido: Sí',)
23:37:06 - INF - get - ('Token limpiado: eyJhbGciOiJIUzI1NiIs...',)
23:37:06 - INF - get - ('Token válido: True',)
23:37:06 - INF - get - ('Resultado decodificación: True',)
23:37:06 - INF - get - ('user_id en token: 4',)
23:37:06 - INF - get - ('Resultado BD: True',)
23:37:06 - INF - get - ('Usuario encontrado: bryan1',)
23:39:02 - INF - get - ('Servicio de vista de todas las publicaciones ejecutándose',)
23:39:02 - INF - get - ('Servicio de usuario actual ejecutándose',)
23:39:02 - INF - get - ('Token recibido: Sí',)
23:39:02 - INF - get - ('Token limpiado: eyJhbGciOiJIUzI1NiIs...',)
23:39:02 - INF - get - ('Token válido: True',)
23:39:02 - INF - get - ('Resultado decodificación: True',)
23:39:02 - INF - get - ('user_id en token: 4',)
23:39:02 - INF - get - ('Resultado BD: True',)
23:39:02 - INF - get - ('Usuario encontrado: bryan1',)
23:39:02 - INF - get - ('Servicio de usuario actual ejecutándose',)
23:39:02 - INF - get - ('Token recibido: Sí',)
23:39:02 - INF - get - ('Token limpiado: eyJhbGciOiJIUzI1NiIs...',)
23:39:02 - INF - get - ('Token válido: True',)
23:39:02 - INF - get - ('Resultado decodificación: True',)
23:39:02 - INF - get - ('user_id en token: 4',)
23:39:02 - INF - get - ('Resultado BD: True',)
23:39:02 - INF - get - ('Usuario encontrado: bryan1',)
23:39:03 - INF - get - ('Servicio de vista de todas las publicaciones ejecutándose',)
23:48:36 - INF - get - ('Servicio de vista de todas las publicaciones ejecutándose',)
23:48:36 - INF - get - ('Servicio de usuario actual ejecutándose',)
23:48:36 - INF - get - ('Token recibido: Sí',)
23:48:36 - INF - get - ('Token limpiado: eyJhbGciOiJIUzI1NiIs...',)
23:48:36 - INF - get - ('Token válido: True',)
23:48:36 - INF - get - ('Resultado decodificación: True',)
23:48:36 - INF - get - ('user_id en token: 4',)
23:48:36 - INF - get - ('Resultado BD: True',)
23:48:36 - INF - get - ('Usuario encontrado: bryan1',)
23:48:36 - INF - get - ('Servicio de usuario actual ejecutándose',)
23:48:36 - INF - get - ('Token recibido: Sí',)
23:48:36 - INF - get - ('Token limpiado: eyJhbGciOiJIUzI1NiIs...',)
23:48:36 - INF - get - ('Token válido: True',)
23:48:36 - INF - get - ('Resultado decodificación: True',)
23:48:36 - INF - get - ('user_id en token: 4',)
23:48:36 - INF - get - ('Resultado BD: True',)
23:48:36 - INF - get - ('Usuario encontrado: bryan1',)
23:48:36 - INF - get - ('Servicio de vista de todas las publicaciones ejecutándose',)
23:49:32 - INF - get - ('Servicio de vista de todas las publicaciones ejecutándose',)
23:49:32 - INF - get - ('Servicio de usuario actual ejecutándose',)
23:49:32 - INF - get - ('Token recibido: Sí',)
23:49:32 - INF - get - ('Token limpiado: eyJhbGciOiJIUzI1NiIs...',)
23:49:32 - INF - token_validate - ('El token ha expirado.',)
23:49:32 - INF - get - ('Token válido: False',)
23:49:32 - INF - get - ('Servicio de vista de todas las publicaciones ejecutándose',)
23:49:32 - INF - get - ('Servicio de usuario actual ejecutándose',)
23:49:32 - INF - get - ('Token recibido: Sí',)
23:49:32 - INF - get - ('Token limpiado: eyJhbGciOiJIUzI1NiIs...',)
23:49:32 - INF - token_validate - ('El token ha expirado.',)
23:49:32 - INF - get - ('Token válido: False',)
23:49:43 - INF - post - ('Servicio de login ejecutandose',)
23:49:43 - INF - token_generate - ('Token generado para usuario: empresa1',)
23:49:43 - INF - get - ('Servicio de vista de todas las publicaciones ejecutándose',)
23:49:44 - INF - get - ('Servicio de usuario actual ejecutándose',)
23:49:44 - INF - get - ('Token recibido: Sí',)
23:49:44 - INF - get - ('Token limpiado: eyJhbGciOiJIUzI1NiIs...',)
23:49:44 - INF - get - ('Token válido: True',)
23:49:44 - INF - get - ('Resultado decodificación: True',)
23:49:44 - INF - get - ('user_id en token: 3',)
23:49:44 - INF - get - ('Resultado BD: True',)
23:49:44 - INF - get - ('Usuario encontrado: empresa1',)
23:49:44 - INF - get - ('Servicio de vista de todas las publicaciones ejecutándose',)
23:50:05 - INF - post - ('Servicio de login ejecutandose',)
23:50:06 - INF - token_generate - ('Token generado para usuario: bryan1',)
23:50:06 - INF - get - ('Servicio de usuario actual ejecutándose',)
23:50:06 - INF - get - ('Token recibido: Sí',)
23:50:06 - INF - get - ('Token limpiado: eyJhbGciOiJIUzI1NiIs...',)
23:50:06 - INF - get - ('Token válido: True',)
23:50:06 - INF - get - ('Resultado decodificación: True',)
23:50:06 - INF - get - ('user_id en token: 4',)
23:50:06 - INF - get - ('Resultado BD: True',)
23:50:06 - INF - get - ('Usuario encontrado: bryan1',)
23:53:33 - INF - get - ('Servicio para catálogos de vacantes ejecutándose',)
23:53:34 - INF - get - ('Servicio para catálogos de vacantes ejecutándose',)
23:54:12 - INF - get - ('Servicio de vista de todas las publicaciones ejecutándose',)
23:54:12 - INF - get - ('Servicio de usuario actual ejecutándose',)
23:54:12 - INF - get - ('Token recibido: Sí',)
23:54:12 - INF - get - ('Token limpiado: eyJhbGciOiJIUzI1NiIs...',)
23:54:12 - INF - get - ('Token válido: True',)
23:54:12 - INF - get - ('Resultado decodificación: True',)
23:54:12 - INF - get - ('user_id en token: 4',)
23:54:12 - INF - get - ('Servicio de vista de todas las publicaciones ejecutándose',)
23:54:12 - INF - get - ('Resultado BD: True',)
23:54:12 - INF - get - ('Usuario encontrado: bryan1',)
23:54:12 - INF - get - ('Servicio de usuario actual ejecutándose',)
23:54:12 - INF - get - ('Token recibido: Sí',)
23:54:12 - INF - get - ('Token limpiado: eyJhbGciOiJIUzI1NiIs...',)
23:54:12 - INF - get - ('Token válido: True',)
23:54:12 - INF - get - ('Resultado decodificación: True',)
23:54:12 - INF - get - ('user_id en token: 4',)
23:54:13 - INF - get - ('Resultado BD: True',)
23:54:13 - INF - get - ('Usuario encontrado: bryan1',)
23:54:55 - INF - get - ('Servicio de vista de todas las publicaciones ejecutándose',)
23:54:55 - INF - get - ('Servicio de usuario actual ejecutándose',)
23:54:55 - INF - get - ('Token recibido: Sí',)
23:54:55 - INF - get - ('Token limpiado: eyJhbGciOiJIUzI1NiIs...',)
23:54:55 - INF - get - ('Token válido: True',)
23:54:55 - INF - get - ('Resultado decodificación: True',)
23:54:55 - INF - get - ('user_id en token: 4',)
23:54:55 - INF - get - ('Servicio de vista de todas las publicaciones ejecutándose',)
23:54:55 - INF - get - ('Resultado BD: True',)
23:54:55 - INF - get - ('Usuario encontrado: bryan1',)
23:54:55 - INF - get - ('Servicio de usuario actual ejecutándose',)
23:54:55 - INF - get - ('Token recibido: Sí',)
23:54:55 - INF - get - ('Token limpiado: eyJhbGciOiJIUzI1NiIs...',)
23:54:55 - INF - get - ('Token válido: True',)
23:54:55 - INF - get - ('Resultado decodificación: True',)
23:54:55 - INF - get - ('user_id en token: 4',)
23:54:55 - INF - get - ('Resultado BD: True',)
23:54:55 - INF - get - ('Usuario encontrado: bryan1',)
