16:20:07 - INF - <module> - ('Servicio Iniciado',)
16:20:08 - INF - <module> - ('Servicio Iniciado',)
16:20:40 - INF - get - ('Servicio de vista de todas las publicaciones ejecutandose',)
16:44:34 - INF - <module> - ('Servicio Finalizado',)
16:44:34 - INF - <module> - ('Servicio Finalizado',)
16:44:39 - INF - <module> - ('Servicio Iniciado',)
16:44:41 - INF - <module> - ('Servicio Iniciado',)
16:45:31 - INF - get - ('Servicio de vista de todas las publicaciones ejecutandose',)
16:49:41 - INF - get - ('Servicio de vista de todas las publicaciones ejecutandose',)
16:52:03 - INF - post - ('Servicio de post, creacion de publicaciones ejecutandose',)
16:52:03 - INF - post - ("Error en la validacion del request ->{'post_group_id': ['Field may not be null.']}",)
16:53:35 - INF - post - ('Servicio de post, creacion de publicaciones ejecutandose',)
16:53:35 - INF - create_post - ("Error en el componente de creacion del post-> type object 'DataBaseHandle' has no attribute 'execute'",)
16:57:06 - INF - post - ('Servicio de post, creacion de publicaciones ejecutandose',)
16:57:06 - INF - create_post - ("Error en el componente de creacion del post-> type object 'DataBaseHandle' has no attribute 'execute'",)
16:57:19 - INF - post - ('Servicio de post, creacion de publicaciones ejecutandose',)
16:57:19 - INF - create_post - ("Error en el componente de creacion del post-> type object 'DataBaseHandle' has no attribute 'execute'",)
17:03:37 - INF - <module> - ('Servicio Finalizado',)
17:03:38 - INF - <module> - ('Servicio Iniciado',)
17:04:36 - INF - <module> - ('Servicio Finalizado',)
17:04:36 - INF - <module> - ('Servicio Finalizado',)
17:04:46 - INF - <module> - ('Servicio Iniciado',)
17:04:48 - INF - <module> - ('Servicio Iniciado',)
17:05:05 - INF - post - ('Servicio de post, creacion de publicaciones ejecutandose',)
17:05:40 - INF - <module> - ('Servicio Finalizado',)
17:05:42 - INF - <module> - ('Servicio Iniciado',)
17:06:08 - INF - post - ('Servicio de post, creacion de publicaciones ejecutandose',)
17:12:38 - INF - post - ('Servicio de post, creacion de publicaciones ejecutandose',)
17:12:38 - INF - create_post - ("Error en el componente de creacion del post-> 'int' object is not subscriptable",)
17:12:59 - INF - get - ('Servicio de vista de todas las publicaciones ejecutandose',)
17:14:25 - INF - get - ('Servicio de vista de todas las publicaciones ejecutandose',)
17:20:58 - INF - <module> - ('Servicio Finalizado',)
17:21:00 - INF - <module> - ('Servicio Iniciado',)
17:21:34 - INF - <module> - ('Servicio Finalizado',)
17:21:36 - INF - <module> - ('Servicio Iniciado',)
17:21:42 - INF - <module> - ('Servicio Finalizado',)
17:21:42 - INF - <module> - ('Servicio Finalizado',)
17:21:45 - INF - <module> - ('Servicio Iniciado',)
17:21:46 - INF - <module> - ('Servicio Iniciado',)
17:22:03 - INF - get - ('Servicio de vista de todas las publicaciones ejecutandose',)
22:17:21 - INF - <module> - ('Servicio Finalizado',)
22:17:21 - INF - <module> - ('Servicio Finalizado',)
