04:24:51 - INF - <module> - ('Servicio Iniciado',)
04:24:52 - INF - <module> - ('Servicio Iniciado',)
04:40:10 - INF - <module> - ('Servicio Finalizado',)
05:30:24 - INF - <module> - ('Servicio Iniciado',)
05:30:27 - INF - <module> - ('Servicio Iniciado',)
05:33:39 - INF - <module> - ('Servicio Finalizado',)
05:35:40 - INF - <module> - ('Servicio Iniciado',)
05:35:44 - INF - <module> - ('Servicio Iniciado',)
05:37:21 - INF - <module> - ('Servicio Finalizado',)
13:41:14 - INF - <module> - ('Servicio Iniciado',)
13:41:16 - INF - <module> - ('Servicio Iniciado',)
13:43:59 - INF - <module> - ('Servicio Finalizado',)
13:45:37 - INF - <module> - ('Servicio Iniciado',)
13:45:39 - INF - <module> - ('Servicio Iniciado',)
13:57:17 - INF - <module> - ('Servicio Finalizado',)
13:58:20 - INF - <module> - ('Servicio Iniciado',)
13:58:23 - INF - <module> - ('Servicio Iniciado',)
09:51:08 - INF - <module> - ('Servicio Iniciado',)
09:51:09 - INF - <module> - ('Servicio Iniciado',)
09:51:11 - INF - post - ('Servicio de login ejecutandose',)
09:51:12 - INF - post - ('Servicio de login ejecutandose',)
09:51:13 - INF - post - ('Servicio de login ejecutandose',)
09:51:15 - INF - post - ('Servicio de login ejecutandose',)
09:51:15 - INF - post - ('Servicio de login ejecutandose',)
09:51:16 - INF - post - ('Servicio de login ejecutandose',)
09:51:19 - INF - post - ('Servicio de login ejecutandose',)
09:51:25 - INF - post - ('Servicio de login ejecutandose',)
09:51:25 - INF - get - ('Servicio de vista de todas las publicaciones ejecutándose',)
09:51:29 - INF - get - ('Servicio de consulta de usuarios ejecutándose',)
09:51:30 - INF - get - ('Servicio para listar recursos ejecutándose',)
09:51:31 - INF - get - ('Servicio de vista de todas las publicaciones ejecutándose',)
10:15:18 - INF - get - ('Servicio de consulta de usuarios ejecutándose',)
10:15:18 - INF - token_validate - ('El token ha expirado.',)
10:15:21 - INF - get - ('Servicio de consulta de usuarios ejecutándose',)
10:15:21 - INF - token_validate - ('El token ha expirado.',)
10:15:23 - INF - get - ('Servicio para listar recursos ejecutándose',)
10:15:27 - INF - get - ('Servicio de vista de todas las publicaciones ejecutándose',)
10:15:31 - INF - get - ('Servicio para listar recursos ejecutándose',)
10:15:35 - INF - get - ('Servicio de consulta de usuarios ejecutándose',)
10:15:35 - INF - token_validate - ('El token ha expirado.',)
10:15:35 - INF - get - ('Servicio para listar recursos ejecutándose',)
10:18:14 - INF - get - ('Servicio de vista de todas las publicaciones ejecutándose',)
10:18:48 - INF - post - ('Servicio de post, creación de publicaciones ejecutándose',)
10:18:48 - INF - decode_token - ('El token ha expirado.',)
10:18:56 - INF - post - ('Servicio de login ejecutandose',)
10:18:56 - INF - get - ('Servicio de vista de todas las publicaciones ejecutándose',)
10:19:27 - INF - post - ('Servicio de post, creación de publicaciones ejecutándose',)
10:19:27 - INF - create_post - ("Error en el componente de creación del post -> 'int' object is not subscriptable",)
10:19:27 - INF - get - ('Servicio de vista de todas las publicaciones ejecutándose',)
10:19:57 - INF - post - ('Servicio de post, creación de publicaciones ejecutándose',)
10:19:58 - INF - create_post - ("Error en el componente de creación del post -> 'int' object is not subscriptable",)
10:19:58 - INF - get - ('Servicio de vista de todas las publicaciones ejecutándose',)
10:20:34 - INF - get - ('Servicio de consulta de usuarios ejecutándose',)
10:20:35 - INF - get - ('Servicio para listar recursos ejecutándose',)
15:27:42 - INF - <module> - ('Servicio Finalizado',)
10:27:42 - INF - <module> - ('Servicio Finalizado',)
15:27:43 - INF - <module> - ('Servicio Iniciado',)
10:27:43 - INF - <module> - ('Servicio Iniciado',)
10:30:30 - INF - post - ('Servicio de login ejecutandose',)
10:30:30 - INF - get - ('Servicio de vista de todas las publicaciones ejecutándose',)
10:34:41 - INF - <module> - ('Servicio Finalizado',)
10:34:41 - INF - <module> - ('Servicio Finalizado',)
15:35:49 - INF - <module> - ('Servicio Finalizado',)
15:38:59 - INF - <module> - ('Servicio Iniciado',)
15:39:00 - INF - <module> - ('Servicio Iniciado',)
10:45:33 - INF - <module> - ('Servicio Iniciado',)
10:45:33 - INF - <module> - ('Servicio Iniciado',)
10:45:36 - INF - post - ('Servicio de login ejecutandose',)
10:45:36 - INF - get - ('Servicio de vista de todas las publicaciones ejecutándose',)
10:46:09 - INF - get - ('Servicio de consulta de usuarios ejecutándose',)
10:46:19 - INF - get - ('Servicio de visualización de conversación ejecutándose',)
10:46:25 - INF - get - ('Servicio para listar recursos ejecutándose',)
10:46:26 - INF - get - ('Servicio de vista de todas las publicaciones ejecutándose',)
10:46:36 - INF - get - ('Servicio para obtener comentarios ejecutándose',)
10:55:36 - INF - get - ('Servicio de vista de todas las publicaciones ejecutándose',)
10:57:14 - INF - post - ('Servicio de login ejecutandose',)
10:57:14 - INF - get - ('Servicio de vista de todas las publicaciones ejecutándose',)
10:57:18 - INF - get - ('Servicio para listar recursos ejecutándose',)
10:57:24 - INF - get - ('Servicio de vista de todas las publicaciones ejecutándose',)
10:57:26 - INF - get - ('Servicio de consulta de usuarios ejecutándose',)
10:57:27 - INF - get - ('Servicio para listar recursos ejecutándose',)
16:02:04 - INF - <module> - ('Servicio Finalizado',)
11:02:04 - INF - <module> - ('Servicio Finalizado',)
11:02:05 - INF - <module> - ('Servicio Iniciado',)
16:02:05 - INF - <module> - ('Servicio Iniciado',)
11:06:26 - INF - post - ('Servicio de login ejecutandose',)
11:06:27 - INF - get - ('Servicio de vista de todas las publicaciones ejecutándose',)
11:10:38 - INF - get - ('Servicio para listar recursos ejecutándose',)
11:22:21 - INF - post - ('Servicio de login ejecutandose',)
11:22:21 - INF - get - ('Servicio de vista de todas las publicaciones ejecutándose',)
11:22:31 - INF - get - ('Servicio para obtener comentarios ejecutándose',)
11:22:36 - INF - post - ('Servicio de comentarios ejecutándose',)
11:22:36 - INF - get - ('Servicio para obtener comentarios ejecutándose',)
11:22:36 - INF - post - ('Servicio de comentarios ejecutándose',)
11:22:36 - INF - get - ('Servicio para obtener comentarios ejecutándose',)
11:22:37 - INF - get - ('Servicio para obtener comentarios ejecutándose',)
11:22:49 - INF - post - ('Servicio de post, creación de publicaciones ejecutándose',)
11:22:49 - INF - create_post - ("Error en el componente de creación del post -> 'int' object is not subscriptable",)
11:22:49 - INF - get - ('Servicio de vista de todas las publicaciones ejecutándose',)
11:23:23 - INF - post - ('Servicio de post, creación de publicaciones ejecutándose',)
11:23:23 - INF - create_post - ("Error en el componente de creación del post -> 'int' object is not subscriptable",)
11:23:23 - INF - get - ('Servicio de vista de todas las publicaciones ejecutándose',)
11:23:28 - INF - get - ('Servicio para listar recursos ejecutándose',)
11:25:03 - INF - post - ('Servicio para creación de recursos ejecutándose',)
11:25:03 - INF - create_resource - ("Error en la creación del recurso -> 'int' object is not subscriptable",)
11:25:03 - INF - get - ('Servicio para listar recursos ejecutándose',)
11:25:23 - INF - get - ('Servicio de consulta de usuarios ejecutándose',)
11:28:28 - INF - post - ('Servicio de post, creación de publicaciones ejecutándose',)
11:28:30 - INF - post - ('Servicio de post, creación de publicaciones ejecutándose',)
11:28:45 - INF - post - ('Servicio de login ejecutandose',)
11:29:09 - INF - get - ('Servicio de vista de todas las publicaciones ejecutándose',)
11:30:33 - INF - get - ('Servicio de vista de todas las publicaciones ejecutándose',)
11:36:35 - INF - post - ('Servicio de login ejecutandose',)
11:36:35 - INF - get - ('Servicio de vista de todas las publicaciones ejecutándose',)
11:36:42 - INF - get - ('Servicio para listar recursos ejecutándose',)
12:06:25 - INF - get - ('Servicio de consulta de usuarios ejecutándose',)
12:06:25 - INF - token_validate - ('El token ha expirado.',)
12:06:27 - INF - get - ('Servicio para listar recursos ejecutándose',)
12:06:28 - INF - get - ('Servicio de vista de todas las publicaciones ejecutándose',)
12:06:33 - INF - get - ('Servicio para listar recursos ejecutándose',)
12:06:58 - INF - get - ('Servicio de vista de todas las publicaciones ejecutándose',)
12:06:59 - INF - get - ('Servicio para listar recursos ejecutándose',)
12:07:00 - INF - get - ('Servicio de consulta de usuarios ejecutándose',)
12:07:00 - INF - token_validate - ('El token ha expirado.',)
12:07:02 - INF - get - ('Servicio de consulta de usuarios ejecutándose',)
12:07:02 - INF - token_validate - ('El token ha expirado.',)
12:07:04 - INF - get - ('Servicio para listar recursos ejecutándose',)
12:07:04 - INF - get - ('Servicio de vista de todas las publicaciones ejecutándose',)
12:07:19 - INF - get - ('Servicio para listar recursos ejecutándose',)
12:07:22 - INF - get - ('Servicio de consulta de usuarios ejecutándose',)
12:07:22 - INF - token_validate - ('El token ha expirado.',)
12:07:23 - INF - get - ('Servicio para listar recursos ejecutándose',)
12:07:24 - INF - get - ('Servicio para listar recursos ejecutándose',)
12:07:25 - INF - get - ('Servicio de vista de todas las publicaciones ejecutándose',)
12:07:26 - INF - get - ('Servicio para listar recursos ejecutándose',)
12:07:31 - INF - get - ('Servicio de consulta de usuarios ejecutándose',)
12:07:31 - INF - token_validate - ('El token ha expirado.',)
12:07:32 - INF - get - ('Servicio para listar recursos ejecutándose',)
12:07:33 - INF - get - ('Servicio de vista de todas las publicaciones ejecutándose',)
12:07:39 - INF - get - ('Servicio para listar recursos ejecutándose',)
12:07:57 - INF - get - ('Servicio de consulta de usuarios ejecutándose',)
12:07:57 - INF - token_validate - ('El token ha expirado.',)
12:07:58 - INF - get - ('Servicio para listar recursos ejecutándose',)
12:07:58 - INF - get - ('Servicio de vista de todas las publicaciones ejecutándose',)
12:07:59 - INF - get - ('Servicio para listar recursos ejecutándose',)
12:08:00 - INF - get - ('Servicio de consulta de usuarios ejecutándose',)
12:08:00 - INF - token_validate - ('El token ha expirado.',)
12:08:02 - INF - get - ('Servicio de vista de todas las publicaciones ejecutándose',)
12:08:03 - INF - get - ('Servicio para listar recursos ejecutándose',)
12:08:04 - INF - get - ('Servicio de vista de todas las publicaciones ejecutándose',)
12:08:05 - INF - get - ('Servicio para listar recursos ejecutándose',)
12:08:14 - INF - get - ('Servicio de vista de todas las publicaciones ejecutándose',)
12:08:15 - INF - get - ('Servicio para listar recursos ejecutándose',)
12:08:22 - INF - get - ('Servicio de vista de todas las publicaciones ejecutándose',)
12:09:30 - INF - get - ('Servicio para listar recursos ejecutándose',)
12:09:54 - INF - get - ('Servicio de vista de todas las publicaciones ejecutándose',)
12:09:55 - INF - get - ('Servicio para listar recursos ejecutándose',)
12:09:55 - INF - get - ('Servicio de consulta de usuarios ejecutándose',)
12:09:55 - INF - token_validate - ('El token ha expirado.',)
12:09:56 - INF - get - ('Servicio de vista de todas las publicaciones ejecutándose',)
12:09:58 - INF - get - ('Servicio de consulta de usuarios ejecutándose',)
12:09:58 - INF - token_validate - ('El token ha expirado.',)
12:09:59 - INF - get - ('Servicio para listar recursos ejecutándose',)
12:10:00 - INF - get - ('Servicio de vista de todas las publicaciones ejecutándose',)
12:10:00 - INF - get - ('Servicio para listar recursos ejecutándose',)
12:10:01 - INF - get - ('Servicio de consulta de usuarios ejecutándose',)
12:10:01 - INF - token_validate - ('El token ha expirado.',)
12:10:02 - INF - get - ('Servicio de vista de todas las publicaciones ejecutándose',)
12:16:51 - INF - get - ('Servicio para listar recursos ejecutándose',)
12:17:10 - INF - get - ('Servicio de vista de todas las publicaciones ejecutándose',)
12:17:13 - INF - get - ('Servicio para listar recursos ejecutándose',)
12:17:14 - INF - get - ('Servicio de vista de todas las publicaciones ejecutándose',)
12:17:15 - INF - get - ('Servicio de consulta de usuarios ejecutándose',)
12:17:15 - INF - token_validate - ('El token ha expirado.',)
12:17:19 - INF - get - ('Servicio para listar recursos ejecutándose',)
12:17:20 - INF - get - ('Servicio de vista de todas las publicaciones ejecutándose',)
12:20:50 - INF - get - ('Servicio para obtener comentarios ejecutándose',)
12:20:56 - INF - get - ('Servicio para obtener comentarios ejecutándose',)
12:21:00 - INF - get - ('Servicio para obtener comentarios ejecutándose',)
12:26:15 - INF - post - ('Servicio de login ejecutandose',)
12:26:15 - INF - get - ('Servicio de vista de todas las publicaciones ejecutándose',)
12:26:48 - INF - get - ('Servicio de consulta de usuarios ejecutándose',)
12:26:52 - INF - get - ('Servicio para listar recursos ejecutándose',)
12:26:54 - INF - get - ('Servicio de vista de todas las publicaciones ejecutándose',)
12:26:56 - INF - get - ('Servicio para listar recursos ejecutándose',)
12:26:57 - INF - get - ('Servicio de vista de todas las publicaciones ejecutándose',)
12:26:57 - INF - get - ('Servicio para listar recursos ejecutándose',)
12:26:58 - INF - get - ('Servicio de vista de todas las publicaciones ejecutándose',)
12:26:59 - INF - get - ('Servicio para listar recursos ejecutándose',)
12:27:01 - INF - get - ('Servicio de vista de todas las publicaciones ejecutándose',)
12:27:02 - INF - get - ('Servicio para listar recursos ejecutándose',)
12:27:05 - INF - get - ('Servicio de consulta de usuarios ejecutándose',)
12:27:07 - INF - get - ('Servicio de visualización de conversación ejecutándose',)
12:27:10 - INF - post - ('Servicio de envío de mensajes ejecutándose',)
12:27:10 - INF - post - ("Error en la validación del request -> {'sender_id': ['El sender_id es obligatorio']}",)
12:27:10 - INF - post - ('Servicio de envío de mensajes ejecutándose',)
12:27:10 - INF - post - ("Error en la validación del request -> {'sender_id': ['El sender_id es obligatorio']}",)
12:27:11 - INF - get - ('Servicio para listar recursos ejecutándose',)
12:27:12 - INF - get - ('Servicio de vista de todas las publicaciones ejecutándose',)
12:27:14 - INF - get - ('Servicio para listar recursos ejecutándose',)
12:27:25 - INF - get - ('Servicio de vista de todas las publicaciones ejecutándose',)
12:27:27 - INF - get - ('Servicio para listar recursos ejecutándose',)
12:27:57 - INF - get - ('Servicio de vista de todas las publicaciones ejecutándose',)
12:32:18 - INF - get - ('Servicio para listar recursos ejecutándose',)
12:32:53 - INF - get - ('Servicio de vista de todas las publicaciones ejecutándose',)
12:32:53 - INF - get - ('Servicio para listar recursos ejecutándose',)
12:32:55 - INF - get - ('Servicio de vista de todas las publicaciones ejecutándose',)
12:38:18 - INF - get - ('Servicio para listar recursos ejecutándose',)
12:38:19 - INF - get - ('Servicio de vista de todas las publicaciones ejecutándose',)
12:38:21 - INF - get - ('Servicio para listar recursos ejecutándose',)
12:38:21 - INF - get - ('Servicio de vista de todas las publicaciones ejecutándose',)
12:38:22 - INF - get - ('Servicio para listar recursos ejecutándose',)
12:38:25 - INF - get - ('Servicio de vista de todas las publicaciones ejecutándose',)
12:41:38 - INF - get - ('Servicio para listar recursos ejecutándose',)
12:41:41 - INF - get - ('Servicio de consulta de usuarios ejecutándose',)
12:41:41 - INF - token_validate - ('El token ha expirado.',)
12:41:43 - INF - get - ('Servicio para listar recursos ejecutándose',)
12:41:44 - INF - get - ('Servicio de vista de todas las publicaciones ejecutándose',)
12:41:47 - INF - get - ('Servicio para listar recursos ejecutándose',)
12:42:40 - INF - get - ('Servicio de vista de todas las publicaciones ejecutándose',)
12:43:18 - INF - get - ('Servicio para listar recursos ejecutándose',)
12:43:20 - INF - get - ('Servicio de vista de todas las publicaciones ejecutándose',)
12:43:21 - INF - get - ('Servicio para listar recursos ejecutándose',)
12:43:22 - INF - get - ('Servicio de vista de todas las publicaciones ejecutándose',)
12:43:23 - INF - get - ('Servicio para listar recursos ejecutándose',)
12:43:23 - INF - get - ('Servicio de vista de todas las publicaciones ejecutándose',)
12:43:32 - INF - get - ('Servicio de vista de todas las publicaciones ejecutándose',)
12:43:36 - INF - get - ('Servicio para listar recursos ejecutándose',)
12:43:53 - INF - get - ('Servicio de consulta de usuarios ejecutándose',)
12:43:53 - INF - token_validate - ('El token ha expirado.',)
12:43:55 - INF - get - ('Servicio para listar recursos ejecutándose',)
12:43:55 - INF - get - ('Servicio de consulta de usuarios ejecutándose',)
12:43:55 - INF - token_validate - ('El token ha expirado.',)
12:43:56 - INF - get - ('Servicio para listar recursos ejecutándose',)
12:43:57 - INF - get - ('Servicio de consulta de usuarios ejecutándose',)
12:43:57 - INF - token_validate - ('El token ha expirado.',)
12:44:00 - INF - get - ('Servicio para listar recursos ejecutándose',)
12:44:00 - INF - get - ('Servicio de vista de todas las publicaciones ejecutándose',)
12:44:01 - INF - get - ('Servicio para listar recursos ejecutándose',)
12:44:02 - INF - get - ('Servicio de vista de todas las publicaciones ejecutándose',)
12:44:04 - INF - get - ('Servicio de vista de todas las publicaciones ejecutándose',)
12:44:05 - INF - get - ('Servicio para listar recursos ejecutándose',)
12:44:05 - INF - get - ('Servicio de vista de todas las publicaciones ejecutándose',)
12:44:06 - INF - get - ('Servicio para listar recursos ejecutándose',)
12:44:07 - INF - get - ('Servicio de consulta de usuarios ejecutándose',)
12:44:07 - INF - token_validate - ('El token ha expirado.',)
12:44:10 - INF - get - ('Servicio de vista de todas las publicaciones ejecutándose',)
12:44:10 - INF - get - ('Servicio para listar recursos ejecutándose',)
12:44:11 - INF - get - ('Servicio de vista de todas las publicaciones ejecutándose',)
12:44:12 - INF - get - ('Servicio para listar recursos ejecutándose',)
12:44:15 - INF - get - ('Servicio de vista de todas las publicaciones ejecutándose',)
12:44:16 - INF - get - ('Servicio de consulta de usuarios ejecutándose',)
12:44:16 - INF - token_validate - ('El token ha expirado.',)
16:04:57 - INF - post - ('Servicio de login ejecutandose',)
16:04:57 - INF - get - ('Servicio de vista de todas las publicaciones ejecutándose',)
16:06:48 - INF - get - ('Servicio de vista de todas las publicaciones ejecutándose',)
16:07:05 - INF - get - ('Servicio para listar recursos ejecutándose',)
16:09:18 - INF - get - ('Servicio de vista de todas las publicaciones ejecutándose',)
16:09:42 - INF - get - ('Servicio para listar recursos ejecutándose',)
16:09:47 - INF - get - ('Servicio de vista de todas las publicaciones ejecutándose',)
16:09:51 - INF - get - ('Servicio para listar recursos ejecutándose',)
16:10:02 - INF - get - ('Servicio de vista de todas las publicaciones ejecutándose',)
16:10:29 - INF - get - ('Servicio para listar recursos ejecutándose',)
16:10:38 - INF - get - ('Servicio de vista de todas las publicaciones ejecutándose',)
16:10:42 - INF - get - ('Servicio para listar recursos ejecutándose',)
16:13:59 - INF - get - ('Servicio de vista de todas las publicaciones ejecutándose',)
16:14:43 - INF - get - ('Servicio para listar recursos ejecutándose',)
16:14:46 - INF - get - ('Servicio de consulta de usuarios ejecutándose',)
16:15:47 - INF - get - ('Servicio para listar recursos ejecutándose',)
16:16:14 - INF - get - ('Servicio de consulta de usuarios ejecutándose',)
16:17:48 - INF - get - ('Servicio para listar recursos ejecutándose',)
16:17:49 - INF - get - ('Servicio de vista de todas las publicaciones ejecutándose',)
16:24:59 - INF - get - ('Servicio de vista de todas las publicaciones ejecutándose',)
16:28:03 - INF - get - ('Servicio para listar recursos ejecutándose',)
16:28:04 - INF - get - ('Servicio de consulta de usuarios ejecutándose',)
16:28:04 - INF - token_validate - ('El token ha expirado.',)
16:28:18 - INF - get - ('Servicio de consulta de usuarios ejecutándose',)
16:28:18 - INF - token_validate - ('El token ha expirado.',)
16:28:18 - INF - get - ('Servicio para listar recursos ejecutándose',)
16:28:19 - INF - get - ('Servicio de vista de todas las publicaciones ejecutándose',)
16:28:20 - INF - get - ('Servicio para listar recursos ejecutándose',)
16:30:04 - INF - get - ('Servicio de vista de todas las publicaciones ejecutándose',)
16:30:06 - INF - get - ('Servicio para listar recursos ejecutándose',)
16:30:19 - INF - get - ('Servicio de consulta de usuarios ejecutándose',)
16:30:19 - INF - token_validate - ('El token ha expirado.',)
16:30:20 - INF - get - ('Servicio de vista de todas las publicaciones ejecutándose',)
16:30:21 - INF - get - ('Servicio para listar recursos ejecutándose',)
16:30:35 - INF - get - ('Servicio de vista de todas las publicaciones ejecutándose',)
16:30:37 - INF - get - ('Servicio de consulta de usuarios ejecutándose',)
16:30:37 - INF - token_validate - ('El token ha expirado.',)
21:31:03 - INF - <module> - ('Servicio Finalizado',)
21:34:07 - INF - <module> - ('Servicio Iniciado',)
21:34:09 - INF - <module> - ('Servicio Iniciado',)
16:39:31 - INF - post - ('Servicio de login ejecutandose',)
16:39:31 - INF - get - ('Servicio de vista de todas las publicaciones ejecutándose',)
16:39:34 - INF - get - ('Servicio para listar recursos ejecutándose',)
16:39:36 - INF - get - ('Servicio de vista de todas las publicaciones ejecutándose',)
16:39:37 - INF - get - ('Servicio para listar recursos ejecutándose',)
16:39:40 - INF - get - ('Servicio de consulta de usuarios ejecutándose',)
16:39:41 - INF - get - ('Servicio para listar recursos ejecutándose',)
16:44:09 - INF - get - ('Servicio de vista de todas las publicaciones ejecutándose',)
16:44:16 - INF - get - ('Servicio para listar recursos ejecutándose',)
16:44:21 - INF - get - ('Servicio de vista de todas las publicaciones ejecutándose',)
16:44:25 - INF - get - ('Servicio para listar recursos ejecutándose',)
16:45:15 - INF - get - ('Servicio de vista de todas las publicaciones ejecutándose',)
16:45:32 - INF - get - ('Servicio para listar recursos ejecutándose',)
16:45:33 - INF - get - ('Servicio de vista de todas las publicaciones ejecutándose',)
16:45:34 - INF - get - ('Servicio de vista de todas las publicaciones ejecutándose',)
16:45:40 - INF - get - ('Servicio para listar recursos ejecutándose',)
16:48:08 - INF - get - ('Servicio de vista de todas las publicaciones ejecutándose',)
16:48:19 - INF - get - ('Servicio para listar recursos ejecutándose',)
16:48:26 - INF - get - ('Servicio de consulta de usuarios ejecutándose',)
16:48:42 - INF - get - ('Servicio para listar recursos ejecutándose',)
16:48:52 - INF - get - ('Servicio de vista de todas las publicaciones ejecutándose',)
16:48:55 - INF - get - ('Servicio para listar recursos ejecutándose',)
16:49:38 - INF - get - ('Servicio de vista de todas las publicaciones ejecutándose',)
16:50:00 - INF - get - ('Servicio para listar recursos ejecutándose',)
16:50:02 - INF - get - ('Servicio de consulta de usuarios ejecutándose',)
16:50:05 - INF - get - ('Servicio para listar recursos ejecutándose',)
16:50:05 - INF - get - ('Servicio de consulta de usuarios ejecutándose',)
16:50:06 - INF - get - ('Servicio para listar recursos ejecutándose',)
16:50:08 - INF - get - ('Servicio de vista de todas las publicaciones ejecutándose',)
16:50:19 - INF - get - ('Servicio para listar recursos ejecutándose',)
16:50:21 - INF - get - ('Servicio de consulta de usuarios ejecutándose',)
16:50:24 - INF - get - ('Servicio para listar recursos ejecutándose',)
16:50:27 - INF - get - ('Servicio de consulta de usuarios ejecutándose',)
16:50:29 - INF - get - ('Servicio para listar recursos ejecutándose',)
16:50:35 - INF - get - ('Servicio de vista de todas las publicaciones ejecutándose',)
16:50:38 - INF - get - ('Servicio para listar recursos ejecutándose',)
16:50:41 - INF - get - ('Servicio de vista de todas las publicaciones ejecutándose',)
16:50:50 - INF - get - ('Servicio para listar recursos ejecutándose',)
16:50:53 - INF - get - ('Servicio de consulta de usuarios ejecutándose',)
16:51:04 - INF - get - ('Servicio de visualización de conversación ejecutándose',)
16:51:09 - INF - get - ('Servicio de vista de todas las publicaciones ejecutándose',)
16:51:43 - INF - get - ('Servicio de vista de todas las publicaciones ejecutándose',)
16:51:45 - INF - get - ('Servicio para listar recursos ejecutándose',)
16:51:47 - INF - get - ('Servicio de vista de todas las publicaciones ejecutándose',)
16:51:51 - INF - get - ('Servicio para listar recursos ejecutándose',)
16:51:52 - INF - get - ('Servicio de vista de todas las publicaciones ejecutándose',)
16:52:26 - INF - get - ('Servicio para listar recursos ejecutándose',)
16:52:30 - INF - get - ('Servicio de vista de todas las publicaciones ejecutándose',)
16:52:32 - INF - get - ('Servicio para listar recursos ejecutándose',)
16:52:32 - INF - get - ('Servicio de consulta de usuarios ejecutándose',)
16:52:34 - INF - get - ('Servicio de vista de todas las publicaciones ejecutándose',)
16:52:35 - INF - get - ('Servicio para listar recursos ejecutándose',)
16:52:36 - INF - get - ('Servicio de consulta de usuarios ejecutándose',)
16:52:37 - INF - get - ('Servicio para listar recursos ejecutándose',)
16:52:38 - INF - get - ('Servicio de vista de todas las publicaciones ejecutándose',)
16:55:39 - INF - get - ('Servicio para obtener comentarios ejecutándose',)
16:55:41 - INF - get - ('Servicio para obtener comentarios ejecutándose',)
16:55:42 - INF - get - ('Servicio para obtener comentarios ejecutándose',)
16:55:45 - INF - get - ('Servicio para obtener comentarios ejecutándose',)
16:56:03 - INF - get - ('Servicio para obtener comentarios ejecutándose',)
16:56:08 - INF - get - ('Servicio para obtener comentarios ejecutándose',)
16:56:12 - INF - get - ('Servicio para obtener comentarios ejecutándose',)
16:56:18 - INF - get - ('Servicio para obtener comentarios ejecutándose',)
16:56:21 - INF - get - ('Servicio para obtener comentarios ejecutándose',)
17:08:36 - INF - post - ('Servicio de login ejecutandose',)
17:08:36 - INF - get - ('Servicio de vista de todas las publicaciones ejecutándose',)
17:08:38 - INF - get - ('Servicio para listar recursos ejecutándose',)
17:08:39 - INF - get - ('Servicio de consulta de usuarios ejecutándose',)
17:08:40 - INF - get - ('Servicio para listar recursos ejecutándose',)
17:08:41 - INF - get - ('Servicio de vista de todas las publicaciones ejecutándose',)
17:11:43 - INF - get - ('Servicio de vista de todas las publicaciones ejecutándose',)
17:11:43 - INF - get - ('Servicio de vista de todas las publicaciones ejecutándose',)
17:11:43 - INF - get - ('Servicio de vista de todas las publicaciones ejecutándose',)
17:11:43 - INF - get - ('Servicio de vista de todas las publicaciones ejecutándose',)
17:11:55 - INF - get - ('Servicio para obtener comentarios ejecutándose',)
17:12:43 - INF - get - ('Servicio para obtener comentarios ejecutándose',)
17:17:09 - INF - get - ('Servicio para obtener comentarios ejecutándose',)
17:17:26 - INF - get - ('Servicio para obtener comentarios ejecutándose',)
17:17:28 - INF - get - ('Servicio para obtener comentarios ejecutándose',)
17:17:35 - INF - get - ('Servicio para obtener comentarios ejecutándose',)
17:17:36 - INF - get - ('Servicio para obtener comentarios ejecutándose',)
17:17:41 - INF - get - ('Servicio para obtener comentarios ejecutándose',)
17:17:46 - INF - get - ('Servicio para obtener comentarios ejecutándose',)
17:18:11 - INF - get - ('Servicio de vista de todas las publicaciones ejecutándose',)
17:18:11 - INF - get - ('Servicio de vista de todas las publicaciones ejecutándose',)
17:18:16 - INF - get - ('Servicio para listar recursos ejecutándose',)
17:18:16 - INF - get - ('Servicio para listar recursos ejecutándose',)
17:18:18 - INF - get - ('Servicio de consulta de usuarios ejecutándose',)
17:18:18 - INF - get - ('Servicio de consulta de usuarios ejecutándose',)
17:18:19 - INF - get - ('Servicio de vista de todas las publicaciones ejecutándose',)
17:18:19 - INF - get - ('Servicio de vista de todas las publicaciones ejecutándose',)
17:18:20 - INF - get - ('Servicio para listar recursos ejecutándose',)
17:18:20 - INF - get - ('Servicio para listar recursos ejecutándose',)
17:18:21 - INF - get - ('Servicio de consulta de usuarios ejecutándose',)
17:18:21 - INF - get - ('Servicio de consulta de usuarios ejecutándose',)
17:18:43 - INF - get - ('Servicio de vista de todas las publicaciones ejecutándose',)
17:18:43 - INF - get - ('Servicio de vista de todas las publicaciones ejecutándose',)
17:18:45 - INF - get - ('Servicio para listar recursos ejecutándose',)
17:18:45 - INF - get - ('Servicio para listar recursos ejecutándose',)
17:18:50 - INF - get - ('Servicio de consulta de usuarios ejecutándose',)
17:18:50 - INF - get - ('Servicio de consulta de usuarios ejecutándose',)
17:18:51 - INF - get - ('Servicio para listar recursos ejecutándose',)
17:18:51 - INF - get - ('Servicio para listar recursos ejecutándose',)
17:18:52 - INF - get - ('Servicio de consulta de usuarios ejecutándose',)
17:18:52 - INF - get - ('Servicio de consulta de usuarios ejecutándose',)
17:18:53 - INF - get - ('Servicio para listar recursos ejecutándose',)
17:18:53 - INF - get - ('Servicio para listar recursos ejecutándose',)
17:18:57 - INF - get - ('Servicio de consulta de usuarios ejecutándose',)
17:18:57 - INF - get - ('Servicio de consulta de usuarios ejecutándose',)
17:19:00 - INF - get - ('Servicio para listar recursos ejecutándose',)
17:19:00 - INF - get - ('Servicio para listar recursos ejecutándose',)
17:19:15 - INF - get - ('Servicio de consulta de usuarios ejecutándose',)
17:19:16 - INF - get - ('Servicio de consulta de usuarios ejecutándose',)
17:19:31 - INF - get - ('Servicio para listar recursos ejecutándose',)
17:19:31 - INF - get - ('Servicio para listar recursos ejecutándose',)
17:20:03 - INF - get - ('Servicio de consulta de usuarios ejecutándose',)
17:20:03 - INF - get - ('Servicio de consulta de usuarios ejecutándose',)
17:20:06 - INF - get - ('Servicio para listar recursos ejecutándose',)
17:20:07 - INF - get - ('Servicio para listar recursos ejecutándose',)
17:20:07 - INF - get - ('Servicio de consulta de usuarios ejecutándose',)
17:20:07 - INF - get - ('Servicio de consulta de usuarios ejecutándose',)
17:20:09 - INF - get - ('Servicio de vista de todas las publicaciones ejecutándose',)
17:20:09 - INF - get - ('Servicio de vista de todas las publicaciones ejecutándose',)
17:20:10 - INF - get - ('Servicio para listar recursos ejecutándose',)
17:20:10 - INF - get - ('Servicio para listar recursos ejecutándose',)
17:20:14 - INF - get - ('Servicio de consulta de usuarios ejecutándose',)
17:20:14 - INF - get - ('Servicio de consulta de usuarios ejecutándose',)
17:20:15 - INF - get - ('Servicio para listar recursos ejecutándose',)
17:20:15 - INF - get - ('Servicio para listar recursos ejecutándose',)
17:20:16 - INF - get - ('Servicio de consulta de usuarios ejecutándose',)
17:20:17 - INF - get - ('Servicio de consulta de usuarios ejecutándose',)
17:20:17 - INF - get - ('Servicio para listar recursos ejecutándose',)
17:20:17 - INF - get - ('Servicio para listar recursos ejecutándose',)
17:20:18 - INF - get - ('Servicio de consulta de usuarios ejecutándose',)
17:20:18 - INF - get - ('Servicio de consulta de usuarios ejecutándose',)
17:20:18 - INF - get - ('Servicio para listar recursos ejecutándose',)
17:20:18 - INF - get - ('Servicio para listar recursos ejecutándose',)
17:20:19 - INF - get - ('Servicio de consulta de usuarios ejecutándose',)
17:20:19 - INF - get - ('Servicio de consulta de usuarios ejecutándose',)
17:20:20 - INF - get - ('Servicio para listar recursos ejecutándose',)
17:20:20 - INF - get - ('Servicio para listar recursos ejecutándose',)
17:20:20 - INF - get - ('Servicio de consulta de usuarios ejecutándose',)
17:20:20 - INF - get - ('Servicio de consulta de usuarios ejecutándose',)
17:20:21 - INF - get - ('Servicio para listar recursos ejecutándose',)
17:20:21 - INF - get - ('Servicio para listar recursos ejecutándose',)
17:20:21 - INF - get - ('Servicio de consulta de usuarios ejecutándose',)
17:20:22 - INF - get - ('Servicio de consulta de usuarios ejecutándose',)
17:20:22 - INF - get - ('Servicio para listar recursos ejecutándose',)
17:20:22 - INF - get - ('Servicio para listar recursos ejecutándose',)
17:20:23 - INF - get - ('Servicio de consulta de usuarios ejecutándose',)
17:20:23 - INF - get - ('Servicio de consulta de usuarios ejecutándose',)
17:20:23 - INF - get - ('Servicio para listar recursos ejecutándose',)
17:20:23 - INF - get - ('Servicio para listar recursos ejecutándose',)
17:20:24 - INF - get - ('Servicio de consulta de usuarios ejecutándose',)
17:20:24 - INF - get - ('Servicio de consulta de usuarios ejecutándose',)
17:20:25 - INF - get - ('Servicio para listar recursos ejecutándose',)
17:20:25 - INF - get - ('Servicio para listar recursos ejecutándose',)
17:20:25 - INF - get - ('Servicio de consulta de usuarios ejecutándose',)
17:20:25 - INF - get - ('Servicio de consulta de usuarios ejecutándose',)
17:21:18 - INF - get - ('Servicio para listar recursos ejecutándose',)
17:21:19 - INF - get - ('Servicio para listar recursos ejecutándose',)
17:21:29 - INF - get - ('Servicio de consulta de usuarios ejecutándose',)
17:21:29 - INF - get - ('Servicio de consulta de usuarios ejecutándose',)
17:21:31 - INF - get - ('Servicio para listar recursos ejecutándose',)
17:21:31 - INF - get - ('Servicio para listar recursos ejecutándose',)
17:21:41 - INF - get - ('Servicio de consulta de usuarios ejecutándose',)
17:21:41 - INF - get - ('Servicio de consulta de usuarios ejecutándose',)
17:21:52 - INF - get - ('Servicio de vista de todas las publicaciones ejecutándose',)
17:21:52 - INF - get - ('Servicio de vista de todas las publicaciones ejecutándose',)
17:21:55 - INF - get - ('Servicio para listar recursos ejecutándose',)
17:21:55 - INF - get - ('Servicio para listar recursos ejecutándose',)
17:21:59 - INF - get - ('Servicio de consulta de usuarios ejecutándose',)
17:21:59 - INF - get - ('Servicio de consulta de usuarios ejecutándose',)
17:22:03 - INF - get - ('Servicio para listar recursos ejecutándose',)
17:22:03 - INF - get - ('Servicio para listar recursos ejecutándose',)
17:22:06 - INF - get - ('Servicio de consulta de usuarios ejecutándose',)
17:22:06 - INF - get - ('Servicio de consulta de usuarios ejecutándose',)
17:22:07 - INF - get - ('Servicio de visualización de conversación ejecutándose',)
17:22:07 - INF - get - ('Servicio de visualización de conversación ejecutándose',)
17:22:10 - INF - get - ('Servicio para listar recursos ejecutándose',)
17:22:10 - INF - get - ('Servicio para listar recursos ejecutándose',)
17:22:13 - INF - get - ('Servicio de vista de todas las publicaciones ejecutándose',)
17:22:14 - INF - get - ('Servicio de vista de todas las publicaciones ejecutándose',)
17:27:15 - INF - get - ('Servicio de vista de todas las publicaciones ejecutándose',)
17:27:16 - INF - get - ('Servicio de vista de todas las publicaciones ejecutándose',)
17:28:56 - INF - get - ('Servicio para listar recursos ejecutándose',)
17:28:56 - INF - get - ('Servicio para listar recursos ejecutándose',)
17:28:58 - INF - get - ('Servicio de consulta de usuarios ejecutándose',)
17:28:58 - INF - token_validate - ('El token ha expirado.',)
17:28:58 - INF - get - ('Servicio de consulta de usuarios ejecutándose',)
17:28:58 - INF - token_validate - ('El token ha expirado.',)
17:29:02 - INF - get - ('Servicio para listar recursos ejecutándose',)
17:29:02 - INF - get - ('Servicio para listar recursos ejecutándose',)
17:29:02 - INF - get - ('Servicio de consulta de usuarios ejecutándose',)
17:29:02 - INF - token_validate - ('El token ha expirado.',)
17:29:02 - INF - get - ('Servicio de consulta de usuarios ejecutándose',)
17:29:02 - INF - token_validate - ('El token ha expirado.',)
17:29:03 - INF - get - ('Servicio de vista de todas las publicaciones ejecutándose',)
17:29:03 - INF - get - ('Servicio de vista de todas las publicaciones ejecutándose',)
17:29:04 - INF - get - ('Servicio para listar recursos ejecutándose',)
17:29:04 - INF - get - ('Servicio para listar recursos ejecutándose',)
17:29:11 - INF - get - ('Servicio de vista de todas las publicaciones ejecutándose',)
17:29:12 - INF - get - ('Servicio de vista de todas las publicaciones ejecutándose',)
17:32:35 - INF - get - ('Servicio para listar recursos ejecutándose',)
17:32:35 - INF - get - ('Servicio para listar recursos ejecutándose',)
17:32:54 - INF - get - ('Servicio de vista de todas las publicaciones ejecutándose',)
17:32:55 - INF - get - ('Servicio de vista de todas las publicaciones ejecutándose',)
17:32:55 - INF - get - ('Servicio de vista de todas las publicaciones ejecutándose',)
17:32:55 - INF - get - ('Servicio de vista de todas las publicaciones ejecutándose',)
17:33:01 - INF - get - ('Servicio para obtener comentarios ejecutándose',)
17:33:31 - INF - get - ('Servicio para obtener comentarios ejecutándose',)
17:33:38 - INF - get - ('Servicio para obtener comentarios ejecutándose',)
17:33:39 - INF - get - ('Servicio para obtener comentarios ejecutándose',)
17:33:40 - INF - get - ('Servicio para obtener comentarios ejecutándose',)
17:33:41 - INF - get - ('Servicio para obtener comentarios ejecutándose',)
17:33:41 - INF - get - ('Servicio para obtener comentarios ejecutándose',)
17:33:43 - INF - get - ('Servicio para obtener comentarios ejecutándose',)
17:34:05 - INF - get - ('Servicio de vista de todas las publicaciones ejecutándose',)
17:34:05 - INF - get - ('Servicio de vista de todas las publicaciones ejecutándose',)
17:34:14 - INF - get - ('Servicio para listar recursos ejecutándose',)
17:34:14 - INF - get - ('Servicio para listar recursos ejecutándose',)
17:34:15 - INF - get - ('Servicio de consulta de usuarios ejecutándose',)
17:34:15 - INF - token_validate - ('El token ha expirado.',)
17:34:15 - INF - get - ('Servicio de consulta de usuarios ejecutándose',)
17:34:15 - INF - token_validate - ('El token ha expirado.',)
17:34:45 - INF - get - ('Servicio de vista de todas las publicaciones ejecutándose',)
17:34:46 - INF - get - ('Servicio de vista de todas las publicaciones ejecutándose',)
17:34:47 - INF - get - ('Servicio para listar recursos ejecutándose',)
17:34:47 - INF - get - ('Servicio para listar recursos ejecutándose',)
17:34:48 - INF - get - ('Servicio de consulta de usuarios ejecutándose',)
17:34:48 - INF - token_validate - ('El token ha expirado.',)
17:34:48 - INF - get - ('Servicio de consulta de usuarios ejecutándose',)
17:34:48 - INF - token_validate - ('El token ha expirado.',)
17:34:49 - INF - get - ('Servicio para listar recursos ejecutándose',)
17:34:49 - INF - get - ('Servicio para listar recursos ejecutándose',)
17:34:55 - INF - get - ('Servicio de consulta de usuarios ejecutándose',)
17:34:55 - INF - token_validate - ('El token ha expirado.',)
17:34:55 - INF - get - ('Servicio de consulta de usuarios ejecutándose',)
17:34:55 - INF - token_validate - ('El token ha expirado.',)
17:34:57 - INF - get - ('Servicio para listar recursos ejecutándose',)
17:34:57 - INF - get - ('Servicio para listar recursos ejecutándose',)
17:34:58 - INF - get - ('Servicio de vista de todas las publicaciones ejecutándose',)
17:34:58 - INF - get - ('Servicio de vista de todas las publicaciones ejecutándose',)
17:34:59 - INF - get - ('Servicio para listar recursos ejecutándose',)
17:34:59 - INF - get - ('Servicio para listar recursos ejecutándose',)
17:35:00 - INF - get - ('Servicio de consulta de usuarios ejecutándose',)
17:35:00 - INF - token_validate - ('El token ha expirado.',)
17:35:00 - INF - get - ('Servicio de consulta de usuarios ejecutándose',)
17:35:00 - INF - token_validate - ('El token ha expirado.',)
17:35:00 - INF - get - ('Servicio para listar recursos ejecutándose',)
17:35:00 - INF - get - ('Servicio para listar recursos ejecutándose',)
17:35:01 - INF - get - ('Servicio de vista de todas las publicaciones ejecutándose',)
17:35:01 - INF - get - ('Servicio de vista de todas las publicaciones ejecutándose',)
17:35:04 - INF - get - ('Servicio de vista de todas las publicaciones ejecutándose',)
17:35:04 - INF - get - ('Servicio de vista de todas las publicaciones ejecutándose',)
17:36:23 - INF - get - ('Servicio de vista de todas las publicaciones ejecutándose',)
17:36:23 - INF - get - ('Servicio de vista de todas las publicaciones ejecutándose',)
17:36:41 - INF - get - ('Servicio para listar recursos ejecutándose',)
17:36:41 - INF - get - ('Servicio para listar recursos ejecutándose',)
17:36:47 - INF - get - ('Servicio de consulta de usuarios ejecutándose',)
17:36:47 - INF - token_validate - ('El token ha expirado.',)
17:36:47 - INF - get - ('Servicio de consulta de usuarios ejecutándose',)
17:36:47 - INF - token_validate - ('El token ha expirado.',)
17:36:49 - INF - get - ('Servicio de consulta de usuarios ejecutándose',)
17:36:49 - INF - token_validate - ('El token ha expirado.',)
17:36:49 - INF - get - ('Servicio de consulta de usuarios ejecutándose',)
17:36:49 - INF - token_validate - ('El token ha expirado.',)
17:36:50 - INF - get - ('Servicio para listar recursos ejecutándose',)
17:36:50 - INF - get - ('Servicio para listar recursos ejecutándose',)
17:36:51 - INF - get - ('Servicio de vista de todas las publicaciones ejecutándose',)
17:36:51 - INF - get - ('Servicio de vista de todas las publicaciones ejecutándose',)
17:40:31 - INF - post - ('Servicio de login ejecutandose',)
17:40:32 - INF - get - ('Servicio de vista de todas las publicaciones ejecutándose',)
17:40:32 - INF - get - ('Servicio de vista de todas las publicaciones ejecutándose',)
17:40:38 - INF - get - ('Servicio para listar recursos ejecutándose',)
17:40:38 - INF - get - ('Servicio para listar recursos ejecutándose',)
17:40:41 - INF - get - ('Servicio de consulta de usuarios ejecutándose',)
17:40:41 - INF - get - ('Servicio de consulta de usuarios ejecutándose',)
17:40:43 - INF - get - ('Servicio para listar recursos ejecutándose',)
17:40:43 - INF - get - ('Servicio para listar recursos ejecutándose',)
17:40:44 - INF - get - ('Servicio de vista de todas las publicaciones ejecutándose',)
17:40:44 - INF - get - ('Servicio de vista de todas las publicaciones ejecutándose',)
17:42:02 - INF - get - ('Servicio de consulta de usuarios ejecutándose',)
17:42:03 - INF - get - ('Servicio de consulta de usuarios ejecutándose',)
17:42:03 - INF - get - ('Servicio para listar recursos ejecutándose',)
17:42:03 - INF - get - ('Servicio para listar recursos ejecutándose',)
17:42:04 - INF - get - ('Servicio de vista de todas las publicaciones ejecutándose',)
17:42:04 - INF - get - ('Servicio de vista de todas las publicaciones ejecutándose',)
17:42:05 - INF - get - ('Servicio para listar recursos ejecutándose',)
17:42:05 - INF - get - ('Servicio para listar recursos ejecutándose',)
17:42:05 - INF - get - ('Servicio de consulta de usuarios ejecutándose',)
17:42:05 - INF - get - ('Servicio de consulta de usuarios ejecutándose',)
17:42:07 - INF - get - ('Servicio de consulta de usuarios ejecutándose',)
17:42:07 - INF - get - ('Servicio de consulta de usuarios ejecutándose',)
17:42:08 - INF - get - ('Servicio para listar recursos ejecutándose',)
17:42:08 - INF - get - ('Servicio para listar recursos ejecutándose',)
17:42:09 - INF - get - ('Servicio de vista de todas las publicaciones ejecutándose',)
17:42:09 - INF - get - ('Servicio de vista de todas las publicaciones ejecutándose',)
17:49:20 - INF - get - ('Servicio de vista de todas las publicaciones ejecutándose',)
17:49:20 - INF - get - ('Servicio de vista de todas las publicaciones ejecutándose',)
17:49:27 - INF - get - ('Servicio para obtener comentarios ejecutándose',)
17:49:34 - INF - get - ('Servicio para obtener comentarios ejecutándose',)
18:01:36 - INF - get - ('Servicio de vista de todas las publicaciones ejecutándose',)
18:01:36 - INF - get - ('Servicio de vista de todas las publicaciones ejecutándose',)
18:01:51 - INF - get - ('Servicio para obtener comentarios ejecutándose',)
18:01:55 - INF - get - ('Servicio para obtener comentarios ejecutándose',)
18:01:57 - INF - get - ('Servicio de vista de todas las publicaciones ejecutándose',)
18:01:57 - INF - get - ('Servicio de vista de todas las publicaciones ejecutándose',)
18:02:10 - INF - get - ('Servicio para obtener comentarios ejecutándose',)
18:02:13 - INF - get - ('Servicio de vista de todas las publicaciones ejecutándose',)
18:02:13 - INF - get - ('Servicio de vista de todas las publicaciones ejecutándose',)
18:03:50 - INF - get - ('Servicio de vista de todas las publicaciones ejecutándose',)
18:03:50 - INF - get - ('Servicio de vista de todas las publicaciones ejecutándose',)
18:04:51 - INF - get - ('Servicio para obtener comentarios ejecutándose',)
18:05:55 - INF - get - ('Servicio para obtener comentarios ejecutándose',)
18:06:34 - INF - get - ('Servicio de vista de todas las publicaciones ejecutándose',)
18:06:34 - INF - get - ('Servicio de vista de todas las publicaciones ejecutándose',)
18:06:38 - INF - get - ('Servicio para obtener comentarios ejecutándose',)
18:06:40 - INF - get - ('Servicio para obtener comentarios ejecutándose',)
18:07:20 - INF - get - ('Servicio para obtener comentarios ejecutándose',)
18:07:33 - INF - get - ('Servicio para obtener comentarios ejecutándose',)
18:07:34 - INF - get - ('Servicio para obtener comentarios ejecutándose',)
18:08:15 - INF - get - ('Servicio para obtener comentarios ejecutándose',)
18:08:16 - INF - get - ('Servicio para obtener comentarios ejecutándose',)
18:08:17 - INF - get - ('Servicio para obtener comentarios ejecutándose',)
18:08:18 - INF - get - ('Servicio para obtener comentarios ejecutándose',)
18:08:19 - INF - get - ('Servicio para obtener comentarios ejecutándose',)
18:08:21 - INF - get - ('Servicio para obtener comentarios ejecutándose',)
18:08:22 - INF - get - ('Servicio para obtener comentarios ejecutándose',)
18:08:23 - INF - get - ('Servicio para obtener comentarios ejecutándose',)
18:08:24 - INF - get - ('Servicio para obtener comentarios ejecutándose',)
18:08:30 - INF - get - ('Servicio para obtener comentarios ejecutándose',)
18:08:31 - INF - get - ('Servicio para obtener comentarios ejecutándose',)
18:08:32 - INF - get - ('Servicio para obtener comentarios ejecutándose',)
18:08:33 - INF - get - ('Servicio para obtener comentarios ejecutándose',)
18:08:35 - INF - get - ('Servicio para obtener comentarios ejecutándose',)
18:09:51 - INF - get - ('Servicio de vista de todas las publicaciones ejecutándose',)
18:09:52 - INF - get - ('Servicio de vista de todas las publicaciones ejecutándose',)
18:10:00 - INF - get - ('Servicio para obtener comentarios ejecutándose',)
18:10:01 - INF - get - ('Servicio para obtener comentarios ejecutándose',)
18:10:05 - INF - get - ('Servicio para obtener comentarios ejecutándose',)
18:10:05 - INF - get - ('Servicio para obtener comentarios ejecutándose',)
18:10:05 - INF - get - ('Servicio para obtener comentarios ejecutándose',)
18:10:07 - INF - get - ('Servicio para obtener comentarios ejecutándose',)
18:11:55 - INF - get - ('Servicio para obtener comentarios ejecutándose',)
18:11:56 - INF - get - ('Servicio para obtener comentarios ejecutándose',)
18:14:01 - INF - get - ('Servicio de vista de todas las publicaciones ejecutándose',)
18:14:02 - INF - get - ('Servicio de vista de todas las publicaciones ejecutándose',)
18:14:27 - INF - get - ('Servicio de vista de todas las publicaciones ejecutándose',)
18:14:30 - INF - get - ('Servicio de vista de todas las publicaciones ejecutándose',)
18:16:36 - INF - get - ('Servicio de vista de todas las publicaciones ejecutándose',)
18:16:36 - INF - get - ('Servicio de vista de todas las publicaciones ejecutándose',)
18:17:18 - INF - get - ('Servicio para obtener comentarios ejecutándose',)
18:17:20 - INF - get - ('Servicio para obtener comentarios ejecutándose',)
18:17:36 - INF - get - ('Servicio para obtener comentarios ejecutándose',)
18:17:38 - INF - get - ('Servicio para obtener comentarios ejecutándose',)
18:17:40 - INF - get - ('Servicio para obtener comentarios ejecutándose',)
18:17:41 - INF - get - ('Servicio para obtener comentarios ejecutándose',)
18:20:25 - INF - get - ('Servicio de vista de todas las publicaciones ejecutándose',)
18:20:25 - INF - get - ('Servicio de vista de todas las publicaciones ejecutándose',)
18:20:30 - INF - get - ('Servicio para obtener comentarios ejecutándose',)
18:20:33 - INF - get - ('Servicio para obtener comentarios ejecutándose',)
18:21:39 - INF - get - ('Servicio para obtener comentarios ejecutándose',)
18:21:40 - INF - get - ('Servicio para obtener comentarios ejecutándose',)
18:22:42 - INF - get - ('Servicio de vista de todas las publicaciones ejecutándose',)
18:22:42 - INF - get - ('Servicio de vista de todas las publicaciones ejecutándose',)
18:22:42 - INF - get - ('Servicio de vista de todas las publicaciones ejecutándose',)
18:22:42 - INF - get - ('Servicio de vista de todas las publicaciones ejecutándose',)
18:23:32 - INF - get - ('Servicio de vista de todas las publicaciones ejecutándose',)
18:23:32 - INF - get - ('Servicio de vista de todas las publicaciones ejecutándose',)
18:23:32 - INF - get - ('Servicio de vista de todas las publicaciones ejecutándose',)
18:23:32 - INF - get - ('Servicio de vista de todas las publicaciones ejecutándose',)
18:23:35 - INF - get - ('Servicio para obtener comentarios ejecutándose',)
18:24:35 - INF - get - ('Servicio de vista de todas las publicaciones ejecutándose',)
18:24:35 - INF - get - ('Servicio de vista de todas las publicaciones ejecutándose',)
18:25:40 - INF - get - ('Servicio de vista de todas las publicaciones ejecutándose',)
18:25:41 - INF - get - ('Servicio de vista de todas las publicaciones ejecutándose',)
18:25:41 - INF - get - ('Servicio de vista de todas las publicaciones ejecutándose',)
18:25:41 - INF - get - ('Servicio de vista de todas las publicaciones ejecutándose',)
18:33:35 - INF - get - ('Servicio de vista de todas las publicaciones ejecutándose',)
18:33:35 - INF - get - ('Servicio de vista de todas las publicaciones ejecutándose',)
18:33:35 - INF - get - ('Servicio de vista de todas las publicaciones ejecutándose',)
18:33:35 - INF - get - ('Servicio de vista de todas las publicaciones ejecutándose',)
18:33:38 - INF - get - ('Servicio de vista de todas las publicaciones ejecutándose',)
18:33:38 - INF - get - ('Servicio de vista de todas las publicaciones ejecutándose',)
18:36:03 - INF - post - ('Servicio de login ejecutandose',)
18:36:03 - INF - get - ('Servicio de vista de todas las publicaciones ejecutándose',)
18:36:03 - INF - get - ('Servicio de vista de todas las publicaciones ejecutándose',)
18:36:24 - INF - get - ('Servicio de consulta de usuarios ejecutándose',)
18:36:24 - INF - get - ('Servicio de consulta de usuarios ejecutándose',)
18:36:56 - INF - get - ('Servicio para listar recursos ejecutándose',)
18:36:56 - INF - get - ('Servicio para listar recursos ejecutándose',)
18:37:33 - INF - get - ('Servicio de consulta de usuarios ejecutándose',)
18:37:33 - INF - get - ('Servicio de consulta de usuarios ejecutándose',)
18:37:35 - INF - get - ('Servicio para listar recursos ejecutándose',)
18:37:35 - INF - get - ('Servicio para listar recursos ejecutándose',)
18:37:48 - INF - get - ('Servicio de consulta de usuarios ejecutándose',)
18:37:48 - INF - get - ('Servicio de consulta de usuarios ejecutándose',)
18:37:49 - INF - get - ('Servicio de vista de todas las publicaciones ejecutándose',)
18:37:49 - INF - get - ('Servicio de vista de todas las publicaciones ejecutándose',)
18:38:43 - INF - get - ('Servicio de vista de todas las publicaciones ejecutándose',)
18:38:44 - INF - get - ('Servicio de vista de todas las publicaciones ejecutándose',)
18:38:55 - INF - get - ('Servicio de vista de todas las publicaciones ejecutándose',)
18:38:56 - INF - get - ('Servicio de vista de todas las publicaciones ejecutándose',)
18:38:57 - INF - get - ('Servicio de vista de todas las publicaciones ejecutándose',)
18:38:57 - INF - get - ('Servicio de vista de todas las publicaciones ejecutándose',)
18:38:58 - INF - get - ('Servicio de vista de todas las publicaciones ejecutándose',)
18:38:58 - INF - get - ('Servicio de vista de todas las publicaciones ejecutándose',)
18:38:59 - INF - get - ('Servicio de vista de todas las publicaciones ejecutándose',)
18:38:59 - INF - get - ('Servicio de vista de todas las publicaciones ejecutándose',)
18:38:59 - INF - get - ('Servicio de vista de todas las publicaciones ejecutándose',)
18:38:59 - INF - get - ('Servicio de vista de todas las publicaciones ejecutándose',)
18:39:00 - INF - get - ('Servicio de vista de todas las publicaciones ejecutándose',)
18:39:00 - INF - get - ('Servicio de vista de todas las publicaciones ejecutándose',)
18:39:01 - INF - get - ('Servicio de vista de todas las publicaciones ejecutándose',)
18:39:01 - INF - get - ('Servicio de vista de todas las publicaciones ejecutándose',)
18:39:02 - INF - get - ('Servicio de vista de todas las publicaciones ejecutándose',)
18:39:03 - INF - get - ('Servicio de vista de todas las publicaciones ejecutándose',)
18:39:04 - INF - get - ('Servicio de vista de todas las publicaciones ejecutándose',)
18:39:04 - INF - get - ('Servicio de vista de todas las publicaciones ejecutándose',)
18:39:05 - INF - get - ('Servicio de vista de todas las publicaciones ejecutándose',)
18:39:05 - INF - get - ('Servicio de vista de todas las publicaciones ejecutándose',)
18:39:06 - INF - get - ('Servicio de vista de todas las publicaciones ejecutándose',)
18:39:06 - INF - get - ('Servicio de vista de todas las publicaciones ejecutándose',)
18:39:10 - INF - get - ('Servicio para listar recursos ejecutándose',)
18:39:11 - INF - get - ('Servicio para listar recursos ejecutándose',)
18:39:13 - INF - get - ('Servicio de vista de todas las publicaciones ejecutándose',)
18:39:13 - INF - get - ('Servicio de vista de todas las publicaciones ejecutándose',)
18:39:17 - INF - get - ('Servicio para listar recursos ejecutándose',)
18:39:17 - INF - get - ('Servicio para listar recursos ejecutándose',)
18:39:20 - INF - get - ('Servicio de vista de todas las publicaciones ejecutándose',)
18:39:20 - INF - get - ('Servicio de vista de todas las publicaciones ejecutándose',)
18:39:21 - INF - get - ('Servicio para listar recursos ejecutándose',)
18:39:21 - INF - get - ('Servicio para listar recursos ejecutándose',)
18:39:22 - INF - get - ('Servicio de consulta de usuarios ejecutándose',)
18:39:22 - INF - get - ('Servicio de consulta de usuarios ejecutándose',)
18:39:32 - INF - get - ('Servicio para listar recursos ejecutándose',)
18:39:32 - INF - get - ('Servicio para listar recursos ejecutándose',)
18:40:06 - INF - get - ('Servicio de consulta de usuarios ejecutándose',)
18:40:06 - INF - get - ('Servicio de consulta de usuarios ejecutándose',)
18:40:07 - INF - get - ('Servicio para listar recursos ejecutándose',)
18:40:07 - INF - get - ('Servicio para listar recursos ejecutándose',)
18:40:09 - INF - get - ('Servicio de consulta de usuarios ejecutándose',)
18:40:09 - INF - get - ('Servicio de consulta de usuarios ejecutándose',)
18:40:36 - INF - get - ('Servicio de vista de todas las publicaciones ejecutándose',)
18:40:36 - INF - get - ('Servicio de vista de todas las publicaciones ejecutándose',)
18:40:38 - INF - get - ('Servicio de consulta de usuarios ejecutándose',)
18:40:38 - INF - get - ('Servicio de consulta de usuarios ejecutándose',)
18:40:43 - INF - get - ('Servicio para listar recursos ejecutándose',)
18:40:43 - INF - get - ('Servicio para listar recursos ejecutándose',)
18:40:44 - INF - get - ('Servicio de consulta de usuarios ejecutándose',)
18:40:44 - INF - get - ('Servicio de consulta de usuarios ejecutándose',)
18:40:45 - INF - get - ('Servicio para listar recursos ejecutándose',)
18:40:45 - INF - get - ('Servicio para listar recursos ejecutándose',)
18:40:48 - INF - get - ('Servicio de vista de todas las publicaciones ejecutándose',)
18:40:48 - INF - get - ('Servicio de vista de todas las publicaciones ejecutándose',)
18:41:00 - INF - get - ('Servicio para obtener comentarios ejecutándose',)
18:41:07 - INF - get - ('Servicio para obtener comentarios ejecutándose',)
18:41:09 - INF - get - ('Servicio para obtener comentarios ejecutándose',)
18:41:11 - INF - get - ('Servicio para obtener comentarios ejecutándose',)
18:41:15 - INF - get - ('Servicio de vista de todas las publicaciones ejecutándose',)
18:41:15 - INF - get - ('Servicio de vista de todas las publicaciones ejecutándose',)
18:41:20 - INF - get - ('Servicio para obtener comentarios ejecutándose',)
18:41:22 - INF - get - ('Servicio para obtener comentarios ejecutándose',)
18:41:24 - INF - get - ('Servicio para obtener comentarios ejecutándose',)
18:41:28 - INF - get - ('Servicio para obtener comentarios ejecutándose',)
18:41:28 - INF - get - ('Servicio para obtener comentarios ejecutándose',)
18:41:29 - INF - get - ('Servicio para obtener comentarios ejecutándose',)
18:41:34 - INF - post - ('Servicio de comentarios ejecutándose',)
18:41:34 - INF - get - ('Servicio para obtener comentarios ejecutándose',)
18:41:34 - INF - post - ('Servicio de comentarios ejecutándose',)
18:41:34 - INF - get - ('Servicio para obtener comentarios ejecutándose',)
18:41:43 - INF - post - ('Servicio de post, creación de publicaciones ejecutándose',)
18:41:43 - INF - create_post - ("Error en el componente de creación del post -> 'int' object is not subscriptable",)
18:41:43 - INF - get - ('Servicio de vista de todas las publicaciones ejecutándose',)
18:42:09 - INF - get - ('Servicio para listar recursos ejecutándose',)
18:42:09 - INF - get - ('Servicio para listar recursos ejecutándose',)
18:42:11 - INF - get - ('Servicio de vista de todas las publicaciones ejecutándose',)
18:42:11 - INF - get - ('Servicio de vista de todas las publicaciones ejecutándose',)
18:42:13 - INF - get - ('Servicio para listar recursos ejecutándose',)
18:42:14 - INF - get - ('Servicio para listar recursos ejecutándose',)
18:42:16 - INF - get - ('Servicio de consulta de usuarios ejecutándose',)
18:42:16 - INF - get - ('Servicio de consulta de usuarios ejecutándose',)
18:42:19 - INF - get - ('Servicio para listar recursos ejecutándose',)
18:42:19 - INF - get - ('Servicio para listar recursos ejecutándose',)
18:42:22 - INF - get - ('Servicio de consulta de usuarios ejecutándose',)
18:42:22 - INF - get - ('Servicio de consulta de usuarios ejecutándose',)
18:42:43 - INF - get - ('Servicio para listar recursos ejecutándose',)
18:42:43 - INF - get - ('Servicio para listar recursos ejecutándose',)
18:42:45 - INF - get - ('Servicio de consulta de usuarios ejecutándose',)
18:42:45 - INF - get - ('Servicio de consulta de usuarios ejecutándose',)
18:42:47 - INF - get - ('Servicio para listar recursos ejecutándose',)
18:42:47 - INF - get - ('Servicio para listar recursos ejecutándose',)
18:43:07 - INF - get - ('Servicio de vista de todas las publicaciones ejecutándose',)
18:43:07 - INF - get - ('Servicio de vista de todas las publicaciones ejecutándose',)
18:43:08 - INF - get - ('Servicio para listar recursos ejecutándose',)
18:43:08 - INF - get - ('Servicio para listar recursos ejecutándose',)
18:43:09 - INF - get - ('Servicio de consulta de usuarios ejecutándose',)
18:43:09 - INF - get - ('Servicio de consulta de usuarios ejecutándose',)
18:43:11 - INF - get - ('Servicio para listar recursos ejecutándose',)
18:43:11 - INF - get - ('Servicio para listar recursos ejecutándose',)
18:43:11 - INF - get - ('Servicio de consulta de usuarios ejecutándose',)
18:43:12 - INF - get - ('Servicio de consulta de usuarios ejecutándose',)
18:43:12 - INF - get - ('Servicio para listar recursos ejecutándose',)
18:43:12 - INF - get - ('Servicio para listar recursos ejecutándose',)
18:43:41 - INF - get - ('Servicio de consulta de usuarios ejecutándose',)
18:43:41 - INF - get - ('Servicio de consulta de usuarios ejecutándose',)
18:43:45 - INF - get - ('Servicio de vista de todas las publicaciones ejecutándose',)
18:43:45 - INF - get - ('Servicio de vista de todas las publicaciones ejecutándose',)
18:43:47 - INF - get - ('Servicio de consulta de usuarios ejecutándose',)
18:43:47 - INF - get - ('Servicio de consulta de usuarios ejecutándose',)
18:44:17 - INF - get - ('Servicio para listar recursos ejecutándose',)
18:44:17 - INF - get - ('Servicio para listar recursos ejecutándose',)
18:44:18 - INF - get - ('Servicio de consulta de usuarios ejecutándose',)
18:44:18 - INF - get - ('Servicio de consulta de usuarios ejecutándose',)
18:45:23 - INF - get - ('Servicio para listar recursos ejecutándose',)
18:45:23 - INF - get - ('Servicio para listar recursos ejecutándose',)
18:45:24 - INF - get - ('Servicio de consulta de usuarios ejecutándose',)
18:45:24 - INF - get - ('Servicio de consulta de usuarios ejecutándose',)
18:45:25 - INF - get - ('Servicio de vista de todas las publicaciones ejecutándose',)
18:45:25 - INF - get - ('Servicio de vista de todas las publicaciones ejecutándose',)
18:45:27 - INF - get - ('Servicio para listar recursos ejecutándose',)
18:45:27 - INF - get - ('Servicio para listar recursos ejecutándose',)
18:45:27 - INF - get - ('Servicio de consulta de usuarios ejecutándose',)
18:45:27 - INF - get - ('Servicio de consulta de usuarios ejecutándose',)
18:45:30 - INF - get - ('Servicio para listar recursos ejecutándose',)
18:45:30 - INF - get - ('Servicio para listar recursos ejecutándose',)
18:46:58 - INF - get - ('Servicio para listar recursos ejecutándose',)
18:47:00 - INF - get - ('Servicio para listar recursos ejecutándose',)
18:47:06 - INF - get - ('Servicio para listar recursos ejecutándose',)
18:47:19 - INF - get - ('Servicio de vista de todas las publicaciones ejecutándose',)
18:47:19 - INF - get - ('Servicio de vista de todas las publicaciones ejecutándose',)
18:48:18 - INF - get - ('Servicio para listar recursos ejecutándose',)
18:48:18 - INF - get - ('Servicio para listar recursos ejecutándose',)
18:48:19 - INF - get - ('Servicio de vista de todas las publicaciones ejecutándose',)
18:48:19 - INF - get - ('Servicio de vista de todas las publicaciones ejecutándose',)
18:48:20 - INF - get - ('Servicio para listar recursos ejecutándose',)
18:48:20 - INF - get - ('Servicio para listar recursos ejecutándose',)
18:48:21 - INF - get - ('Servicio de vista de todas las publicaciones ejecutándose',)
18:48:21 - INF - get - ('Servicio de vista de todas las publicaciones ejecutándose',)
18:48:23 - INF - get - ('Servicio para listar recursos ejecutándose',)
18:48:23 - INF - get - ('Servicio para listar recursos ejecutándose',)
18:48:30 - INF - get - ('Servicio de vista de todas las publicaciones ejecutándose',)
18:48:30 - INF - get - ('Servicio de vista de todas las publicaciones ejecutándose',)
18:48:36 - INF - get - ('Servicio de consulta de usuarios ejecutándose',)
18:48:36 - INF - get - ('Servicio de consulta de usuarios ejecutándose',)
18:49:16 - INF - get - ('Servicio de consulta de usuarios ejecutándose',)
18:49:20 - INF - get - ('Servicio de consulta de usuarios ejecutándose',)
18:49:20 - INF - get - ('Servicio de consulta de usuarios ejecutándose',)
18:49:34 - INF - get - ('Servicio para listar recursos ejecutándose',)
18:49:34 - INF - get - ('Servicio para listar recursos ejecutándose',)
18:49:41 - INF - get - ('Servicio de vista de todas las publicaciones ejecutándose',)
18:49:41 - INF - get - ('Servicio de vista de todas las publicaciones ejecutándose',)
18:49:44 - INF - get - ('Servicio para listar recursos ejecutándose',)
18:49:44 - INF - get - ('Servicio para listar recursos ejecutándose',)
18:49:45 - INF - get - ('Servicio de consulta de usuarios ejecutándose',)
18:49:45 - INF - get - ('Servicio de consulta de usuarios ejecutándose',)
18:49:52 - INF - get - ('Servicio de vista de todas las publicaciones ejecutándose',)
18:49:53 - INF - get - ('Servicio de vista de todas las publicaciones ejecutándose',)
18:51:30 - INF - get - ('Servicio de vista de todas las publicaciones ejecutándose',)
18:51:30 - INF - get - ('Servicio de vista de todas las publicaciones ejecutándose',)
18:52:04 - INF - get - ('Servicio para obtener comentarios ejecutándose',)
18:52:05 - INF - get - ('Servicio para obtener comentarios ejecutándose',)
18:52:07 - INF - get - ('Servicio para listar recursos ejecutándose',)
18:52:08 - INF - get - ('Servicio para listar recursos ejecutándose',)
18:52:10 - INF - get - ('Servicio de consulta de usuarios ejecutándose',)
18:52:10 - INF - token_validate - ('El token ha expirado.',)
18:52:10 - INF - get - ('Servicio de consulta de usuarios ejecutándose',)
18:52:10 - INF - token_validate - ('El token ha expirado.',)
18:59:27 - INF - <module> - ('Servicio Finalizado',)
18:59:27 - INF - <module> - ('Servicio Finalizado',)
21:40:08 - INF - <module> - ('Servicio Iniciado',)
21:40:09 - INF - <module> - ('Servicio Iniciado',)
21:40:58 - INF - post - ('Servicio de login ejecutandose',)
21:40:59 - INF - post - ('Servicio de login ejecutandose',)
21:41:00 - INF - post - ('Servicio de login ejecutandose',)
21:41:01 - INF - post - ('Servicio de login ejecutandose',)
21:41:01 - INF - post - ('Servicio de login ejecutandose',)
21:41:02 - INF - post - ('Servicio de login ejecutandose',)
21:41:02 - INF - get - ('Servicio de vista de todas las publicaciones ejecutándose',)
21:41:05 - INF - get - ('Servicio para listar recursos ejecutándose',)
21:41:06 - INF - get - ('Servicio de consulta de usuarios ejecutándose',)
21:41:07 - INF - get - ('Servicio para listar recursos ejecutándose',)
21:41:29 - INF - get - ('Servicio de consulta de usuarios ejecutándose',)
21:41:31 - INF - get - ('Servicio de vista de todas las publicaciones ejecutándose',)
21:41:42 - INF - get - ('Servicio de vista de todas las publicaciones ejecutándose',)
21:43:10 - INF - get - ('Servicio de vista de todas las publicaciones ejecutándose',)
21:43:10 - INF - get - ('Servicio de vista de todas las publicaciones ejecutándose',)
21:43:10 - INF - get - ('Servicio de vista de todas las publicaciones ejecutándose',)
21:43:10 - INF - get - ('Servicio de vista de todas las publicaciones ejecutándose',)
21:43:18 - INF - post - ('Servicio de login ejecutandose',)
21:43:18 - INF - get - ('Servicio de vista de todas las publicaciones ejecutándose',)
21:43:18 - INF - get - ('Servicio de vista de todas las publicaciones ejecutándose',)
21:43:20 - INF - get - ('Servicio para listar recursos ejecutándose',)
21:43:20 - INF - get - ('Servicio para listar recursos ejecutándose',)
21:43:43 - INF - get - ('Servicio de vista de todas las publicaciones ejecutándose',)
21:43:43 - INF - get - ('Servicio de vista de todas las publicaciones ejecutándose',)
21:44:08 - INF - get - ('Servicio para obtener comentarios ejecutándose',)
22:10:21 - INF - get - ('Servicio para listar recursos ejecutándose',)
22:10:21 - INF - get - ('Servicio para listar recursos ejecutándose',)
22:10:22 - INF - get - ('Servicio de consulta de usuarios ejecutándose',)
22:10:22 - INF - token_validate - ('El token ha expirado.',)
22:10:22 - INF - get - ('Servicio de consulta de usuarios ejecutándose',)
22:10:22 - INF - token_validate - ('El token ha expirado.',)
22:10:23 - INF - get - ('Servicio para listar recursos ejecutándose',)
22:10:23 - INF - get - ('Servicio para listar recursos ejecutándose',)
22:10:23 - INF - get - ('Servicio de vista de todas las publicaciones ejecutándose',)
22:10:23 - INF - get - ('Servicio de vista de todas las publicaciones ejecutándose',)
22:10:24 - INF - get - ('Servicio para listar recursos ejecutándose',)
22:10:24 - INF - get - ('Servicio para listar recursos ejecutándose',)
22:10:25 - INF - get - ('Servicio de vista de todas las publicaciones ejecutándose',)
22:10:25 - INF - get - ('Servicio de vista de todas las publicaciones ejecutándose',)
22:10:26 - INF - get - ('Servicio de consulta de usuarios ejecutándose',)
22:10:26 - INF - token_validate - ('El token ha expirado.',)
22:10:26 - INF - get - ('Servicio de consulta de usuarios ejecutándose',)
22:10:26 - INF - token_validate - ('El token ha expirado.',)
22:10:27 - INF - get - ('Servicio para listar recursos ejecutándose',)
22:10:27 - INF - get - ('Servicio para listar recursos ejecutándose',)
22:10:27 - INF - get - ('Servicio de vista de todas las publicaciones ejecutándose',)
22:10:27 - INF - get - ('Servicio de vista de todas las publicaciones ejecutándose',)
22:10:33 - INF - get - ('Servicio para obtener comentarios ejecutándose',)
22:10:45 - INF - post - ('Servicio de login ejecutandose',)
22:10:45 - INF - get - ('Servicio de vista de todas las publicaciones ejecutándose',)
22:10:45 - INF - get - ('Servicio de vista de todas las publicaciones ejecutándose',)
22:10:54 - INF - get - ('Servicio para listar recursos ejecutándose',)
22:10:55 - INF - get - ('Servicio para listar recursos ejecutándose',)
22:17:52 - INF - <module> - ('Servicio Finalizado',)
22:17:53 - INF - <module> - ('Servicio Iniciado',)
22:18:53 - INF - <module> - ('Servicio Finalizado',)
22:18:53 - INF - <module> - ('Servicio Iniciado',)
22:39:39 - INF - <module> - ('Servicio Finalizado',)
22:39:39 - INF - <module> - ('Servicio Finalizado',)
