23:22:07 - INF - <module> - ('Servicio Iniciado',)
23:22:08 - INF - <module> - ('Servicio Iniciado',)
23:23:41 - INF - get - ('Servicio de usuario actual ejecutándose',)
23:23:41 - INF - get - ('Token recibido: Sí',)
23:23:41 - INF - get - ('Token limpiado: eyJhbGciOiJIUzI1NiIs...',)
23:23:41 - INF - token_validate - ('El token ha expirado.',)
23:23:41 - INF - get - ('Token válido: False',)
23:23:41 - INF - get - ('Servicio de vista de todas las publicaciones ejecutándose',)
23:23:41 - INF - get - ('Servicio de usuario actual ejecutándose',)
23:23:41 - INF - get - ('Token recibido: Sí',)
23:23:41 - INF - get - ('Token limpiado: eyJhbGciOiJIUzI1NiIs...',)
23:23:41 - INF - token_validate - ('El token ha expirado.',)
23:23:41 - INF - get - ('Token válido: False',)
23:23:42 - INF - get - ('Servicio de vista de todas las publicaciones ejecutándose',)
23:25:09 - INF - post - ('Servicio de login ejecutandose',)
23:25:14 - INF - post - ('Servicio de login ejecutandose',)
23:25:14 - INF - token_generate - ('Token generado para usuario: admin',)
23:25:14 - INF - token_generate - ('Token generado para usuario: admin',)
23:25:15 - INF - get - ('Servicio de vista de todas las publicaciones ejecutándose',)
23:25:15 - INF - get - ('Servicio de usuario actual ejecutándose',)
23:25:15 - INF - get - ('Servicio de vista de todas las publicaciones ejecutándose',)
23:25:15 - INF - get - ('Token recibido: Sí',)
23:25:15 - INF - get - ('Token limpiado: eyJhbGciOiJIUzI1NiIs...',)
23:25:15 - INF - get - ('Token válido: True',)
23:25:15 - INF - get - ('Resultado decodificación: True',)
23:25:15 - INF - get - ('user_id en token: 1',)
23:25:15 - INF - get - ('Resultado BD: True',)
23:25:15 - INF - get - ('Usuario encontrado: admin',)
23:25:42 - INF - post - ('Servicio de login ejecutandose',)
23:25:42 - INF - token_generate - ('Token generado para usuario: empresa1',)
23:25:43 - INF - get - ('Servicio de vista de todas las publicaciones ejecutándose',)
23:25:43 - INF - get - ('Servicio de usuario actual ejecutándose',)
23:25:43 - INF - get - ('Token recibido: Sí',)
23:25:43 - INF - get - ('Token limpiado: eyJhbGciOiJIUzI1NiIs...',)
23:25:43 - INF - get - ('Token válido: True',)
23:25:43 - INF - get - ('Resultado decodificación: True',)
23:25:43 - INF - get - ('user_id en token: 3',)
23:25:43 - INF - get - ('Servicio de vista de todas las publicaciones ejecutándose',)
23:25:43 - INF - get - ('Resultado BD: True',)
23:25:43 - INF - get - ('Usuario encontrado: empresa1',)
23:25:51 - INF - get - ('Servicio para catálogos de vacantes ejecutándose',)
23:25:51 - INF - get - ('Servicio para catálogos de vacantes ejecutándose',)
23:29:07 - INF - post - ('Servicio para creación de vacantes ejecutándose',)
23:29:07 - INF - create_vacancy - ("Error en la creación de la vacante -> 'int' object is not subscriptable",)
23:44:38 - INF - <module> - ('Servicio Finalizado',)
23:44:38 - INF - <module> - ('Servicio Iniciado',)
23:44:41 - INF - <module> - ('Servicio Finalizado',)
23:44:42 - INF - <module> - ('Servicio Iniciado',)
23:44:44 - INF - <module> - ('Servicio Finalizado',)
23:44:45 - INF - <module> - ('Servicio Finalizado',)
23:45:58 - INF - <module> - ('Servicio Iniciado',)
23:45:59 - INF - <module> - ('Servicio Iniciado',)
23:46:06 - INF - get - ('Servicio de usuario actual ejecutándose',)
23:46:06 - INF - get - ('Token recibido: Sí',)
23:46:06 - INF - get - ('Token limpiado: eyJhbGciOiJIUzI1NiIs...',)
23:46:06 - INF - token_validate - ('El token ha expirado.',)
23:46:06 - INF - get - ('Token válido: False',)
23:46:06 - INF - get - ('Servicio de vista de todas las publicaciones ejecutándose',)
23:46:06 - INF - get - ('Servicio de usuario actual ejecutándose',)
23:46:06 - INF - get - ('Token recibido: Sí',)
23:46:06 - INF - get - ('Token limpiado: eyJhbGciOiJIUzI1NiIs...',)
23:46:06 - INF - token_validate - ('El token ha expirado.',)
23:46:06 - INF - get - ('Token válido: False',)
23:46:07 - INF - get - ('Servicio de vista de todas las publicaciones ejecutándose',)
23:46:19 - INF - post - ('Servicio de login ejecutandose',)
23:46:19 - INF - token_generate - ('Token generado para usuario: empresa1',)
23:46:19 - INF - get - ('Servicio de vista de todas las publicaciones ejecutándose',)
23:46:19 - INF - get - ('Servicio de usuario actual ejecutándose',)
23:46:19 - INF - get - ('Token recibido: Sí',)
23:46:19 - INF - get - ('Token limpiado: eyJhbGciOiJIUzI1NiIs...',)
23:46:19 - INF - get - ('Token válido: True',)
23:46:19 - INF - get - ('Resultado decodificación: True',)
23:46:19 - INF - get - ('user_id en token: 3',)
23:46:19 - INF - get - ('Resultado BD: True',)
23:46:19 - INF - get - ('Usuario encontrado: empresa1',)
23:46:19 - INF - get - ('Servicio de vista de todas las publicaciones ejecutándose',)
23:46:21 - INF - get - ('Servicio para catálogos de vacantes ejecutándose',)
23:46:22 - INF - get - ('Servicio para catálogos de vacantes ejecutándose',)
23:48:32 - INF - post - ('Servicio para creación de vacantes ejecutándose',)
23:58:47 - INF - <module> - ('Servicio Finalizado',)
23:58:48 - INF - <module> - ('Servicio Iniciado',)
23:58:50 - INF - <module> - ('Servicio Finalizado',)
23:58:51 - INF - <module> - ('Servicio Iniciado',)
23:58:56 - INF - <module> - ('Servicio Finalizado',)
23:58:57 - INF - <module> - ('Servicio Iniciado',)
