16:13:07 - INF - <module> - ('Servicio Iniciado',)
16:13:08 - INF - <module> - ('Servicio Iniciado',)
16:14:35 - INF - get - ('Servicio de vista de todas las publicaciones ejecutándose',)
16:14:35 - INF - get - ('Servicio de usuario actual ejecutándose',)
16:14:35 - INF - get - ('Token recibido: Sí',)
16:14:35 - INF - get - ('Token limpiado: eyJhbGciOiJIUzI1NiIs...',)
16:14:35 - INF - token_validate - ('El token ha expirado.',)
16:14:35 - INF - get - ('Token válido: False',)
16:14:35 - INF - get - ('Servicio de usuario actual ejecutándose',)
16:14:35 - INF - get - ('Token recibido: Sí',)
16:14:35 - INF - get - ('Token limpiado: eyJhbGciOiJIUzI1NiIs...',)
16:14:35 - INF - token_validate - ('El token ha expirado.',)
16:14:35 - INF - get - ('Token válido: False',)
16:14:36 - INF - get - ('Servicio de vista de todas las publicaciones ejecutándose',)
16:14:50 - INF - post - ('Servicio de olvido de contraseña ejecutándose',)
16:15:08 - INF - post - ('Servicio de login ejecutandose',)
16:15:11 - INF - post - ('Servicio de login ejecutandose',)
16:15:13 - INF - token_generate - ('Token generado para usuario: empresa1',)
16:15:13 - INF - token_generate - ('Token generado para usuario: empresa1',)
16:15:13 - INF - get - ('Servicio de vista de todas las publicaciones ejecutándose',)
16:15:13 - INF - get - ('Servicio de usuario actual ejecutándose',)
16:15:13 - INF - get - ('Token recibido: Sí',)
16:15:13 - INF - get - ('Token limpiado: eyJhbGciOiJIUzI1NiIs...',)
16:15:13 - INF - get - ('Token válido: True',)
16:15:13 - INF - get - ('Resultado decodificación: True',)
16:15:13 - INF - get - ('user_id en token: 3',)
16:15:13 - INF - get - ('Servicio de vista de todas las publicaciones ejecutándose',)
16:15:13 - INF - get - ('Resultado BD: True',)
16:15:13 - INF - get - ('Usuario encontrado: empresa1',)
16:15:23 - INF - get - ('Servicio para catálogos de vacantes ejecutándose',)
16:15:24 - INF - get - ('Servicio para catálogos de vacantes ejecutándose',)
16:19:34 - INF - post - ('Servicio para creación de vacantes ejecutándose',)
16:19:35 - INF - create_vacancy - ("Error en la creación de la vacante -> 'int' object is not subscriptable",)
16:19:51 - INF - get - ('Servicio de vista de todas las publicaciones ejecutándose',)
16:19:51 - INF - get - ('Servicio de vista de todas las publicaciones ejecutándose',)
16:20:04 - INF - get - ('Servicio de vista de todas las publicaciones ejecutándose',)
16:20:13 - INF - get - ('Servicio de consulta de usuarios ejecutándose',)
16:20:14 - INF - get - ('Servicio de consulta de usuarios ejecutándose',)
16:20:22 - INF - get - ('Servicio de visualización de conversación ejecutándose',)
16:20:22 - INF - get - ('Faltan parámetros obligatorios en el query',)
16:20:22 - INF - get - ('Servicio de visualización de conversación ejecutándose',)
16:20:22 - INF - get - ('Faltan parámetros obligatorios en el query',)
16:20:24 - INF - get - ('Servicio para listar recursos ejecutándose',)
16:20:25 - INF - get - ('Servicio para listar recursos ejecutándose',)
16:20:26 - INF - get - ('Servicio para catálogos de vacantes ejecutándose',)
16:20:27 - INF - get - ('Servicio para catálogos de vacantes ejecutándose',)
16:20:28 - INF - get - ('Servicio de visualización de conversación ejecutándose',)
16:20:28 - INF - get - ('Faltan parámetros obligatorios en el query',)
16:20:29 - INF - get - ('Servicio de visualización de conversación ejecutándose',)
16:20:29 - INF - get - ('Faltan parámetros obligatorios en el query',)
16:20:29 - INF - get - ('Servicio de vista de todas las publicaciones ejecutándose',)
16:20:29 - INF - get - ('Servicio de vista de todas las publicaciones ejecutándose',)
16:20:43 - INF - <module> - ('Servicio Finalizado',)
16:20:43 - INF - <module> - ('Servicio Finalizado',)
18:22:03 - INF - <module> - ('Servicio Iniciado',)
18:22:04 - INF - <module> - ('Servicio Iniciado',)
18:22:54 - INF - get - ('Servicio de vista de todas las publicaciones ejecutándose',)
18:22:54 - INF - get - ('Servicio de usuario actual ejecutándose',)
18:22:54 - INF - get - ('Token recibido: Sí',)
18:22:54 - INF - get - ('Token limpiado: eyJhbGciOiJIUzI1NiIs...',)
18:22:54 - INF - token_validate - ('El token ha expirado.',)
18:22:54 - INF - get - ('Token válido: False',)
18:22:54 - INF - get - ('Servicio de usuario actual ejecutándose',)
18:22:54 - INF - get - ('Token recibido: Sí',)
18:22:54 - INF - get - ('Token limpiado: eyJhbGciOiJIUzI1NiIs...',)
18:22:54 - INF - token_validate - ('El token ha expirado.',)
18:22:54 - INF - get - ('Token válido: False',)
18:22:54 - INF - get - ('Servicio de vista de todas las publicaciones ejecutándose',)
18:23:07 - INF - post - ('Servicio de login ejecutandose',)
18:23:08 - INF - post - ('Servicio de login ejecutandose',)
18:23:08 - INF - token_generate - ('Token generado para usuario: empresa1',)
18:23:08 - INF - token_generate - ('Token generado para usuario: empresa1',)
18:23:09 - INF - get - ('Servicio de vista de todas las publicaciones ejecutándose',)
18:23:09 - INF - get - ('Servicio de usuario actual ejecutándose',)
18:23:09 - INF - get - ('Token recibido: Sí',)
18:23:09 - INF - get - ('Token limpiado: eyJhbGciOiJIUzI1NiIs...',)
18:23:09 - INF - get - ('Token válido: True',)
18:23:09 - INF - get - ('Resultado decodificación: True',)
18:23:09 - INF - get - ('user_id en token: 3',)
18:23:09 - INF - get - ('Resultado BD: True',)
18:23:09 - INF - get - ('Usuario encontrado: empresa1',)
18:23:09 - INF - get - ('Servicio de vista de todas las publicaciones ejecutándose',)
18:23:12 - INF - get - ('Servicio para catálogos de vacantes ejecutándose',)
18:23:12 - INF - get - ('Servicio para catálogos de vacantes ejecutándose',)
18:23:20 - INF - get - ('Servicio de vista de todas las publicaciones ejecutándose',)
18:23:20 - INF - get - ('Servicio de vista de todas las publicaciones ejecutándose',)
18:23:27 - INF - get - ('Servicio para catálogos de vacantes ejecutándose',)
18:23:28 - INF - get - ('Servicio para catálogos de vacantes ejecutándose',)
18:23:51 - INF - get - ('Servicio de consulta de usuarios ejecutándose',)
18:23:51 - INF - get - ('Servicio de consulta de usuarios ejecutándose',)
18:23:54 - INF - get - ('Servicio para listar recursos ejecutándose',)
18:23:54 - INF - get - ('Servicio para listar recursos ejecutándose',)
18:23:55 - INF - get - ('Servicio de visualización de conversación ejecutándose',)
18:23:55 - INF - get - ('Faltan parámetros obligatorios en el query',)
18:23:55 - INF - get - ('Servicio de visualización de conversación ejecutándose',)
18:23:55 - INF - get - ('Faltan parámetros obligatorios en el query',)
18:24:04 - INF - post - ('Servicio de olvido de contraseña ejecutándose',)
18:24:14 - INF - post - ('Servicio de login ejecutandose',)
18:24:14 - INF - token_generate - ('Token generado para usuario: admin',)
18:24:14 - INF - get - ('Servicio de visualización de conversación ejecutándose',)
18:24:14 - INF - get - ('Faltan parámetros obligatorios en el query',)
18:24:14 - INF - get - ('Servicio de usuario actual ejecutándose',)
18:24:14 - INF - get - ('Token recibido: Sí',)
18:24:14 - INF - get - ('Token limpiado: eyJhbGciOiJIUzI1NiIs...',)
18:24:14 - INF - get - ('Token válido: True',)
18:24:14 - INF - get - ('Resultado decodificación: True',)
18:24:14 - INF - get - ('user_id en token: 1',)
18:24:15 - INF - get - ('Resultado BD: True',)
18:24:15 - INF - get - ('Usuario encontrado: admin',)
18:24:15 - INF - get - ('Servicio de visualización de conversación ejecutándose',)
18:24:15 - INF - get - ('Faltan parámetros obligatorios en el query',)
18:24:15 - INF - get - ('Servicio de visualización de conversación ejecutándose',)
18:24:15 - INF - get - ('Faltan parámetros obligatorios en el query',)
18:24:17 - INF - get - ('Servicio para catálogos de vacantes ejecutándose',)
18:24:18 - INF - get - ('Servicio de vista de todas las publicaciones ejecutándose',)
18:24:18 - INF - get - ('Servicio para catálogos de vacantes ejecutándose',)
18:24:18 - INF - get - ('Servicio de vista de todas las publicaciones ejecutándose',)
18:24:19 - INF - get - ('Servicio para listar recursos ejecutándose',)
e',)
18:24:19 - INF - get - ('Servicio para listar recursos ejecutándose',)
18:24:20 - INF - get - ('Servicio para catálogos de vacantes ejecutándose',)
18:24:20 - INF - get - ('Servicio de vista de todas las publicaciones ejecutándose',)
18:24:20 - INF - get - ('Servicio de vista de todas las publicaciones ejecutándose',)
18:24:20 - INF - get - ('Servicio para catálogos de vacantes ejecutándose',)
18:24:21 - INF - get - ('Servicio para catálogos de vacantes ejecutándose',)
18:24:22 - INF - get - ('Servicio para catálogos de vacantes ejecutándose',)
18:24:22 - INF - get - ('Servicio para catálogos de vacantes ejecutándose',)
18:24:24 - INF - get - ('Servicio para listar recursos ejecutándose',)
18:24:24 - INF - get - ('Servicio para listar recursos ejecutándose',)
18:24:25 - INF - get - ('Servicio de consulta de usuarios ejecutándose',)
18:24:26 - INF - get - ('Servicio de consulta de usuarios ejecutándose',)
18:24:26 - INF - get - ('Servicio de visualización de conversación ejecutándose',)
18:24:26 - INF - get - ('Faltan parámetros obligatorios en el query',)
18:24:26 - INF - get - ('Servicio de visualización de conversación ejecutándose',)
18:24:26 - INF - get - ('Faltan parámetros obligatorios en el query',)
18:24:27 - INF - get - ('Servicio de consulta de usuarios ejecutándose',)
18:24:27 - INF - get - ('Servicio de consulta de usuarios ejecutándose',)
18:24:29 - INF - get - ('Servicio de vista de todas las publicaciones ejecutándose',)
18:24:29 - INF - get - ('Servicio de vista de todas las publicaciones ejecutándose',)
18:24:38 - INF - post - ('Servicio de post, creación de publicaciones ejecutándose',)
18:24:38 - INF - create_post - ("Error en el componente de creación del post -> 'int' object is not subscriptable",)
18:24:38 - INF - get - ('Servicio de vista de todas las publicaciones ejecutándose',)
18:24:42 - INF - get - ('Servicio para catálogos de vacantes ejecutándose',)
18:24:43 - INF - get - ('Servicio para catálogos de vacantes ejecutándose',)
18:24:44 - INF - get - ('Servicio de vista de todas las publicaciones ejecutándose',)
18:24:44 - INF - get - ('Servicio de vista de todas las publicaciones ejecutándose',)
19:01:56 - INF - get - ('Servicio para catálogos de vacantes ejecutándose',)
19:01:56 - INF - get - ('Servicio para catálogos de vacantes ejecutándose',)
19:37:08 - INF - get - ('Servicio de vista de todas las publicaciones ejecutándose',)
19:37:08 - INF - get - ('Servicio de vista de todas las publicaciones ejecutándose',)
19:37:10 - INF - get - ('Servicio para catálogos de vacantes ejecutándose',)
19:37:10 - INF - get - ('Servicio para catálogos de vacantes ejecutándose',)
19:37:12 - INF - get - ('Servicio de consulta de usuarios ejecutándose',)
19:37:12 - INF - token_validate - ('El token ha expirado.',)
19:37:12 - INF - get - ('Servicio de consulta de usuarios ejecutándose',)
19:37:12 - INF - token_validate - ('El token ha expirado.',)
19:37:23 - INF - post - ('Servicio de login ejecutandose',)
19:37:23 - INF - token_generate - ('Token generado para usuario: empresa1',)
19:37:23 - INF - get - ('Servicio de consulta de usuarios ejecutándose',)
19:37:24 - INF - get - ('Servicio de usuario actual ejecutándose',)
19:37:24 - INF - get - ('Token recibido: Sí',)
19:37:24 - INF - get - ('Token limpiado: eyJhbGciOiJIUzI1NiIs...',)
19:37:24 - INF - get - ('Token válido: True',)
19:37:24 - INF - get - ('Resultado decodificación: True',)
19:37:24 - INF - get - ('user_id en token: 3',)
19:37:24 - INF - get - ('Resultado BD: True',)
19:37:24 - INF - get - ('Usuario encontrado: empresa1',)
19:37:24 - INF - get - ('Servicio de consulta de usuarios ejecutándose',)
19:37:29 - INF - get - ('Servicio para catálogos de vacantes ejecutándose',)
19:37:29 - INF - get - ('Servicio para catálogos de vacantes ejecutándose',)
19:38:01 - INF - post - ('Servicio para creación de vacantes ejecutándose',)
19:38:02 - INF - create_vacancy - ("Error en la creación de la vacante -> 'int' object is not subscriptable",)
19:38:07 - INF - get - ('Servicio para listar recursos ejecutándose',)
19:38:08 - INF - get - ('Servicio para listar recursos ejecutándose',)
19:38:10 - INF - get - ('Servicio de vista de todas las publicaciones ejecutándose',)
19:38:10 - INF - get - ('Servicio de vista de todas las publicaciones ejecutándose',)
19:38:21 - INF - post - ('Servicio de post, creación de publicaciones ejecutándose',)
19:38:21 - INF - create_post - ("Error en el componente de creación del post -> 'int' object is not subscriptable",)
19:38:21 - INF - get - ('Servicio de vista de todas las publicaciones ejecutándose',)
19:38:27 - INF - post - ('Servicio de comentarios ejecutándose',)
19:38:28 - INF - get - ('Servicio para obtener comentarios ejecutándose',)
19:38:31 - INF - get - ('Servicio para obtener comentarios ejecutándose',)
19:38:58 - INF - get - ('Servicio para catálogos de vacantes ejecutándose',)
19:38:58 - INF - get - ('Servicio para catálogos de vacantes ejecutándose',)
19:39:16 - INF - get - ('Servicio de vista de todas las publicaciones ejecutándose',)
19:39:16 - INF - get - ('Servicio de vista de todas las publicaciones ejecutándose',)
19:39:44 - INF - get - ('Servicio para catálogos de vacantes ejecutándose',)
19:39:44 - INF - get - ('Servicio para catálogos de vacantes ejecutándose',)
