15:47:01 - INF - <module> - ('Servicio MatchPP API Iniciado',)
15:47:02 - INF - <module> - ('Servicio MatchPP API Iniciado',)
15:48:08 - INF - post - ('Servicio de login ejecutandose',)
15:49:21 - INF - <module> - ('Servicio MatchPP API Finalizado',)
15:49:22 - INF - <module> - ('Servicio MatchPP API Iniciado',)
15:49:49 - INF - post - ('Servicio de login ejecutandose',)
15:49:49 - INF - Login - ('Error al ejecutar Login -> could not translate host name "db.ikvcqliynfkdjncnquje.supabase.co" to address: Name or service not known\n',)
15:50:12 - INF - <module> - ('Servicio MatchPP API Finalizado',)
15:50:12 - INF - <module> - ('Servicio MatchPP API Finalizado',)
15:50:15 - INF - <module> - ('Servicio MatchPP API Iniciado',)
15:50:15 - INF - <module> - ('Servicio MatchPP API Iniciado',)
15:50:30 - INF - post - ('Servicio de login ejecutandose',)
15:50:30 - INF - Login - ('Error al ejecutar Login -> could not translate host name "db.ikvcqliynfkdjncnquje.supabase.co" to address: Name or service not known\n',)
15:52:11 - INF - <module> - ('Servicio MatchPP API Finalizado',)
15:52:11 - INF - <module> - ('Servicio MatchPP API Finalizado',)
15:52:13 - INF - <module> - ('Servicio MatchPP API Iniciado',)
15:52:13 - INF - <module> - ('Servicio MatchPP API Iniciado',)
15:52:17 - INF - post - ('Servicio de login ejecutandose',)
15:52:18 - INF - Login - ('Error al ejecutar Login -> connection to server at "aws-0-us-east-1.pooler.supabase.com" (44.216.29.125), port 6543 failed: FATAL:  Tenant or user not found\nconnection to server at "aws-0-us-east-1.pooler.supabase.com" (44.216.29.125), port 6543 failed: FATAL:  Tenant or user not found\n',)
16:16:21 - INF - post - ('Servicio de login ejecutandose',)
16:16:22 - INF - Login - ('Error al ejecutar Login -> connection to server at "aws-0-us-east-1.pooler.supabase.com" (44.208.221.186), port 6543 failed: FATAL:  Tenant or user not found\nconnection to server at "aws-0-us-east-1.pooler.supabase.com" (44.208.221.186), port 6543 failed: FATAL:  Tenant or user not found\n',)
17:03:36 - INF - <module> - ('Servicio MatchPP API Finalizado',)
17:03:36 - INF - <module> - ('Servicio MatchPP API Finalizado',)
17:03:39 - INF - <module> - ('Servicio MatchPP API Iniciado',)
17:03:39 - INF - <module> - ('Servicio MatchPP API Iniciado',)
17:03:45 - INF - post - ('Servicio de login ejecutandose',)
17:04:03 - INF - post - ('Servicio de login ejecutandose',)
17:20:26 - INF - post - ('Servicio de login ejecutandose',)
17:20:30 - INF - token_generate - ('Token generado para usuario: admin',)
17:23:08 - INF - post - ('Servicio de login ejecutandose',)
17:23:09 - INF - token_generate - ('Token generado para usuario: bryan.galarza',)
17:24:23 - INF - <module> - ('Servicio MatchPP API Finalizado',)
17:24:23 - INF - <module> - ('Servicio MatchPP API Finalizado',)
