15:51:41 - INF - <module> - ('Servicio Iniciado',)
15:51:42 - INF - <module> - ('Servicio Iniciado',)
15:57:10 - INF - post - ('Servicio de login ejecutandose',)
15:57:19 - INF - token_generate - ('Token generado para usuario: admin',)
15:57:19 - INF - get - ('Servicio de vista de todas las publicaciones ejecutándose',)
15:57:20 - INF - get - ('Servicio de usuario actual ejecutándose',)
15:57:20 - INF - get - ('Token recibido: Sí',)
15:57:20 - INF - get - ('Token limpiado: eyJhbGciOiJIUzI1NiIs...',)
15:57:20 - INF - get - ('Token válido: True',)
15:57:20 - INF - get - ('Resultado decodificación: True',)
15:57:20 - INF - get - ('user_id en token: 1',)
15:57:20 - INF - get - ('Resultado BD: True',)
15:57:20 - INF - get - ('Usuario encontrado: admin',)
15:57:20 - INF - get - ('Servicio de vista de todas las publicaciones ejecutándose',)
15:57:28 - INF - get - ('Servicio para listar recursos ejecutándose',)
15:57:28 - INF - get - ('Servicio para listar recursos ejecutándose',)
15:57:31 - INF - get - ('Servicio de consulta de usuarios ejecutándose',)
15:57:31 - INF - get - ('Servicio de consulta de usuarios ejecutándose',)
15:57:42 - INF - get - ('Servicio de consulta de usuarios ejecutándose',)
15:57:42 - INF - get - ('Servicio de consulta de usuarios ejecutándose',)
15:57:43 - INF - get - ('Servicio para listar recursos ejecutándose',)
15:57:44 - INF - get - ('Servicio para listar recursos ejecutándose',)
15:57:45 - INF - get - ('Servicio de vista de todas las publicaciones ejecutándose',)
15:57:45 - INF - get - ('Servicio de vista de todas las publicaciones ejecutándose',)
15:57:46 - INF - get - ('Servicio para listar recursos ejecutándose',)
15:57:46 - INF - get - ('Servicio para listar recursos ejecutándose',)
15:57:47 - INF - get - ('Servicio de consulta de usuarios ejecutándose',)
15:57:48 - INF - get - ('Servicio de consulta de usuarios ejecutándose',)
15:57:52 - INF - get - ('Servicio de vista de todas las publicaciones ejecutándose',)
15:57:52 - INF - get - ('Servicio de vista de todas las publicaciones ejecutándose',)
15:59:30 - INF - post - ('Servicio de login ejecutandose',)
15:59:30 - INF - token_generate - ('Token generado para usuario: admin',)
15:59:31 - INF - get - ('Servicio de vista de todas las publicaciones ejecutándose',)
15:59:31 - INF - get - ('Servicio de vista de todas las publicaciones ejecutándose',)
15:59:37 - INF - get - ('Servicio para listar recursos ejecutándose',)
15:59:38 - INF - get - ('Servicio para listar recursos ejecutándose',)
15:59:38 - INF - get - ('Servicio de consulta de usuarios ejecutándose',)
15:59:38 - INF - token_validate - ('Token inválido: [object Object]',)
15:59:39 - INF - get - ('Servicio de consulta de usuarios ejecutándose',)
15:59:39 - INF - token_validate - ('Token inválido: [object Object]',)
15:59:55 - INF - get - ('Servicio para listar recursos ejecutándose',)
15:59:55 - INF - get - ('Servicio para listar recursos ejecutándose',)
15:59:58 - INF - get - ('Servicio de vista de todas las publicaciones ejecutándose',)
15:59:59 - INF - get - ('Servicio de vista de todas las publicaciones ejecutándose',)
16:02:51 - INF - get - ('Servicio de vista de todas las publicaciones ejecutándose',)
16:02:51 - INF - get - ('Servicio de usuario actual ejecutándose',)
16:02:51 - INF - get - ('Token recibido: Sí',)
16:02:51 - INF - get - ('Token limpiado: eyJhbGciOiJIUzI1NiIs...',)
16:02:52 - INF - get - ('Token válido: True',)
16:02:52 - INF - get - ('Resultado decodificación: True',)
16:02:52 - INF - get - ('user_id en token: 1',)
16:02:52 - INF - get - ('Servicio de vista de todas las publicaciones ejecutándose',)
16:02:52 - INF - get - ('Resultado BD: True',)
16:02:52 - INF - get - ('Usuario encontrado: admin',)
16:02:52 - INF - get - ('Servicio de usuario actual ejecutándose',)
16:02:52 - INF - get - ('Token recibido: Sí',)
16:02:52 - INF - get - ('Token limpiado: eyJhbGciOiJIUzI1NiIs...',)
16:02:52 - INF - get - ('Token válido: True',)
16:02:52 - INF - get - ('Resultado decodificación: True',)
16:02:52 - INF - get - ('user_id en token: 1',)
16:02:52 - INF - get - ('Resultado BD: True',)
16:02:52 - INF - get - ('Usuario encontrado: admin',)
16:06:25 - INF - get - ('Servicio de vista de todas las publicaciones ejecutándose',)
16:06:26 - INF - get - ('Servicio de vista de todas las publicaciones ejecutándose',)
16:06:35 - INF - get - ('Servicio de vista de todas las publicaciones ejecutándose',)
16:06:35 - INF - get - ('Servicio de vista de todas las publicaciones ejecutándose',)
16:06:52 - INF - get - ('Servicio de vista de todas las publicaciones ejecutándose',)
16:06:52 - INF - get - ('Servicio de vista de todas las publicaciones ejecutándose',)
16:09:47 - INF - get - ('Servicio de vista de todas las publicaciones ejecutándose',)
16:09:47 - INF - get - ('Servicio de vista de todas las publicaciones ejecutándose',)
16:12:36 - INF - get - ('Servicio de vista de todas las publicaciones ejecutándose',)
16:12:36 - INF - get - ('Servicio de vista de todas las publicaciones ejecutándose',)
16:12:52 - INF - get - ('Servicio para listar recursos ejecutándose',)
16:12:52 - INF - get - ('Servicio para listar recursos ejecutándose',)
16:12:56 - INF - get - ('Servicio de vista de todas las publicaciones ejecutándose',)
16:12:56 - INF - get - ('Servicio de vista de todas las publicaciones ejecutándose',)
16:12:57 - INF - get - ('Servicio para listar recursos ejecutándose',)
16:12:57 - INF - get - ('Servicio para listar recursos ejecutándose',)
16:12:57 - INF - get - ('Servicio de vista de todas las publicaciones ejecutándose',)
16:12:57 - INF - get - ('Servicio de vista de todas las publicaciones ejecutándose',)
16:12:58 - INF - get - ('Servicio de consulta de usuarios ejecutándose',)
16:12:58 - INF - token_validate - ('Token inválido: [object Object]',)
16:12:58 - INF - get - ('Servicio de consulta de usuarios ejecutándose',)
16:12:58 - INF - token_validate - ('Token inválido: [object Object]',)
16:12:59 - INF - get - ('Servicio de vista de todas las publicaciones ejecutándose',)
16:12:59 - INF - get - ('Servicio de vista de todas las publicaciones ejecutándose',)
16:13:03 - INF - get - ('Servicio para listar recursos ejecutándose',)
16:13:03 - INF - get - ('Servicio para listar recursos ejecutándose',)
16:13:05 - INF - get - ('Servicio de vista de todas las publicaciones ejecutándose',)
16:13:05 - INF - get - ('Servicio de vista de todas las publicaciones ejecutándose',)
16:13:10 - INF - get - ('Servicio para listar recursos ejecutándose',)
16:13:11 - INF - get - ('Servicio para listar recursos ejecutándose',)
16:13:16 - INF - get - ('Servicio para listar recursos ejecutándose',)
16:13:17 - INF - get - ('Servicio para listar recursos ejecutándose',)
16:13:44 - INF - get - ('Servicio de vista de todas las publicaciones ejecutándose',)
16:13:44 - INF - get - ('Servicio de vista de todas las publicaciones ejecutándose',)
16:13:57 - INF - get - ('Servicio de vista de todas las publicaciones ejecutándose',)
16:13:57 - INF - get - ('Servicio de vista de todas las publicaciones ejecutándose',)
16:16:26 - INF - get - ('Servicio para listar recursos ejecutándose',)
16:16:26 - INF - get - ('Servicio para listar recursos ejecutándose',)
16:16:27 - INF - get - ('Servicio de vista de todas las publicaciones ejecutándose',)
16:16:27 - INF - get - ('Servicio de vista de todas las publicaciones ejecutándose',)
16:16:28 - INF - get - ('Servicio para listar recursos ejecutándose',)
16:16:28 - INF - get - ('Servicio para listar recursos ejecutándose',)
16:16:29 - INF - get - ('Servicio de vista de todas las publicaciones ejecutándose',)
16:16:29 - INF - get - ('Servicio de vista de todas las publicaciones ejecutándose',)
16:17:09 - INF - get - ('Servicio de vista de todas las publicaciones ejecutándose',)
16:17:10 - INF - get - ('Servicio de vista de todas las publicaciones ejecutándose',)
16:17:19 - INF - get - ('Servicio de vista de todas las publicaciones ejecutándose',)
16:17:31 - INF - get - ('Servicio de vista de todas las publicaciones ejecutándose',)
16:18:36 - INF - get - ('Servicio de vista de todas las publicaciones ejecutándose',)
16:18:53 - INF - get - ('Servicio de vista de todas las publicaciones ejecutándose',)
16:19:02 - INF - get - ('Servicio de vista de todas las publicaciones ejecutándose',)
16:19:10 - INF - get - ('Servicio de vista de todas las publicaciones ejecutándose',)
16:21:51 - INF - get - ('Servicio de vista de todas las publicaciones ejecutándose',)
16:21:51 - INF - get - ('Servicio de usuario actual ejecutándose',)
16:21:51 - INF - get - ('Token recibido: Sí',)
16:21:51 - INF - get - ('Token limpiado: eyJhbGciOiJIUzI1NiIs...',)
16:21:51 - INF - token_validate - ('El token ha expirado.',)
16:21:51 - INF - get - ('Token válido: False',)
16:21:51 - INF - get - ('Servicio de usuario actual ejecutándose',)
16:21:51 - INF - get - ('Token recibido: Sí',)
16:21:51 - INF - get - ('Token limpiado: eyJhbGciOiJIUzI1NiIs...',)
16:21:51 - INF - token_validate - ('El token ha expirado.',)
16:21:51 - INF - get - ('Token válido: False',)
16:21:51 - INF - get - ('Servicio de vista de todas las publicaciones ejecutándose',)
16:22:30 - INF - post - ('Servicio de login ejecutandose',)
16:22:30 - INF - token_generate - ('Token generado para usuario: admin',)
16:22:30 - INF - get - ('Servicio de vista de todas las publicaciones ejecutándose',)
16:22:30 - INF - get - ('Servicio de usuario actual ejecutándose',)
16:22:30 - INF - get - ('Token recibido: Sí',)
16:22:30 - INF - get - ('Token limpiado: eyJhbGciOiJIUzI1NiIs...',)
16:22:30 - INF - get - ('Token válido: True',)
16:22:30 - INF - get - ('Resultado decodificación: True',)
16:22:30 - INF - get - ('user_id en token: 1',)
16:22:30 - INF - get - ('Resultado BD: True',)
16:22:30 - INF - get - ('Usuario encontrado: admin',)
16:22:31 - INF - get - ('Servicio de vista de todas las publicaciones ejecutándose',)
16:22:33 - INF - get - ('Servicio para listar recursos ejecutándose',)
16:22:34 - INF - get - ('Servicio para listar recursos ejecutándose',)
16:22:35 - INF - get - ('Servicio de consulta de usuarios ejecutándose',)
16:22:35 - INF - get - ('Servicio de consulta de usuarios ejecutándose',)
16:22:37 - INF - get - ('Servicio de vista de todas las publicaciones ejecutándose',)
16:22:37 - INF - get - ('Servicio de vista de todas las publicaciones ejecutándose',)
16:22:41 - INF - get - ('Servicio para listar recursos ejecutándose',)
16:22:42 - INF - get - ('Servicio para listar recursos ejecutándose',)
16:22:42 - INF - get - ('Servicio de consulta de usuarios ejecutándose',)
16:22:43 - INF - get - ('Servicio de consulta de usuarios ejecutándose',)
16:22:44 - INF - get - ('Servicio de vista de todas las publicaciones ejecutándose',)
16:22:45 - INF - get - ('Servicio de vista de todas las publicaciones ejecutándose',)
16:46:10 - INF - get - ('Servicio para listar recursos ejecutándose',)
16:46:11 - INF - get - ('Servicio para listar recursos ejecutándose',)
16:46:26 - INF - get - ('Servicio de consulta de usuarios ejecutándose',)
16:46:26 - INF - token_validate - ('El token ha expirado.',)
16:46:26 - INF - get - ('Servicio de consulta de usuarios ejecutándose',)
16:46:26 - INF - token_validate - ('El token ha expirado.',)
16:46:33 - INF - get - ('Servicio de consulta de usuarios ejecutándose',)
16:46:33 - INF - token_validate - ('Token inválido: [object Object]',)
16:46:33 - INF - get - ('Servicio de consulta de usuarios ejecutándose',)
16:46:33 - INF - token_validate - ('Token inválido: [object Object]',)
16:46:34 - INF - get - ('Servicio para listar recursos ejecutándose',)
16:46:35 - INF - get - ('Servicio para listar recursos ejecutándose',)
16:46:39 - INF - get - ('Servicio de vista de todas las publicaciones ejecutándose',)
16:46:40 - INF - get - ('Servicio de vista de todas las publicaciones ejecutándose',)
16:46:48 - INF - post - ('Servicio de login ejecutandose',)
16:46:48 - INF - token_generate - ('Token generado para usuario: admin',)
16:46:48 - INF - get - ('Servicio de vista de todas las publicaciones ejecutándose',)
16:46:48 - INF - get - ('Servicio de usuario actual ejecutándose',)
16:46:48 - INF - get - ('Token recibido: Sí',)
16:46:48 - INF - get - ('Token limpiado: eyJhbGciOiJIUzI1NiIs...',)
16:46:48 - INF - get - ('Token válido: True',)
16:46:48 - INF - get - ('Resultado decodificación: True',)
16:46:48 - INF - get - ('user_id en token: 1',)
16:46:48 - INF - get - ('Resultado BD: True',)
16:46:48 - INF - get - ('Usuario encontrado: admin',)
16:46:49 - INF - get - ('Servicio de vista de todas las publicaciones ejecutándose',)
16:46:50 - INF - get - ('Servicio para listar recursos ejecutándose',)
16:46:51 - INF - get - ('Servicio para listar recursos ejecutándose',)
16:46:54 - INF - get - ('Servicio de consulta de usuarios ejecutándose',)
16:46:54 - INF - get - ('Servicio de consulta de usuarios ejecutándose',)
16:46:57 - INF - get - ('Servicio para listar recursos ejecutándose',)
16:46:58 - INF - get - ('Servicio para listar recursos ejecutándose',)
18:03:02 - INF - <module> - ('Servicio Finalizado',)
18:03:04 - INF - <module> - ('Servicio Iniciado',)
18:03:15 - INF - <module> - ('Servicio Finalizado',)
18:03:16 - INF - <module> - ('Servicio Finalizado',)
