15:40:41 - INF - <module> - ('Servicio Iniciado',)
15:40:44 - INF - <module> - ('Servicio Iniciado',)
15:43:42 - INF - get - ('Servicio de usuario actual ejecutándose',)
15:43:42 - INF - get - ('Token recibido: Sí',)
15:43:42 - INF - get - ('Token limpiado: eyJhbGciOiJIUzI1NiIs...',)
15:43:42 - INF - token_validate - ('El token ha expirado.',)
15:43:42 - INF - get - ('Token válido: False',)
15:43:42 - INF - get - ('Servicio de vista de todas las publicaciones ejecutándose',)
15:43:42 - INF - get - ('Servicio de usuario actual ejecutándose',)
15:43:42 - INF - get - ('Token recibido: Sí',)
15:43:42 - INF - get - ('Token limpiado: eyJhbGciOiJIUzI1NiIs...',)
15:43:42 - INF - token_validate - ('El token ha expirado.',)
15:43:42 - INF - get - ('Token válido: False',)
15:43:42 - INF - get - ('Servicio de vista de todas las publicaciones ejecutándose',)
15:44:30 - INF - post - ('Servicio de login ejecutandose',)
15:44:37 - INF - token_generate - ('Token generado para usuario: empresa1',)
15:44:37 - INF - get - ('Servicio de vista de todas las publicaciones ejecutándose',)
15:44:38 - INF - get - ('Servicio de usuario actual ejecutándose',)
15:44:38 - INF - get - ('Token recibido: Sí',)
15:44:38 - INF - get - ('Token limpiado: eyJhbGciOiJIUzI1NiIs...',)
15:44:38 - INF - get - ('Token válido: True',)
15:44:38 - INF - get - ('Resultado decodificación: True',)
15:44:38 - INF - get - ('user_id en token: 3',)
15:44:38 - INF - get - ('Resultado BD: True',)
15:44:38 - INF - get - ('Usuario encontrado: empresa1',)
15:44:38 - INF - get - ('Servicio de vista de todas las publicaciones ejecutándose',)
15:44:55 - INF - get - ('Servicio de consulta de usuarios ejecutándose',)
15:44:55 - INF - get - ('Servicio de consulta de usuarios ejecutándose',)
15:45:00 - INF - get - ('Servicio para listar recursos ejecutándose',)
15:45:00 - INF - get - ('Servicio para listar recursos ejecutándose',)
15:45:01 - INF - get - ('Servicio de vista de todas las publicaciones ejecutándose',)
15:45:01 - INF - get - ('Servicio de vista de todas las publicaciones ejecutándose',)
15:48:35 - INF - get - ('Servicio para listar recursos ejecutándose',)
15:48:35 - INF - get - ('Servicio para listar recursos ejecutándose',)
15:48:47 - INF - get - ('Servicio de vista de todas las publicaciones ejecutándose',)
15:48:47 - INF - get - ('Servicio de vista de todas las publicaciones ejecutándose',)
15:48:53 - INF - get - ('Servicio para listar recursos ejecutándose',)
15:48:53 - INF - get - ('Servicio para listar recursos ejecutándose',)
15:48:56 - INF - get - ('Servicio de vista de todas las publicaciones ejecutándose',)
15:48:56 - INF - get - ('Servicio de vista de todas las publicaciones ejecutándose',)
15:49:15 - INF - get - ('Servicio para listar recursos ejecutándose',)
15:49:15 - INF - get - ('Servicio de vista de todas las publicaciones ejecutándose',)
15:49:15 - INF - get - ('Servicio para listar recursos ejecutándose',)
15:49:15 - INF - get - ('Servicio de vista de todas las publicaciones ejecutándose',)
15:49:22 - INF - get - ('Servicio para listar recursos ejecutándose',)
15:49:22 - INF - get - ('Servicio para listar recursos ejecutándose',)
15:53:01 - INF - post - ('Servicio de login ejecutandose',)
15:53:01 - INF - token_generate - ('Token generado para usuario: empresa1',)
15:53:02 - INF - get - ('Servicio de vista de todas las publicaciones ejecutándose',)
15:53:02 - INF - get - ('Servicio de usuario actual ejecutándose',)
15:53:02 - INF - get - ('Token recibido: Sí',)
15:53:02 - INF - get - ('Token limpiado: eyJhbGciOiJIUzI1NiIs...',)
15:53:02 - INF - get - ('Token válido: True',)
15:53:02 - INF - get - ('Resultado decodificación: True',)
15:53:02 - INF - get - ('user_id en token: 3',)
15:53:02 - INF - get - ('Servicio de vista de todas las publicaciones ejecutándose',)
15:53:02 - INF - get - ('Resultado BD: True',)
15:53:02 - INF - get - ('Usuario encontrado: empresa1',)
15:53:12 - INF - get - ('Servicio para listar recursos ejecutándose',)
15:53:12 - INF - get - ('Servicio para listar recursos ejecutándose',)
15:53:14 - INF - get - ('Servicio de vista de todas las publicaciones ejecutándose',)
15:53:14 - INF - get - ('Servicio de vista de todas las publicaciones ejecutándose',)
15:54:30 - INF - get - ('Servicio de usuario actual ejecutándose',)
15:54:30 - INF - get - ('Token recibido: Sí',)
15:54:30 - INF - get - ('Token limpiado: eyJhbGciOiJIUzI1NiIs...',)
15:54:30 - INF - get - ('Token válido: True',)
15:54:30 - INF - get - ('Resultado decodificación: True',)
15:54:30 - INF - get - ('user_id en token: 3',)
15:54:30 - INF - get - ('Resultado BD: True',)
15:54:30 - INF - get - ('Usuario encontrado: empresa1',)
15:54:32 - INF - get - ('Servicio de usuario actual ejecutándose',)
15:54:32 - INF - get - ('Token recibido: Sí',)
15:54:32 - INF - get - ('Token limpiado: eyJhbGciOiJIUzI1NiIs...',)
15:54:32 - INF - get - ('Token válido: True',)
15:54:32 - INF - get - ('Resultado decodificación: True',)
15:54:32 - INF - get - ('user_id en token: 3',)
15:54:32 - INF - get - ('Resultado BD: True',)
15:54:32 - INF - get - ('Usuario encontrado: empresa1',)
15:54:43 - INF - get - ('Servicio para listar recursos ejecutándose',)
15:54:43 - INF - get - ('Servicio de usuario actual ejecutándose',)
15:54:43 - INF - get - ('Token recibido: Sí',)
15:54:43 - INF - get - ('Token limpiado: eyJhbGciOiJIUzI1NiIs...',)
15:54:43 - INF - get - ('Token válido: True',)
15:54:43 - INF - get - ('Resultado decodificación: True',)
15:54:43 - INF - get - ('user_id en token: 3',)
15:54:43 - INF - get - ('Servicio para listar recursos ejecutándose',)
15:54:43 - INF - get - ('Resultado BD: True',)
15:54:43 - INF - get - ('Usuario encontrado: empresa1',)
15:55:01 - INF - get - ('Servicio de usuario actual ejecutándose',)
15:55:01 - INF - get - ('Token recibido: Sí',)
15:55:01 - INF - get - ('Token limpiado: eyJhbGciOiJIUzI1NiIs...',)
15:55:01 - INF - get - ('Token válido: True',)
15:55:01 - INF - get - ('Resultado decodificación: True',)
15:55:01 - INF - get - ('user_id en token: 3',)
15:55:02 - INF - get - ('Resultado BD: True',)
15:55:02 - INF - get - ('Usuario encontrado: empresa1',)
15:55:13 - INF - get - ('Servicio para catálogos de vacantes ejecutándose',)
15:55:13 - INF - get - ('Servicio de usuario actual ejecutándose',)
15:55:13 - INF - get - ('Token recibido: Sí',)
15:55:13 - INF - get - ('Token limpiado: eyJhbGciOiJIUzI1NiIs...',)
15:55:13 - INF - get - ('Token válido: True',)
15:55:13 - INF - get - ('Resultado decodificación: True',)
15:55:13 - INF - get - ('user_id en token: 3',)
15:55:13 - INF - get - ('Resultado BD: True',)
15:55:13 - INF - get - ('Usuario encontrado: empresa1',)
15:55:13 - INF - get - ('Servicio para catálogos de vacantes ejecutándose',)
15:55:57 - INF - get - ('Servicio de vista de todas las publicaciones ejecutándose',)
15:55:57 - INF - get - ('Servicio para catálogos de vacantes ejecutándose',)
15:55:57 - INF - get - ('Servicio de vista de todas las publicaciones ejecutándose',)
15:55:58 - INF - get - ('Servicio para catálogos de vacantes ejecutándose',)
15:57:58 - INF - post - ('Servicio para creación de vacantes ejecutándose',)
15:57:58 - INF - post - ("Error en validación -> {'daily_hours_id': ['Not a valid integer.'], 'duration_id': ['Not a valid integer.'], 'availability_id': ['Not a valid integer.']}",)
16:00:38 - INF - get - ('Servicio para catálogos de vacantes ejecutándose',)
16:00:39 - INF - get - ('Servicio para catálogos de vacantes ejecutándose',)
16:02:50 - INF - post - ('Servicio para creación de vacantes ejecutándose',)
16:02:50 - INF - post - ("Error en validación -> {'daily_hours_id': ['Not a valid integer.'], 'duration_id': ['Not a valid integer.'], 'availability_id': ['Not a valid integer.']}",)
16:16:06 - INF - get - ('Servicio para catálogos de vacantes ejecutándose',)
16:16:06 - INF - get - ('Servicio para catálogos de vacantes ejecutándose',)
16:16:07 - INF - get - ('Servicio para listar recursos ejecutándose',)
16:16:07 - INF - get - ('Servicio para listar recursos ejecutándose',)
16:16:07 - INF - get - ('Servicio para catálogos de vacantes ejecutándose',)
16:16:09 - INF - get - ('Servicio para catálogos de vacantes ejecutándose',)
16:16:09 - INF - get - ('Servicio para catálogos de vacantes ejecutándose',)
16:16:21 - INF - post - ('Servicio de login ejecutandose',)
16:16:22 - INF - token_generate - ('Token generado para usuario: empresa1',)
16:16:22 - INF - get - ('Servicio para catálogos de vacantes ejecutándose',)
16:16:22 - INF - get - ('Servicio de usuario actual ejecutándose',)
16:16:22 - INF - get - ('Token recibido: Sí',)
16:16:22 - INF - get - ('Token limpiado: eyJhbGciOiJIUzI1NiIs...',)
16:16:22 - INF - get - ('Token válido: True',)
16:16:22 - INF - get - ('Resultado decodificación: True',)
16:16:22 - INF - get - ('user_id en token: 3',)
16:16:22 - INF - get - ('Resultado BD: True',)
16:16:22 - INF - get - ('Usuario encontrado: empresa1',)
16:16:23 - INF - get - ('Servicio para catálogos de vacantes ejecutándose',)
16:17:37 - INF - get - ('Servicio para catálogos de vacantes ejecutándose',)
16:27:56 - INF - get - ('Servicio de vista de todas las publicaciones ejecutándose',)
16:27:56 - INF - get - ('Servicio de usuario actual ejecutándose',)
16:27:56 - INF - get - ('Token recibido: Sí',)
16:27:56 - INF - get - ('Token limpiado: eyJhbGciOiJIUzI1NiIs...',)
16:27:56 - INF - get - ('Token válido: True',)
16:27:56 - INF - get - ('Resultado decodificación: True',)
16:27:56 - INF - get - ('user_id en token: 3',)
16:27:56 - INF - get - ('Servicio de vista de todas las publicaciones ejecutándose',)
16:27:56 - INF - get - ('Resultado BD: True',)
16:27:56 - INF - get - ('Usuario encontrado: empresa1',)
16:27:56 - INF - get - ('Servicio de usuario actual ejecutándose',)
16:27:56 - INF - get - ('Token recibido: Sí',)
16:27:56 - INF - get - ('Token limpiado: eyJhbGciOiJIUzI1NiIs...',)
16:27:56 - INF - get - ('Token válido: True',)
16:27:56 - INF - get - ('Resultado decodificación: True',)
16:27:56 - INF - get - ('user_id en token: 3',)
16:27:56 - INF - get - ('Resultado BD: True',)
16:27:56 - INF - get - ('Usuario encontrado: empresa1',)
16:28:03 - INF - get - ('Servicio para catálogos de vacantes ejecutándose',)
16:28:03 - INF - get - ('Servicio para catálogos de vacantes ejecutándose',)
16:29:37 - INF - get - ('Servicio para catálogos de vacantes ejecutándose',)
16:30:07 - INF - get - ('Servicio para catálogos de vacantes ejecutándose',)
16:32:16 - INF - get - ('Servicio de vista de todas las publicaciones ejecutándose',)
16:32:16 - INF - get - ('Servicio de usuario actual ejecutándose',)
16:32:16 - INF - get - ('Token recibido: Sí',)
16:32:16 - INF - get - ('Token limpiado: eyJhbGciOiJIUzI1NiIs...',)
16:32:16 - INF - token_validate - ('El token ha expirado.',)
16:32:16 - INF - get - ('Token válido: False',)
16:32:16 - INF - get - ('Servicio de usuario actual ejecutándose',)
16:32:16 - INF - get - ('Token recibido: Sí',)
16:32:16 - INF - get - ('Token limpiado: eyJhbGciOiJIUzI1NiIs...',)
16:32:16 - INF - token_validate - ('El token ha expirado.',)
16:32:16 - INF - get - ('Token válido: False',)
16:32:16 - INF - get - ('Servicio de vista de todas las publicaciones ejecutándose',)
16:32:26 - INF - post - ('Servicio de login ejecutandose',)
16:32:26 - INF - token_generate - ('Token generado para usuario: empresa1',)
16:32:27 - INF - get - ('Servicio de vista de todas las publicaciones ejecutándose',)
16:32:27 - INF - get - ('Servicio de usuario actual ejecutándose',)
16:32:27 - INF - get - ('Token recibido: Sí',)
16:32:27 - INF - get - ('Token limpiado: eyJhbGciOiJIUzI1NiIs...',)
16:32:27 - INF - get - ('Token válido: True',)
16:32:27 - INF - get - ('Resultado decodificación: True',)
16:32:27 - INF - get - ('user_id en token: 3',)
16:32:27 - INF - get - ('Servicio de vista de todas las publicaciones ejecutándose',)
16:32:27 - INF - get - ('Resultado BD: True',)
16:32:27 - INF - get - ('Usuario encontrado: empresa1',)
16:32:28 - INF - get - ('Servicio para catálogos de vacantes ejecutándose',)
16:32:29 - INF - get - ('Servicio para catálogos de vacantes ejecutándose',)
16:36:25 - INF - get - ('Servicio de vista de todas las publicaciones ejecutándose',)
16:36:25 - INF - get - ('Servicio de usuario actual ejecutándose',)
16:36:25 - INF - get - ('Token recibido: Sí',)
16:36:25 - INF - get - ('Token limpiado: eyJhbGciOiJIUzI1NiIs...',)
16:36:25 - INF - get - ('Token válido: True',)
16:36:25 - INF - get - ('Resultado decodificación: True',)
16:36:25 - INF - get - ('user_id en token: 3',)
16:36:25 - INF - get - ('Servicio de vista de todas las publicaciones ejecutándose',)
16:36:25 - INF - get - ('Resultado BD: True',)
16:36:25 - INF - get - ('Usuario encontrado: empresa1',)
16:36:25 - INF - get - ('Servicio de usuario actual ejecutándose',)
16:36:25 - INF - get - ('Token recibido: Sí',)
16:36:25 - INF - get - ('Token limpiado: eyJhbGciOiJIUzI1NiIs...',)
16:36:25 - INF - get - ('Token válido: True',)
16:36:25 - INF - get - ('Resultado decodificación: True',)
16:36:25 - INF - get - ('user_id en token: 3',)
16:36:25 - INF - get - ('Resultado BD: True',)
16:36:25 - INF - get - ('Usuario encontrado: empresa1',)
16:36:26 - INF - get - ('Servicio para catálogos de vacantes ejecutándose',)
16:36:27 - INF - get - ('Servicio para catálogos de vacantes ejecutándose',)
16:37:21 - INF - <module> - ('Servicio Finalizado',)
16:37:21 - INF - <module> - ('Servicio Finalizado',)
