00:07:54 - INF - post - ('Servicio para creación de vacantes ejecutándose',)
00:07:54 - INF - decode_token - ('El token ha expirado.',)
00:08:06 - INF - post - ('Servicio de login ejecutandose',)
00:08:07 - INF - token_generate - ('Token generado para usuario: empresa1',)
00:08:07 - INF - get - ('Servicio para catálogos de vacantes ejecutándose',)
00:08:07 - INF - get - ('Servicio de usuario actual ejecutándose',)
00:08:07 - INF - get - ('Token recibido: Sí',)
00:08:07 - INF - get - ('Token limpiado: eyJhbGciOiJIUzI1NiIs...',)
00:08:07 - INF - get - ('Token válido: True',)
00:08:07 - INF - get - ('Resultado decodificación: True',)
00:08:07 - INF - get - ('user_id en token: 3',)
00:08:07 - INF - get - ('Resultado BD: True',)
00:08:07 - INF - get - ('Usuario encontrado: empresa1',)
00:08:07 - INF - get - ('Servicio para catálogos de vacantes ejecutándose',)
00:09:32 - INF - post - ('Servicio para creación de vacantes ejecutándose',)
00:09:43 - INF - post - ('Servicio para creación de vacantes ejecutándose',)
00:17:03 - INF - <module> - ('Servicio Finalizado',)
00:17:04 - INF - <module> - ('Servicio Iniciado',)
00:17:09 - INF - <module> - ('Servicio Finalizado',)
00:17:10 - INF - <module> - ('Servicio Iniciado',)
00:18:50 - INF - <module> - ('Servicio Finalizado',)
00:18:51 - INF - <module> - ('Servicio Iniciado',)
00:18:56 - INF - <module> - ('Servicio Finalizado',)
00:18:57 - INF - <module> - ('Servicio Iniciado',)
00:18:58 - INF - <module> - ('Servicio Finalizado',)
00:18:58 - INF - <module> - ('Servicio Finalizado',)
00:22:36 - INF - <module> - ('Servicio Iniciado',)
00:22:37 - INF - <module> - ('Servicio Iniciado',)
00:24:54 - INF - post - ('Servicio de login ejecutandose',)
00:24:54 - INF - token_generate - ('Token generado para usuario: empresa1',)
00:24:54 - INF - get - ('Servicio para catálogos de vacantes ejecutándose',)
00:24:55 - INF - get - ('Servicio para catálogos de vacantes ejecutándose',)
00:24:55 - INF - get - ('Servicio de usuario actual ejecutándose',)
00:24:55 - INF - get - ('Token recibido: Sí',)
00:24:55 - INF - get - ('Token limpiado: eyJhbGciOiJIUzI1NiIs...',)
00:24:55 - INF - get - ('Token válido: True',)
00:24:55 - INF - get - ('Resultado decodificación: True',)
00:24:55 - INF - get - ('user_id en token: 3',)
00:24:55 - INF - get - ('Resultado BD: True',)
00:24:55 - INF - get - ('Usuario encontrado: empresa1',)
00:26:35 - INF - post - ('Servicio para creación de vacantes ejecutándose',)
00:27:09 - INF - get - ('Servicio de vista de todas las publicaciones ejecutándose',)
00:27:09 - INF - get - ('Servicio de vista de todas las publicaciones ejecutándose',)
00:27:10 - INF - get - ('Servicio para catálogos de vacantes ejecutándose',)
00:27:10 - INF - get - ('Servicio para catálogos de vacantes ejecutándose',)
00:29:14 - INF - <module> - ('Servicio Finalizado',)
00:29:15 - INF - <module> - ('Servicio Finalizado',)
00:36:11 - INF - <module> - ('Servicio Iniciado',)
00:36:12 - INF - <module> - ('Servicio Iniciado',)
00:36:15 - INF - get - ('Servicio de vista de todas las publicaciones ejecutándose',)
00:36:15 - INF - get - ('Servicio de usuario actual ejecutándose',)
00:36:15 - INF - get - ('Token recibido: Sí',)
00:36:15 - INF - get - ('Token limpiado: eyJhbGciOiJIUzI1NiIs...',)
00:36:15 - INF - get - ('Token válido: True',)
00:36:15 - INF - get - ('Resultado decodificación: True',)
00:36:15 - INF - get - ('user_id en token: 3',)
00:36:15 - INF - get - ('Servicio de vista de todas las publicaciones ejecutándose',)
00:36:15 - INF - get - ('Resultado BD: True',)
00:36:15 - INF - get - ('Usuario encontrado: empresa1',)
00:36:16 - INF - get - ('Servicio de usuario actual ejecutándose',)
00:36:16 - INF - get - ('Token recibido: Sí',)
00:36:16 - INF - get - ('Token limpiado: eyJhbGciOiJIUzI1NiIs...',)
00:36:16 - INF - get - ('Token válido: True',)
00:36:16 - INF - get - ('Resultado decodificación: True',)
00:36:16 - INF - get - ('user_id en token: 3',)
00:36:16 - INF - get - ('Resultado BD: True',)
00:36:16 - INF - get - ('Usuario encontrado: empresa1',)
00:36:17 - INF - get - ('Servicio para catálogos de vacantes ejecutándose',)
00:36:18 - INF - get - ('Servicio para catálogos de vacantes ejecutándose',)
00:36:21 - INF - get - ('Servicio de vista de todas las publicaciones ejecutándose',)
00:36:21 - INF - get - ('Servicio de usuario actual ejecutándose',)
00:36:21 - INF - get - ('Token recibido: Sí',)
00:36:21 - INF - get - ('Token limpiado: eyJhbGciOiJIUzI1NiIs...',)
00:36:21 - INF - get - ('Token válido: True',)
00:36:21 - INF - get - ('Resultado decodificación: True',)
00:36:21 - INF - get - ('user_id en token: 3',)
00:36:21 - INF - get - ('Servicio de vista de todas las publicaciones ejecutándose',)
00:36:21 - INF - get - ('Resultado BD: True',)
00:36:21 - INF - get - ('Usuario encontrado: empresa1',)
00:36:22 - INF - get - ('Servicio de usuario actual ejecutándose',)
00:36:22 - INF - get - ('Token recibido: Sí',)
00:36:22 - INF - get - ('Token limpiado: eyJhbGciOiJIUzI1NiIs...',)
00:36:22 - INF - get - ('Token válido: True',)
00:36:22 - INF - get - ('Resultado decodificación: True',)
00:36:22 - INF - get - ('user_id en token: 3',)
00:36:22 - INF - get - ('Resultado BD: True',)
00:36:22 - INF - get - ('Usuario encontrado: empresa1',)
00:36:22 - INF - get - ('Servicio para catálogos de vacantes ejecutándose',)
00:36:23 - INF - get - ('Servicio para catálogos de vacantes ejecutándose',)
00:38:10 - INF - post - ('Servicio para creación de vacantes ejecutándose',)
17:24:10 - INF - <module> - ('Servicio Iniciado',)
17:24:11 - INF - <module> - ('Servicio Iniciado',)
17:31:05 - INF - post - ('Servicio de login ejecutandose',)
17:31:11 - INF - post - ('Servicio de login ejecutandose',)
17:31:11 - INF - post - ('Servicio de login ejecutandose',)
17:31:14 - INF - token_generate - ('Token generado para usuario: empresa1',)
17:31:14 - INF - token_generate - ('Token generado para usuario: empresa1',)
17:31:14 - INF - token_generate - ('Token generado para usuario: empresa1',)
17:31:14 - INF - get - ('Servicio de vista de todas las publicaciones ejecutándose',)
17:31:14 - INF - get - ('Servicio de usuario actual ejecutándose',)
17:31:14 - INF - get - ('Token recibido: Sí',)
17:31:14 - INF - get - ('Token limpiado: eyJhbGciOiJIUzI1NiIs...',)
17:31:15 - INF - get - ('Token válido: True',)
17:31:15 - INF - get - ('Resultado decodificación: True',)
17:31:15 - INF - get - ('user_id en token: 3',)
17:31:15 - INF - get - ('Servicio de vista de todas las publicaciones ejecutándose',)
17:31:15 - INF - get - ('Resultado BD: True',)
17:31:15 - INF - get - ('Usuario encontrado: empresa1',)
17:34:24 - INF - get - ('Servicio para listar recursos ejecutándose',)
17:34:24 - INF - get - ('Servicio para listar recursos ejecutándose',)
17:34:29 - INF - get - ('Servicio de consulta de usuarios ejecutándose',)
17:34:29 - INF - get - ('Servicio de consulta de usuarios ejecutándose',)
17:34:49 - INF - get - ('Servicio de vista de todas las publicaciones ejecutándose',)
17:34:49 - INF - get - ('Servicio de vista de todas las publicaciones ejecutándose',)
17:35:05 - INF - <module> - ('Servicio Finalizado',)
17:35:06 - INF - <module> - ('Servicio Iniciado',)
17:37:22 - INF - get - ('Servicio para listar recursos ejecutándose',)
17:37:22 - INF - get - ('Servicio para listar recursos ejecutándose',)
17:37:38 - INF - get - ('Servicio de consulta de usuarios ejecutándose',)
17:37:38 - INF - get - ('Servicio de consulta de usuarios ejecutándose',)
17:39:57 - INF - get - ('Servicio para catálogos de vacantes ejecutándose',)
17:39:58 - INF - get - ('Servicio para listar recursos ejecutándose',)
17:39:58 - INF - get - ('Servicio para catálogos de vacantes ejecutándose',)
17:39:59 - INF - get - ('Servicio para listar recursos ejecutándose',)
17:40:02 - INF - get - ('Servicio de consulta de usuarios ejecutándose',)
17:40:02 - INF - get - ('Servicio de consulta de usuarios ejecutándose',)
17:40:20 - INF - get - ('Servicio para listar recursos ejecutándose',)
17:40:20 - INF - get - ('Servicio para listar recursos ejecutándose',)
17:40:26 - INF - get - ('Servicio de consulta de usuarios ejecutándose',)
17:40:26 - INF - get - ('Servicio de consulta de usuarios ejecutándose',)
17:46:36 - INF - get - ('Servicio para listar recursos ejecutándose',)
17:46:36 - INF - get - ('Servicio para listar recursos ejecutándose',)
17:47:03 - INF - get - ('Servicio de consulta de usuarios ejecutándose',)
17:47:03 - INF - token_validate - ('El token ha expirado.',)
17:47:03 - INF - get - ('Servicio de consulta de usuarios ejecutándose',)
17:47:03 - INF - token_validate - ('El token ha expirado.',)
17:47:04 - INF - get - ('Servicio para listar recursos ejecutándose',)
17:47:04 - INF - get - ('Servicio para listar recursos ejecutándose',)
17:47:05 - INF - get - ('Servicio de consulta de usuarios ejecutándose',)
17:47:05 - INF - token_validate - ('El token ha expirado.',)
17:47:06 - INF - get - ('Servicio de consulta de usuarios ejecutándose',)
17:47:06 - INF - token_validate - ('El token ha expirado.',)
17:47:06 - INF - get - ('Servicio para listar recursos ejecutándose',)
17:47:06 - INF - get - ('Servicio para listar recursos ejecutándose',)
18:52:14 - INF - get - ('Servicio de usuario actual ejecutándose',)
18:52:14 - INF - get - ('Token recibido: Sí',)
18:52:14 - INF - get - ('Token limpiado: eyJhbGciOiJIUzI1NiIs...',)
18:52:14 - INF - token_validate - ('El token ha expirado.',)
18:52:14 - INF - get - ('Token válido: False',)
19:08:40 - INF - post - ('Servicio de login ejecutandose',)
19:08:40 - INF - token_generate - ('Token generado para usuario: empresa1',)
19:08:41 - INF - get - ('Servicio de vista de todas las publicaciones ejecutándose',)
19:08:41 - INF - get - ('Servicio de usuario actual ejecutándose',)
19:08:41 - INF - get - ('Token recibido: Sí',)
19:08:41 - INF - get - ('Token limpiado: eyJhbGciOiJIUzI1NiIs...',)
19:08:41 - INF - get - ('Token válido: True',)
19:08:41 - INF - get - ('Resultado decodificación: True',)
19:08:41 - INF - get - ('user_id en token: 3',)
19:08:41 - INF - get - ('Servicio de vista de todas las publicaciones ejecutándose',)
19:08:41 - INF - get - ('Resultado BD: True',)
19:08:41 - INF - get - ('Usuario encontrado: empresa1',)
19:08:42 - INF - get - ('Servicio para catálogos de vacantes ejecutándose',)
19:08:43 - INF - get - ('Servicio para catálogos de vacantes ejecutándose',)
19:09:45 - INF - <module> - ('Servicio Iniciado',)
19:09:46 - INF - <module> - ('Servicio Iniciado',)
19:09:59 - INF - post - ('Servicio de login ejecutandose',)
19:09:59 - INF - token_generate - ('Token generado para usuario: empresa1',)
19:09:59 - INF - get - ('Servicio de usuario actual ejecutándose',)
19:09:59 - INF - get - ('Token recibido: Sí',)
19:09:59 - INF - get - ('Token limpiado: eyJhbGciOiJIUzI1NiIs...',)
19:09:59 - INF - get - ('Token válido: True',)
19:09:59 - INF - get - ('Resultado decodificación: True',)
19:09:59 - INF - get - ('user_id en token: 3',)
19:09:59 - INF - get - ('Resultado BD: True',)
19:09:59 - INF - get - ('Usuario encontrado: empresa1',)
19:11:26 - INF - get - ('Servicio de vista de todas las publicaciones ejecutándose',)
19:11:26 - INF - get - ('Servicio de usuario actual ejecutándose',)
19:11:26 - INF - get - ('Token recibido: Sí',)
19:11:26 - INF - get - ('Token limpiado: eyJhbGciOiJIUzI1NiIs...',)
19:11:26 - INF - get - ('Token válido: True',)
19:11:26 - INF - get - ('Resultado decodificación: True',)
19:11:26 - INF - get - ('user_id en token: 3',)
19:11:26 - INF - get - ('Servicio de vista de todas las publicaciones ejecutándose',)
19:11:26 - INF - get - ('Resultado BD: True',)
19:11:26 - INF - get - ('Usuario encontrado: empresa1',)
19:11:26 - INF - get - ('Servicio de usuario actual ejecutándose',)
19:11:26 - INF - get - ('Token recibido: Sí',)
19:11:26 - INF - get - ('Token limpiado: eyJhbGciOiJIUzI1NiIs...',)
19:11:26 - INF - get - ('Token válido: True',)
19:11:26 - INF - get - ('Resultado decodificación: True',)
19:11:26 - INF - get - ('user_id en token: 3',)
19:11:26 - INF - get - ('Resultado BD: True',)
19:11:26 - INF - get - ('Usuario encontrado: empresa1',)
19:11:32 - INF - get - ('Servicio para listar recursos ejecutándose',)
19:11:32 - INF - get - ('Servicio para listar recursos ejecutándose',)
19:11:34 - INF - get - ('Servicio para catálogos de vacantes ejecutándose',)
19:11:35 - INF - get - ('Servicio para catálogos de vacantes ejecutándose',)
19:14:43 - INF - get - ('Servicio para catálogos de vacantes ejecutándose',)
19:14:43 - INF - get - ('Servicio para catálogos de vacantes ejecutándose',)
19:21:50 - INF - post - ('Servicio de login ejecutandose',)
19:21:50 - INF - token_generate - ('Token generado para usuario: empresa1',)
19:21:51 - INF - get - ('Servicio de vista de todas las publicaciones ejecutándose',)
19:21:51 - INF - get - ('Servicio de usuario actual ejecutándose',)
19:21:51 - INF - get - ('Token recibido: Sí',)
19:21:51 - INF - get - ('Token limpiado: eyJhbGciOiJIUzI1NiIs...',)
19:21:51 - INF - get - ('Token válido: True',)
19:21:51 - INF - get - ('Resultado decodificación: True',)
19:21:51 - INF - get - ('user_id en token: 3',)
19:21:51 - INF - get - ('Resultado BD: True',)
19:21:51 - INF - get - ('Usuario encontrado: empresa1',)
19:21:51 - INF - get - ('Servicio de vista de todas las publicaciones ejecutándose',)
19:21:55 - INF - get - ('Servicio para catálogos de vacantes ejecutándose',)
19:21:56 - INF - get - ('Servicio para catálogos de vacantes ejecutándose',)
19:27:59 - INF - get - ('Servicio para listar vacantes ejecutándose',)
19:28:02 - INF - get - ('Servicio para listar vacantes ejecutándose',)
19:28:51 - INF - get - ('Servicio para listar vacantes ejecutándose',)
19:29:01 - INF - get - ('Servicio para listar vacantes ejecutándose',)
19:29:01 - INF - get - ('Servicio para listar vacantes ejecutándose',)
19:29:04 - INF - get - ('Servicio para listar vacantes ejecutándose',)
19:29:04 - INF - get - ('Servicio para listar vacantes ejecutándose',)
19:29:18 - INF - get - ('Servicio para listar vacantes ejecutándose',)
19:29:18 - INF - get - ('Servicio para listar vacantes ejecutándose',)
19:29:26 - INF - get - ('Servicio para listar vacantes ejecutándose',)
19:29:26 - INF - get - ('Servicio para listar vacantes ejecutándose',)
19:29:34 - INF - get - ('Servicio para listar vacantes ejecutándose',)
19:29:34 - INF - get - ('Servicio para listar vacantes ejecutándose',)
19:29:38 - INF - get - ('Servicio para listar vacantes ejecutándose',)
19:29:38 - INF - get - ('Servicio para listar vacantes ejecutándose',)
19:29:39 - INF - get - ('Servicio para listar vacantes ejecutándose',)
19:29:40 - INF - get - ('Servicio para listar vacantes ejecutándose',)
19:29:52 - INF - get - ('Servicio para listar vacantes ejecutándose',)
19:29:52 - INF - get - ('Servicio para listar vacantes ejecutándose',)
19:30:14 - INF - get - ('Servicio para listar recursos ejecutándose',)
19:30:14 - INF - get - ('Servicio para listar recursos ejecutándose',)
19:30:16 - INF - get - ('Servicio para catálogos de vacantes ejecutándose',)
19:30:17 - INF - get - ('Servicio para catálogos de vacantes ejecutándose',)
19:30:18 - INF - get - ('Servicio para listar vacantes ejecutándose',)
19:30:18 - INF - get - ('Servicio para listar vacantes ejecutándose',)
19:30:28 - INF - get - ('Servicio para listar vacantes ejecutándose',)
19:30:28 - INF - get - ('Servicio para listar vacantes ejecutándose',)
19:30:46 - INF - get - ('Servicio para listar vacantes ejecutándose',)
19:30:46 - INF - get - ('Servicio para listar vacantes ejecutándose',)
19:31:43 - INF - get - ('Servicio de vista de todas las publicaciones ejecutándose',)
19:31:43 - INF - get - ('Servicio de vista de todas las publicaciones ejecutándose',)
19:31:45 - INF - get - ('Servicio para catálogos de vacantes ejecutándose',)
19:31:46 - INF - get - ('Servicio para catálogos de vacantes ejecutándose',)
19:31:46 - INF - get - ('Servicio para listar vacantes ejecutándose',)
19:31:47 - INF - get - ('Servicio para listar vacantes ejecutándose',)
19:31:50 - INF - get - ('Servicio para listar vacantes ejecutándose',)
19:31:51 - INF - get - ('Servicio para listar vacantes ejecutándose',)
19:32:12 - INF - get - ('Servicio para listar vacantes ejecutándose',)
19:32:12 - INF - get - ('Servicio para listar vacantes ejecutándose',)
19:32:20 - INF - get - ('Servicio para listar vacantes ejecutándose',)
19:32:20 - INF - get - ('Servicio para listar vacantes ejecutándose',)
19:32:22 - INF - get - ('Servicio para listar vacantes ejecutándose',)
19:32:22 - INF - get - ('Servicio para listar vacantes ejecutándose',)
19:33:20 - INF - post - ('Servicio de login ejecutandose',)
19:33:20 - INF - token_generate - ('Token generado para usuario: admin',)
19:33:20 - INF - get - ('Servicio de usuario actual ejecutándose',)
19:33:20 - INF - get - ('Token recibido: Sí',)
19:33:20 - INF - get - ('Token limpiado: eyJhbGciOiJIUzI1NiIs...',)
19:33:20 - INF - get - ('Token válido: True',)
19:33:20 - INF - get - ('Resultado decodificación: True',)
19:33:20 - INF - get - ('user_id en token: 1',)
19:33:20 - INF - get - ('Resultado BD: True',)
19:33:20 - INF - get - ('Usuario encontrado: admin',)
19:33:24 - INF - get - ('Servicio de vista de todas las publicaciones ejecutándose',)
19:33:25 - INF - get - ('Servicio de vista de todas las publicaciones ejecutándose',)
19:33:53 - INF - post - ('Servicio de login ejecutandose',)
19:33:53 - INF - token_generate - ('Token generado para usuario: admin',)
19:33:54 - INF - get - ('Servicio de usuario actual ejecutándose',)
19:33:54 - INF - get - ('Token recibido: Sí',)
19:33:54 - INF - get - ('Token limpiado: eyJhbGciOiJIUzI1NiIs...',)
19:33:54 - INF - get - ('Token válido: True',)
19:33:54 - INF - get - ('Resultado decodificación: True',)
19:33:54 - INF - get - ('user_id en token: 1',)
19:33:54 - INF - get - ('Resultado BD: True',)
19:33:54 - INF - get - ('Usuario encontrado: admin',)
19:33:59 - INF - get - ('Servicio para catálogos de vacantes ejecutándose',)
19:34:00 - INF - get - ('Servicio para catálogos de vacantes ejecutándose',)
19:35:53 - INF - post - ('Servicio de login ejecutandose',)
19:35:53 - INF - token_generate - ('Token generado para usuario: empresa1',)
19:35:54 - INF - get - ('Servicio para listar vacantes ejecutándose',)
19:35:54 - INF - get - ('Servicio de usuario actual ejecutándose',)
19:35:54 - INF - get - ('Token recibido: Sí',)
19:35:54 - INF - get - ('Token limpiado: eyJhbGciOiJIUzI1NiIs...',)
19:35:54 - INF - get - ('Token válido: True',)
19:35:54 - INF - get - ('Resultado decodificación: True',)
19:35:54 - INF - get - ('user_id en token: 3',)
19:35:54 - INF - get - ('Resultado BD: True',)
19:35:54 - INF - get - ('Usuario encontrado: empresa1',)
19:35:54 - INF - get - ('Servicio para listar vacantes ejecutándose',)
19:35:55 - INF - get - ('Servicio para listar vacantes ejecutándose',)
19:36:00 - INF - get - ('Servicio para listar vacantes ejecutándose',)
19:36:00 - INF - get - ('Servicio para listar vacantes ejecutándose',)
19:36:47 - INF - get - ('Servicio para listar vacantes ejecutándose',)
19:36:48 - INF - get - ('Servicio para listar vacantes ejecutándose',)
19:36:51 - INF - get - ('Servicio para listar vacantes ejecutándose',)
19:36:51 - INF - get - ('Servicio para listar vacantes ejecutándose',)
19:37:04 - INF - get - ('Servicio para listar vacantes ejecutándose',)
19:37:04 - INF - get - ('Servicio para listar vacantes ejecutándose',)
19:37:05 - INF - get - ('Servicio para listar vacantes ejecutándose',)
19:37:05 - INF - get - ('Servicio para listar vacantes ejecutándose',)
19:37:31 - INF - get - ('Servicio para listar vacantes ejecutándose',)
19:38:01 - INF - get - ('Servicio para listar vacantes ejecutándose',)
19:38:13 - INF - get - ('Servicio para listar vacantes ejecutándose',)
19:38:13 - INF - get - ('Servicio para listar vacantes ejecutándose',)
19:38:15 - INF - get - ('Servicio para listar vacantes ejecutándose',)
19:38:15 - INF - get - ('Servicio para listar vacantes ejecutándose',)
19:38:17 - INF - get - ('Servicio para listar vacantes ejecutándose',)
19:38:17 - INF - get - ('Servicio para listar vacantes ejecutándose',)
19:38:19 - INF - get - ('Servicio para listar vacantes ejecutándose',)
19:38:19 - INF - get - ('Servicio para listar vacantes ejecutándose',)
19:38:20 - INF - get - ('Servicio para listar vacantes ejecutándose',)
19:38:21 - INF - get - ('Servicio para listar vacantes ejecutándose',)
19:38:22 - INF - get - ('Servicio para listar vacantes ejecutándose',)
19:38:22 - INF - get - ('Servicio para listar vacantes ejecutándose',)
19:38:41 - INF - get - ('Servicio para catálogos de vacantes ejecutándose',)
19:38:41 - INF - get - ('Servicio para listar vacantes ejecutándose',)
19:38:41 - INF - get - ('Servicio para catálogos de vacantes ejecutándose',)
19:38:42 - INF - get - ('Servicio para listar vacantes ejecutándose',)
19:38:57 - INF - get - ('Servicio de vista de todas las publicaciones ejecutándose',)
19:38:57 - INF - get - ('Servicio de usuario actual ejecutándose',)
19:38:57 - INF - get - ('Token recibido: Sí',)
19:38:57 - INF - get - ('Token limpiado: eyJhbGciOiJIUzI1NiIs...',)
19:38:57 - INF - get - ('Token válido: True',)
19:38:57 - INF - get - ('Resultado decodificación: True',)
19:38:57 - INF - get - ('user_id en token: 3',)
19:38:57 - INF - get - ('Servicio de vista de todas las publicaciones ejecutándose',)
19:38:57 - INF - get - ('Resultado BD: True',)
19:38:57 - INF - get - ('Usuario encontrado: empresa1',)
19:38:57 - INF - get - ('Servicio de usuario actual ejecutándose',)
19:38:57 - INF - get - ('Token recibido: Sí',)
19:38:57 - INF - get - ('Token limpiado: eyJhbGciOiJIUzI1NiIs...',)
19:38:57 - INF - get - ('Token válido: True',)
19:38:57 - INF - get - ('Resultado decodificación: True',)
19:38:57 - INF - get - ('user_id en token: 3',)
19:38:57 - INF - get - ('Resultado BD: True',)
19:38:57 - INF - get - ('Usuario encontrado: empresa1',)
19:39:13 - INF - get - ('Servicio para listar vacantes ejecutándose',)
19:39:13 - INF - get - ('Servicio para listar vacantes ejecutándose',)
19:39:15 - INF - get - ('Servicio para listar vacantes ejecutándose',)
19:39:15 - INF - get - ('Servicio para listar vacantes ejecutándose',)
19:39:16 - INF - get - ('Servicio para listar vacantes ejecutándose',)
19:39:16 - INF - get - ('Servicio para listar vacantes ejecutándose',)
19:43:48 - INF - get - ('Servicio para listar vacantes ejecutándose',)
19:45:11 - INF - get - ('Servicio para listar vacantes ejecutándose',)
19:45:11 - INF - get - ('Servicio para listar vacantes ejecutándose',)
19:45:21 - INF - get - ('Servicio para catálogos de vacantes ejecutándose',)
19:45:22 - INF - get - ('Servicio de consulta de usuarios ejecutándose',)
19:45:22 - INF - get - ('Servicio para catálogos de vacantes ejecutándose',)
19:45:22 - INF - get - ('Servicio de consulta de usuarios ejecutándose',)
19:45:24 - INF - get - ('Servicio para listar vacantes ejecutándose',)
19:45:24 - INF - get - ('Servicio para listar vacantes ejecutándose',)
19:45:58 - INF - get - ('Servicio para listar vacantes ejecutándose',)
19:45:58 - INF - get - ('Servicio para listar vacantes ejecutándose',)
19:46:06 - INF - get - ('Servicio para listar vacantes ejecutándose',)
19:46:10 - INF - get - ('Servicio para catálogos de vacantes ejecutándose',)
19:46:11 - INF - get - ('Servicio para catálogos de vacantes ejecutándose',)
19:46:21 - INF - get - ('Servicio para listar recursos ejecutándose',)
19:46:22 - INF - get - ('Servicio para listar recursos ejecutándose',)
19:46:32 - INF - get - ('Servicio de visualización de conversación ejecutándose',)
19:46:32 - INF - get - ('Faltan parámetros obligatorios en el query',)
19:46:32 - INF - get - ('Servicio de visualización de conversación ejecutándose',)
19:46:32 - INF - get - ('Faltan parámetros obligatorios en el query',)
19:46:33 - INF - get - ('Servicio de consulta de usuarios ejecutándose',)
19:46:34 - INF - get - ('Servicio de consulta de usuarios ejecutándose',)
19:46:35 - INF - get - ('Servicio para catálogos de vacantes ejecutándose',)
19:46:36 - INF - get - ('Servicio para catálogos de vacantes ejecutándose',)
19:46:39 - INF - get - ('Servicio para listar vacantes ejecutándose',)
19:46:40 - INF - get - ('Servicio para listar vacantes ejecutándose',)
19:46:44 - INF - get - ('Servicio para listar vacantes ejecutándose',)
19:46:44 - INF - get - ('Servicio para listar vacantes ejecutándose',)
19:46:48 - INF - get - ('Servicio de vista de todas las publicaciones ejecutándose',)
19:46:48 - INF - get - ('Servicio de vista de todas las publicaciones ejecutándose',)
19:47:38 - INF - post - ('Servicio de login ejecutandose',)
19:47:39 - INF - token_generate - ('Token generado para usuario: empresa1',)
19:47:39 - INF - get - ('Servicio de vista de todas las publicaciones ejecutándose',)
19:47:39 - INF - get - ('Servicio de usuario actual ejecutándose',)
19:47:39 - INF - get - ('Token recibido: Sí',)
19:47:39 - INF - get - ('Token limpiado: eyJhbGciOiJIUzI1NiIs...',)
19:47:39 - INF - get - ('Token válido: True',)
19:47:39 - INF - get - ('Resultado decodificación: True',)
19:47:39 - INF - get - ('user_id en token: 3',)
19:47:39 - INF - get - ('Servicio de vista de todas las publicaciones ejecutándose',)
19:47:39 - INF - get - ('Resultado BD: True',)
19:47:40 - INF - get - ('Usuario encontrado: empresa1',)
19:47:41 - INF - get - ('Servicio para catálogos de vacantes ejecutándose',)
19:47:42 - INF - get - ('Servicio para catálogos de vacantes ejecutándose',)
19:47:53 - INF - get - ('Servicio de visualización de conversación ejecutándose',)
19:47:53 - INF - get - ('Faltan parámetros obligatorios en el query',)
19:47:53 - INF - get - ('Servicio de visualización de conversación ejecutándose',)
19:47:53 - INF - get - ('Faltan parámetros obligatorios en el query',)
19:47:54 - INF - get - ('Servicio de consulta de usuarios ejecutándose',)
19:47:55 - INF - get - ('Servicio de consulta de usuarios ejecutándose',)
19:48:02 - INF - get - ('Servicio para listar recursos ejecutándose',)
19:48:02 - INF - get - ('Servicio para listar recursos ejecutándose',)
19:48:03 - INF - get - ('Servicio para catálogos de vacantes ejecutándose',)
19:48:04 - INF - get - ('Servicio para catálogos de vacantes ejecutándose',)
19:48:07 - INF - get - ('Servicio para listar vacantes ejecutándose',)
19:48:07 - INF - get - ('Servicio para listar vacantes ejecutándose',)
19:48:12 - INF - get - ('Servicio para listar vacantes ejecutándose',)
19:48:13 - INF - get - ('Servicio para listar vacantes ejecutándose',)
19:48:18 - INF - get - ('Servicio para listar vacantes ejecutándose',)
19:48:18 - INF - get - ('Servicio para listar vacantes ejecutándose',)
19:49:30 - INF - get - ('Servicio de consulta de usuarios ejecutándose',)
19:49:31 - INF - get - ('Servicio de consulta de usuarios ejecutándose',)
19:50:03 - INF - post - ('Servicio de login ejecutandose',)
19:50:03 - INF - token_generate - ('Token generado para usuario: empresa1',)
19:50:03 - INF - get - ('Servicio de consulta de usuarios ejecutándose',)
19:50:03 - INF - get - ('Servicio de usuario actual ejecutándose',)
19:50:03 - INF - get - ('Token recibido: Sí',)
19:50:03 - INF - get - ('Token limpiado: eyJhbGciOiJIUzI1NiIs...',)
19:50:03 - INF - get - ('Token válido: True',)
19:50:03 - INF - get - ('Resultado decodificación: True',)
19:50:03 - INF - get - ('user_id en token: 3',)
19:50:04 - INF - get - ('Resultado BD: True',)
19:50:04 - INF - get - ('Usuario encontrado: empresa1',)
19:50:04 - INF - get - ('Servicio de consulta de usuarios ejecutándose',)
19:50:23 - INF - get - ('Servicio de visualización de conversación ejecutándose',)
19:50:23 - INF - get - ('Faltan parámetros obligatorios en el query',)
19:50:23 - INF - get - ('Servicio de visualización de conversación ejecutándose',)
19:50:23 - INF - get - ('Faltan parámetros obligatorios en el query',)
19:50:23 - INF - get - ('Servicio de consulta de usuarios ejecutándose',)
19:50:24 - INF - get - ('Servicio de consulta de usuarios ejecutándose',)
19:50:26 - INF - get - ('Servicio para listar recursos ejecutándose',)
19:50:26 - INF - get - ('Servicio para listar recursos ejecutándose',)
19:50:28 - INF - get - ('Servicio para catálogos de vacantes ejecutándose',)
19:50:28 - INF - get - ('Servicio para catálogos de vacantes ejecutándose',)
19:50:31 - INF - get - ('Servicio para listar vacantes ejecutándose',)
19:50:32 - INF - get - ('Servicio para listar vacantes ejecutándose',)
19:50:37 - INF - get - ('Servicio para listar vacantes ejecutándose',)
19:50:37 - INF - get - ('Servicio para listar vacantes ejecutándose',)
19:50:44 - INF - get - ('Servicio de vista de todas las publicaciones ejecutándose',)
19:50:44 - INF - get - ('Servicio de vista de todas las publicaciones ejecutándose',)
