13:17:46 - INF - <module> - ('Servicio Iniciado',)
13:17:48 - INF - <module> - ('Servicio Iniciado',)
13:23:32 - INF - post - ('Servicio de login ejecutandose',)
13:23:36 - INF - post - ('Servicio de login ejecutandose',)
13:23:39 - INF - post - ('Servicio de login ejecutandose',)
13:23:39 - INF - post - ('Servicio de login ejecutandose',)
13:23:40 - INF - token_generate - ('Token generado para usuario: admin',)
13:23:40 - INF - token_generate - ('Token generado para usuario: admin',)
13:23:40 - INF - token_generate - ('Token generado para usuario: admin',)
13:23:40 - INF - token_generate - ('Token generado para usuario: admin',)
13:23:41 - INF - get - ('Servicio de vista de todas las publicaciones ejecutándose',)
13:23:41 - INF - get - ('Servicio de vista de todas las publicaciones ejecutándose',)
13:23:41 - INF - get - ('Servicio de vista de todas las publicaciones ejecutándose',)
13:23:45 - INF - get - ('Servicio de consulta de usuarios ejecutándose',)
13:23:45 - INF - token_validate - ('Token inválido: [object Object]',)
13:23:46 - INF - get - ('Servicio de consulta de usuarios ejecutándose',)
13:23:46 - INF - token_validate - ('Token inválido: [object Object]',)
13:33:24 - INF - get - ('Servicio de consulta de usuarios ejecutándose',)
13:33:24 - INF - token_validate - ('Token inválido: [object Object]',)
13:33:55 - INF - get - ('Servicio de consulta de usuarios ejecutándose',)
13:33:55 - INF - token_validate - ('Token inválido: [object Object]',)
13:35:41 - INF - get - ('Servicio de consulta de usuarios ejecutándose',)
13:35:41 - INF - token_validate - ('Token inválido: [object Object]',)
13:36:17 - INF - get - ('Servicio de consulta de usuarios ejecutándose',)
13:36:17 - INF - token_validate - ('Token inválido: [object Object]',)
16:33:18 - INF - get - ('Servicio de consulta de usuarios ejecutándose',)
16:33:18 - INF - token_validate - ('Token inválido: [object Object]',)
16:42:04 - INF - post - ('Servicio de login ejecutandose',)
16:42:04 - INF - token_generate - ('Token generado para usuario: admin',)
16:42:04 - INF - get - ('Servicio de vista de todas las publicaciones ejecutándose',)
16:42:05 - INF - get - ('Servicio de vista de todas las publicaciones ejecutándose',)
16:42:14 - INF - post - ('Servicio de login ejecutandose',)
16:42:14 - INF - token_generate - ('Token generado para usuario: admin',)
16:42:15 - INF - get - ('Servicio de vista de todas las publicaciones ejecutándose',)
16:42:15 - INF - get - ('Servicio de vista de todas las publicaciones ejecutándose',)
16:42:18 - INF - get - ('Servicio de consulta de usuarios ejecutándose',)
16:42:19 - INF - get - ('Servicio de consulta de usuarios ejecutándose',)
16:43:25 - INF - post - ('Servicio de login ejecutandose',)
16:43:26 - INF - token_generate - ('Token generado para usuario: admin',)
16:43:26 - INF - get - ('Servicio de consulta de usuarios ejecutándose',)
16:43:27 - INF - get - ('Servicio de consulta de usuarios ejecutándose',)
16:44:07 - INF - get - ('Servicio de usuario actual ejecutándose',)
16:45:09 - INF - post - ('Servicio de login ejecutandose',)
16:45:09 - INF - token_generate - ('Token generado para usuario: admin',)
16:45:10 - INF - get - ('Servicio de consulta de usuarios ejecutándose',)
16:45:10 - INF - get - ('Servicio de usuario actual ejecutándose',)
16:45:10 - INF - get - ('Servicio de consulta de usuarios ejecutándose',)
16:45:35 - INF - post - ('Servicio de login ejecutandose',)
16:45:36 - INF - token_generate - ('Token generado para usuario: admin',)
16:45:36 - INF - get - ('Servicio de vista de todas las publicaciones ejecutándose',)
16:45:36 - INF - get - ('Servicio de usuario actual ejecutándose',)
16:45:37 - INF - get - ('Servicio de vista de todas las publicaciones ejecutándose',)
16:49:43 - INF - post - ('Servicio de login ejecutandose',)
16:49:44 - INF - token_generate - ('Token generado para usuario: admin',)
16:49:44 - INF - get - ('Servicio de vista de todas las publicaciones ejecutándose',)
16:49:44 - INF - get - ('Servicio de usuario actual ejecutándose',)
16:49:44 - INF - get - ('Servicio de vista de todas las publicaciones ejecutándose',)
16:50:08 - INF - post - ('Servicio de login ejecutandose',)
16:50:09 - INF - token_generate - ('Token generado para usuario: admin',)
16:50:09 - INF - get - ('Servicio de vista de todas las publicaciones ejecutándose',)
16:50:09 - INF - get - ('Servicio de usuario actual ejecutándose',)
16:50:09 - INF - get - ('Servicio de vista de todas las publicaciones ejecutándose',)
17:01:23 - INF - post - ('Servicio de login ejecutandose',)
17:01:23 - INF - token_generate - ('Token generado para usuario: admin',)
17:01:23 - INF - get - ('Servicio de vista de todas las publicaciones ejecutándose',)
17:01:23 - INF - get - ('Servicio de usuario actual ejecutándose',)
17:01:24 - INF - get - ('Servicio de vista de todas las publicaciones ejecutándose',)
17:02:07 - INF - get - ('Servicio para listar recursos ejecutándose',)
17:02:07 - INF - get - ('Servicio de vista de todas las publicaciones ejecutándose',)
17:02:07 - INF - get - ('Servicio para listar recursos ejecutándose',)
17:02:07 - INF - get - ('Servicio de vista de todas las publicaciones ejecutándose',)
17:02:09 - INF - get - ('Servicio de vista de todas las publicaciones ejecutándose',)
17:02:10 - INF - get - ('Servicio de vista de todas las publicaciones ejecutándose',)
17:02:13 - INF - get - ('Servicio de consulta de usuarios ejecutándose',)
17:02:13 - INF - token_validate - ('Token inválido: [object Object]',)
17:02:13 - INF - get - ('Servicio de consulta de usuarios ejecutándose',)
17:02:13 - INF - token_validate - ('Token inválido: [object Object]',)
17:02:14 - INF - get - ('Servicio de vista de todas las publicaciones ejecutándose',)
17:02:15 - INF - get - ('Servicio de vista de todas las publicaciones ejecutándose',)
17:02:16 - INF - get - ('Servicio de consulta de usuarios ejecutándose',)
17:02:16 - INF - token_validate - ('Token inválido: [object Object]',)
17:02:16 - INF - get - ('Servicio de consulta de usuarios ejecutándose',)
17:02:16 - INF - token_validate - ('Token inválido: [object Object]',)
17:02:17 - INF - get - ('Servicio de vista de todas las publicaciones ejecutándose',)
17:02:17 - INF - get - ('Servicio de vista de todas las publicaciones ejecutándose',)
17:11:23 - INF - <module> - ('Servicio Finalizado',)
17:11:25 - INF - <module> - ('Servicio Iniciado',)
17:11:31 - INF - <module> - ('Servicio Finalizado',)
17:11:33 - INF - <module> - ('Servicio Finalizado',)
23:10:30 - INF - <module> - ('Servicio Iniciado',)
23:10:31 - INF - <module> - ('Servicio Iniciado',)
23:10:43 - INF - post - ('Servicio de login ejecutandose',)
23:10:52 - INF - token_generate - ('Token generado para usuario: admin',)
23:10:52 - INF - get - ('Servicio de vista de todas las publicaciones ejecutándose',)
23:10:53 - INF - get - ('Servicio de usuario actual ejecutándose',)
23:10:53 - INF - get - ('Token recibido: Sí',)
23:10:53 - INF - get - ('Token limpiado: eyJhbGciOiJIUzI1NiIs...',)
23:10:53 - INF - get - ('Token válido: True',)
23:10:53 - INF - get - ('Resultado decodificación: True',)
23:10:53 - INF - get - ('user_id en token: 1',)
23:10:53 - INF - get - ("EXCEPCIÓN: type object 'UserComponent' has no attribute 'get_user_by_id'",)
23:10:53 - INF - get - ('Servicio de vista de todas las publicaciones ejecutándose',)
23:12:04 - INF - post - ('Servicio de login ejecutandose',)
23:12:04 - INF - token_generate - ('Token generado para usuario: admin',)
23:12:04 - INF - get - ('Servicio de vista de todas las publicaciones ejecutándose',)
23:12:05 - INF - get - ('Servicio de usuario actual ejecutándose',)
23:12:05 - INF - get - ('Token recibido: Sí',)
23:12:05 - INF - get - ('Token limpiado: eyJhbGciOiJIUzI1NiIs...',)
23:12:05 - INF - get - ('Token válido: True',)
23:12:05 - INF - get - ('Resultado decodificación: True',)
23:12:05 - INF - get - ('user_id en token: 1',)
23:12:05 - INF - get - ("EXCEPCIÓN: type object 'UserComponent' has no attribute 'get_user_by_id'",)
23:12:05 - INF - get - ('Servicio de vista de todas las publicaciones ejecutándose',)
23:21:27 - INF - <module> - ('Servicio Finalizado',)
23:21:29 - INF - <module> - ('Servicio Iniciado',)
23:21:47 - INF - post - ('Servicio de login ejecutandose',)
23:21:47 - INF - token_generate - ('Token generado para usuario: admin',)
23:21:47 - INF - get - ('Servicio de vista de todas las publicaciones ejecutándose',)
23:21:48 - INF - get - ('Servicio de usuario actual ejecutándose',)
23:21:48 - INF - get - ('Token recibido: Sí',)
23:21:48 - INF - get - ('Token limpiado: eyJhbGciOiJIUzI1NiIs...',)
23:21:48 - INF - get - ('Token válido: True',)
23:21:48 - INF - get - ('Resultado decodificación: True',)
23:21:48 - INF - get - ('user_id en token: 1',)
23:21:48 - INF - get - ('Servicio de vista de todas las publicaciones ejecutándose',)
23:21:48 - INF - get - ('Resultado BD: True',)
23:21:48 - INF - get - ('Usuario encontrado: admin',)
23:25:16 - INF - get - ('Servicio de consulta de usuarios ejecutándose',)
23:25:16 - INF - get - ('Servicio de consulta de usuarios ejecutándose',)
23:25:41 - INF - post - ('Servicio de login ejecutandose',)
23:25:42 - INF - token_generate - ('Token generado para usuario: admin',)
23:25:42 - INF - get - ('Servicio de vista de todas las publicaciones ejecutándose',)
23:25:42 - INF - get - ('Servicio de usuario actual ejecutándose',)
23:25:42 - INF - get - ('Token recibido: Sí',)
23:25:42 - INF - get - ('Token limpiado: eyJhbGciOiJIUzI1NiIs...',)
23:25:42 - INF - get - ('Token válido: True',)
23:25:42 - INF - get - ('Resultado decodificación: True',)
23:25:42 - INF - get - ('user_id en token: 1',)
23:25:42 - INF - get - ('Servicio de vista de todas las publicaciones ejecutándose',)
23:25:42 - INF - get - ('Resultado BD: True',)
23:25:42 - INF - get - ('Usuario encontrado: admin',)
23:25:53 - INF - get - ('Servicio de consulta de usuarios ejecutándose',)
23:25:53 - INF - get - ('Servicio de consulta de usuarios ejecutándose',)
23:37:07 - INF - <module> - ('Servicio Finalizado',)
23:37:09 - INF - <module> - ('Servicio Iniciado',)
23:37:14 - INF - <module> - ('Servicio Finalizado',)
23:37:15 - INF - <module> - ('Servicio Iniciado',)
23:37:23 - INF - <module> - ('Servicio Finalizado',)
23:37:25 - INF - <module> - ('Servicio Iniciado',)
23:37:30 - INF - <module> - ('Servicio Finalizado',)
23:37:32 - INF - <module> - ('Servicio Iniciado',)
23:37:55 - INF - <module> - ('Servicio Finalizado',)
23:37:56 - INF - <module> - ('Servicio Iniciado',)
23:38:50 - INF - post - ('Servicio de login ejecutandose',)
23:38:51 - INF - token_generate - ('Token generado para usuario: admin',)
23:38:51 - INF - get - ('Servicio de vista de todas las publicaciones ejecutándose',)
23:38:52 - INF - get - ('Servicio de usuario actual ejecutándose',)
23:38:52 - INF - get - ('Token recibido: Sí',)
23:38:52 - INF - get - ('Token limpiado: eyJhbGciOiJIUzI1NiIs...',)
23:38:52 - INF - get - ('Token válido: True',)
23:38:52 - INF - get - ('Resultado decodificación: True',)
23:38:52 - INF - get - ('user_id en token: 1',)
23:38:52 - INF - get - ('Servicio de vista de todas las publicaciones ejecutándose',)
23:38:52 - INF - get - ('Resultado BD: True',)
23:38:52 - INF - get - ('Usuario encontrado: admin',)
23:38:55 - INF - get - ('Servicio de consulta de usuarios ejecutándose',)
23:38:55 - INF - get - ('Servicio de consulta de usuarios ejecutándose',)
23:39:33 - INF - post - ('Servicio de login ejecutandose',)
23:39:33 - INF - post - ('Servicio de login ejecutandose',)
23:39:34 - INF - token_generate - ('Token generado para usuario: admin',)
23:39:34 - INF - token_generate - ('Token generado para usuario: admin',)
23:39:34 - INF - get - ('Servicio de vista de todas las publicaciones ejecutándose',)
23:39:34 - INF - get - ('Servicio de vista de todas las publicaciones ejecutándose',)
23:39:36 - INF - get - ('Servicio de consulta de usuarios ejecutándose',)
23:39:36 - INF - token_validate - ('Token inválido: [object Object]',)
23:39:37 - INF - get - ('Servicio de consulta de usuarios ejecutándose',)
23:39:37 - INF - token_validate - ('Token inválido: [object Object]',)
23:41:52 - INF - <module> - ('Servicio Finalizado',)
23:41:54 - INF - <module> - ('Servicio Iniciado',)
23:42:04 - INF - <module> - ('Servicio Finalizado',)
23:42:05 - INF - <module> - ('Servicio Iniciado',)
23:42:14 - INF - <module> - ('Servicio Finalizado',)
23:42:16 - INF - <module> - ('Servicio Iniciado',)
23:43:09 - INF - <module> - ('Servicio Finalizado',)
23:43:10 - INF - <module> - ('Servicio Finalizado',)
23:49:47 - INF - <module> - ('Servicio Iniciado',)
23:49:49 - INF - <module> - ('Servicio Iniciado',)
23:49:59 - INF - post - ('Servicio de login ejecutandose',)
23:50:00 - INF - token_generate - ('Token generado para usuario: admin',)
23:50:00 - INF - get - ('Servicio de vista de todas las publicaciones ejecutándose',)
23:50:00 - INF - get - ('Servicio de usuario actual ejecutándose',)
23:50:00 - INF - get - ('Token recibido: Sí',)
23:50:00 - INF - get - ('Token limpiado: eyJhbGciOiJIUzI1NiIs...',)
23:50:00 - INF - get - ('Token válido: True',)
23:50:00 - INF - get - ('Resultado decodificación: True',)
23:50:00 - INF - get - ('user_id en token: 1',)
23:50:01 - INF - get - ('Servicio de vista de todas las publicaciones ejecutándose',)
23:50:01 - INF - get - ('Resultado BD: True',)
23:50:01 - INF - get - ('Usuario encontrado: admin',)
23:50:07 - INF - get - ('Servicio de consulta de usuarios ejecutándose',)
23:50:08 - INF - get - ('Servicio de consulta de usuarios ejecutándose',)
23:50:42 - INF - get - ('Servicio de consulta de usuarios ejecutándose',)
23:50:42 - INF - get - ('Servicio de consulta de usuarios ejecutándose',)
23:50:43 - INF - get - ('Servicio de vista de todas las publicaciones ejecutándose',)
23:50:44 - INF - get - ('Servicio de vista de todas las publicaciones ejecutándose',)
23:52:30 - INF - get - ('Servicio de vista de todas las publicaciones ejecutándose',)
23:52:30 - INF - get - ('Servicio de usuario actual ejecutándose',)
23:52:30 - INF - get - ('Token recibido: Sí',)
23:52:30 - INF - get - ('Token limpiado: eyJhbGciOiJIUzI1NiIs...',)
23:52:30 - INF - get - ('Token válido: True',)
23:52:30 - INF - get - ('Resultado decodificación: True',)
23:52:30 - INF - get - ('user_id en token: 1',)
23:52:30 - INF - get - ('Servicio de vista de todas las publicaciones ejecutándose',)
23:52:30 - INF - get - ('Resultado BD: True',)
23:52:30 - INF - get - ('Usuario encontrado: admin',)
23:52:31 - INF - get - ('Servicio de usuario actual ejecutándose',)
23:52:31 - INF - get - ('Token recibido: Sí',)
23:52:31 - INF - get - ('Token limpiado: eyJhbGciOiJIUzI1NiIs...',)
23:52:31 - INF - get - ('Token válido: True',)
23:52:31 - INF - get - ('Resultado decodificación: True',)
23:52:31 - INF - get - ('user_id en token: 1',)
23:52:31 - INF - get - ('Resultado BD: True',)
23:52:31 - INF - get - ('Usuario encontrado: admin',)
23:52:32 - INF - get - ('Servicio de consulta de usuarios ejecutándose',)
23:52:32 - INF - get - ('Servicio de consulta de usuarios ejecutándose',)
23:52:33 - INF - get - ('Servicio para listar recursos ejecutándose',)
23:52:33 - INF - get - ('Servicio para listar recursos ejecutándose',)
23:52:40 - INF - get - ('Servicio de vista de todas las publicaciones ejecutándose',)
23:52:40 - INF - get - ('Servicio de vista de todas las publicaciones ejecutándose',)
23:52:41 - INF - get - ('Servicio para listar recursos ejecutándose',)
23:52:42 - INF - get - ('Servicio para listar recursos ejecutándose',)
23:52:42 - INF - get - ('Servicio de consulta de usuarios ejecutándose',)
23:52:42 - INF - get - ('Servicio de consulta de usuarios ejecutándose',)
23:52:48 - INF - get - ('Servicio de consulta de usuarios ejecutándose',)
23:52:48 - INF - get - ('Servicio de consulta de usuarios ejecutándose',)
23:52:49 - INF - get - ('Servicio de consulta de usuarios ejecutándose',)
23:52:49 - INF - get - ('Servicio de consulta de usuarios ejecutándose',)
23:52:52 - INF - get - ('Servicio de consulta de usuarios ejecutándose',)
23:52:53 - INF - get - ('Servicio de consulta de usuarios ejecutándose',)
23:52:57 - INF - get - ('Servicio para listar recursos ejecutándose',)
23:52:57 - INF - get - ('Servicio para listar recursos ejecutándose',)
23:52:59 - INF - get - ('Servicio de vista de todas las publicaciones ejecutándose',)
23:52:59 - INF - get - ('Servicio de vista de todas las publicaciones ejecutándose',)
23:53:01 - INF - get - ('Servicio de consulta de usuarios ejecutándose',)
23:53:02 - INF - get - ('Servicio de consulta de usuarios ejecutándose',)
23:53:03 - INF - get - ('Servicio para listar recursos ejecutándose',)
23:53:04 - INF - get - ('Servicio para listar recursos ejecutándose',)
23:53:18 - INF - get - ('Servicio para listar recursos ejecutándose',)
23:53:19 - INF - get - ('Servicio para listar recursos ejecutándose',)
23:53:22 - INF - get - ('Servicio de vista de todas las publicaciones ejecutándose',)
23:53:22 - INF - get - ('Servicio de vista de todas las publicaciones ejecutándose',)
23:53:28 - INF - get - ('Servicio para listar recursos ejecutándose',)
23:53:29 - INF - get - ('Servicio para listar recursos ejecutándose',)
23:58:28 - INF - post - ('Servicio para creación de recursos ejecutándose',)
23:58:28 - INF - create_resource - ("Error en la creación del recurso -> 'int' object is not subscriptable",)
23:58:28 - INF - get - ('Servicio para listar recursos ejecutándose',)
23:58:33 - INF - get - ('Servicio de vista de todas las publicaciones ejecutándose',)
23:58:33 - INF - get - ('Servicio de usuario actual ejecutándose',)
23:58:33 - INF - get - ('Token recibido: Sí',)
23:58:33 - INF - get - ('Token limpiado: eyJhbGciOiJIUzI1NiIs...',)
23:58:33 - INF - get - ('Token válido: True',)
23:58:33 - INF - get - ('Resultado decodificación: True',)
23:58:33 - INF - get - ('user_id en token: 1',)
23:58:33 - INF - get - ('Servicio de vista de todas las publicaciones ejecutándose',)
23:58:34 - INF - get - ('Resultado BD: True',)
23:58:34 - INF - get - ('Usuario encontrado: admin',)
23:58:34 - INF - get - ('Servicio de usuario actual ejecutándose',)
23:58:34 - INF - get - ('Token recibido: Sí',)
23:58:34 - INF - get - ('Token limpiado: eyJhbGciOiJIUzI1NiIs...',)
23:58:34 - INF - get - ('Token válido: True',)
23:58:34 - INF - get - ('Resultado decodificación: True',)
23:58:34 - INF - get - ('user_id en token: 1',)
23:58:34 - INF - get - ('Resultado BD: True',)
23:58:34 - INF - get - ('Usuario encontrado: admin',)
23:58:36 - INF - get - ('Servicio para listar recursos ejecutándose',)
23:58:36 - INF - get - ('Servicio para listar recursos ejecutándose',)
23:58:42 - INF - get - ('Servicio de consulta de usuarios ejecutándose',)
23:58:42 - INF - get - ('Servicio de consulta de usuarios ejecutándose',)
23:58:44 - INF - get - ('Servicio para listar recursos ejecutándose',)
23:58:45 - INF - get - ('Servicio para listar recursos ejecutándose',)
23:58:49 - INF - get - ('Servicio de consulta de usuarios ejecutándose',)
23:58:49 - INF - get - ('Servicio de consulta de usuarios ejecutándose',)
23:58:51 - INF - get - ('Servicio para listar recursos ejecutándose',)
23:58:51 - INF - get - ('Servicio para listar recursos ejecutándose',)
23:58:52 - INF - get - ('Servicio de vista de todas las publicaciones ejecutándose',)
23:58:53 - INF - get - ('Servicio de vista de todas las publicaciones ejecutándose',)
