07:47:50 - INF - <module> - ('Servicio MatchPP API Iniciado',)
07:47:51 - INF - <module> - ('Servicio MatchPP API Iniciado',)
08:02:48 - INF - <module> - ('Servicio MatchPP API Finalizado',)
08:02:48 - INF - <module> - ('Servicio MatchPP API Iniciado',)
08:03:18 - INF - <module> - ('Servicio MatchPP API Finalizado',)
08:03:19 - INF - <module> - ('Servicio MatchPP API Iniciado',)
08:07:17 - INF - <module> - ('Servicio MatchPP API Iniciado',)
08:07:17 - INF - <module> - ('Servicio MatchPP API Iniciado',)
08:07:41 - INF - post - ('Servicio de login ejecutandose',)
08:07:57 - INF - post - ('Servicio de login ejecutandose',)
08:08:16 - INF - post - ('Servicio de login ejecutandose',)
08:09:13 - INF - post - ('Servicio de registro ejecutándose',)
08:10:05 - INF - post - ('Servicio de login ejecutandose',)
08:10:09 - INF - token_generate - ('Token generado para usuario: carlos.mendoza',)
08:12:03 - INF - post - ('Servicio de login ejecutandose',)
08:12:04 - INF - token_generate - ('Token generado para usuario: techsolutions',)
08:18:10 - INF - post - ('Servicio de login ejecutandose',)
08:18:11 - INF - token_generate - ('Token generado para usuario: techsolutions',)
08:32:52 - INF - post - ('Servicio de login ejecutandose',)
08:32:53 - INF - token_generate - ('Token generado para usuario: techsolutions',)
08:37:02 - INF - post - ('Servicio de login ejecutandose',)
08:37:03 - INF - token_generate - ('Token generado para usuario: techsolutions',)
08:39:17 - INF - post - ('Servicio de login ejecutandose',)
08:39:18 - INF - token_generate - ('Token generado para usuario: techsolutions',)
08:42:22 - INF - post - ('Servicio de login ejecutandose',)
08:42:23 - INF - token_generate - ('Token generado para usuario: techsolutions',)
08:45:35 - INF - post - ('Servicio de login ejecutandose',)
08:45:36 - INF - token_generate - ('Token generado para usuario: techsolutions',)
08:47:50 - INF - <module> - ('Servicio MatchPP API Iniciado',)
08:47:50 - INF - <module> - ('Servicio MatchPP API Iniciado',)
08:49:31 - INF - post - ('Servicio de login ejecutandose',)
08:49:32 - INF - token_generate - ('Token generado para usuario: techsolutions',)
08:50:54 - INF - post - ('Servicio de login ejecutandose',)
08:50:55 - INF - token_generate - ('Token generado para usuario: techsolutions',)
08:52:18 - INF - token_validate - ('Token inválido: test',)
08:52:56 - INF - <module> - ('Servicio MatchPP API Finalizado',)
08:52:57 - INF - <module> - ('Servicio MatchPP API Iniciado',)
08:53:10 - INF - <module> - ('Servicio MatchPP API Finalizado',)
08:53:10 - INF - <module> - ('Servicio MatchPP API Iniciado',)
08:54:50 - INF - post - ('Servicio de login ejecutandose',)
08:54:51 - INF - token_generate - ('Token generado para usuario: techsolutions',)
